Data: /home/anhlq/Documents/2026-ltt/FuseLinker2026/fuselinker/suppkg
Checkpoint: /home/anhlq/Documents/2026-ltt/FuseLinker2026/fuselinker/compare_submodules/checkpoints/suppkg/pubmedbert_pretrained_embeddings_768/compare_model/domain_mlp_projector/seed_42/model_state.pth
Hyperparameters | seed=42 fusion=fixed domain_mlp_projector=True w=0.75 n_hidden=200 num_hidden_layers=2 num_bases=20 dropout=0.2 lr=0.001 reg_param=0.01 iterations=40000 graph_batch_size=250 graph_split_size=0.5 negative_sample=20 eval_protocol=filtered
Loading Pretrained Embeddings files...
Loaded Text Embeddings file successfully!
Loaded Domain Knowledge Embeddings file successfully!
w: 0.75
Data Processing...
# entities: 43474
# relations: 15
# edges: 305986
Loaded pretrained domain embeddings, freeze is False.
Domain map: MLPProjector.
Loaded pretrained text embeddings, freeze is False.
Initialized random relation embeddings.
cuda
Task 1 DistMult | Encoder: compare_submodules/model.py
/home/anhlq/Documents/2026-ltt/FuseLinker2026/.venv/lib/python3.10/site-packages/dgl/heterograph.py:92: DGLWarning: Recommend creating graphs by `dgl.graph(data)` instead of `dgl.DGLGraph(data)`.
  dgl_warning(
Start training (masked-entity DistMult)...
/home/anhlq/Documents/2026-ltt/FuseLinker2026/.venv/lib/python3.10/site-packages/dgl/heterograph.py:92: DGLWarning: Recommend creating graphs by `dgl.graph(data)` instead of `dgl.DGLGraph(data)`.
  dgl_warning(
Epoch 1000 | Loss 0.11514
Epoch 2000 | Loss 0.11408
Epoch 3000 | Loss 0.09906
Epoch 4000 | Loss 0.09762
Epoch 5000 | Loss 0.09521
Epoch 6000 | Loss 0.10072
Epoch 7000 | Loss 0.08794
Epoch 8000 | Loss 0.08849
Epoch 9000 | Loss 0.09106
Epoch 10000 | Loss 0.08572
Epoch 11000 | Loss 0.08500
Epoch 12000 | Loss 0.08348
Epoch 13000 | Loss 0.09385
Epoch 14000 | Loss 0.08544
Epoch 15000 | Loss 0.08294
Epoch 16000 | Loss 0.09029
Epoch 17000 | Loss 0.08220
Epoch 18000 | Loss 0.07808
Epoch 19000 | Loss 0.09345
Epoch 20000 | Loss 0.07971
Epoch 21000 | Loss 0.08538
Epoch 22000 | Loss 0.08339
Epoch 23000 | Loss 0.07828
Epoch 24000 | Loss 0.07758
Epoch 25000 | Loss 0.07555
Epoch 26000 | Loss 0.08067
Epoch 27000 | Loss 0.07703
Epoch 28000 | Loss 0.07500
Epoch 29000 | Loss 0.07982
Epoch 30000 | Loss 0.07192
Epoch 31000 | Loss 0.07462
Epoch 32000 | Loss 0.07562
Epoch 33000 | Loss 0.07249
Epoch 34000 | Loss 0.07911
Epoch 35000 | Loss 0.07407
Epoch 36000 | Loss 0.08746
Epoch 37000 | Loss 0.07721
Epoch 38000 | Loss 0.07346
Epoch 39000 | Loss 0.07892
Epoch 40000 | Loss 0.07629
Evaluating TEST: encode on test_graph (FuseLinker original main.py protocol).
13.910243511199951
MR: 2.709304
MRR: 0.738803
Hits @ 1 = 0.623011
Hits @ 3 = 0.821890
Hits @ 10 = 0.956616
AUROC: 0.976643
ROC curve saved: /home/anhlq/Documents/2026-ltt/FuseLinker2026/fuselinker/compare_submodules/checkpoints/suppkg/pubmedbert_pretrained_embeddings_768/compare_model/domain_mlp_projector/seed_42/roc_curve.png
Metrics saved: /home/anhlq/Documents/2026-ltt/FuseLinker2026/fuselinker/compare_submodules/checkpoints/suppkg/pubmedbert_pretrained_embeddings_768/compare_model/domain_mlp_projector/seed_42/metrics.json
Training done!
