Data: /home/anhlq/Documents/2026-ltt/FuseLinker2026/fuselinker/suppkg
Checkpoint: /home/anhlq/Documents/2026-ltt/FuseLinker2026/fuselinker/compare_submodules/checkpoints/suppkg/bert_pretrained_embeddings_768/compare_model/seed_45/model_state.pth
Hyperparameters | seed=45 fusion=fixed domain_mlp_projector=False w=0.75 n_hidden=200 num_hidden_layers=2 num_bases=20 dropout=0.2 lr=0.001 reg_param=0.01 iterations=40000 graph_batch_size=250 graph_split_size=0.5 negative_sample=20 eval_protocol=filtered
Loading Pretrained Embeddings files...
Loaded Text Embeddings file successfully!
Loaded Domain Knowledge Embeddings file successfully!
w: 0.75
Data Processing...
# entities: 43474
# relations: 15
# edges: 305986
Loaded pretrained domain embeddings, freeze is False.
Domain map: Linear.
Loaded pretrained text embeddings, freeze is False.
Initialized random relation embeddings.
cuda
Task 1 DistMult | Encoder: compare_submodules/model.py
/home/anhlq/Documents/2026-ltt/FuseLinker2026/.venv/lib/python3.10/site-packages/dgl/heterograph.py:92: DGLWarning: Recommend creating graphs by `dgl.graph(data)` instead of `dgl.DGLGraph(data)`.
  dgl_warning(
Start training (masked-entity DistMult)...
/home/anhlq/Documents/2026-ltt/FuseLinker2026/.venv/lib/python3.10/site-packages/dgl/heterograph.py:92: DGLWarning: Recommend creating graphs by `dgl.graph(data)` instead of `dgl.DGLGraph(data)`.
  dgl_warning(
Epoch 1000 | Loss 0.12272
Epoch 2000 | Loss 0.10718
Epoch 3000 | Loss 0.10132
Epoch 4000 | Loss 0.10139
Epoch 5000 | Loss 0.09120
Epoch 6000 | Loss 0.09522
Epoch 7000 | Loss 0.09278
Epoch 8000 | Loss 0.09186
Epoch 9000 | Loss 0.08773
Epoch 10000 | Loss 0.09076
Epoch 11000 | Loss 0.09695
Epoch 12000 | Loss 0.08470
Epoch 13000 | Loss 0.08116
Epoch 14000 | Loss 0.09072
Epoch 15000 | Loss 0.08588
Epoch 16000 | Loss 0.08556
Epoch 17000 | Loss 0.08464
Epoch 18000 | Loss 0.08282
Epoch 19000 | Loss 0.07820
Epoch 20000 | Loss 0.08397
Epoch 21000 | Loss 0.08503
Epoch 22000 | Loss 0.08746
Epoch 23000 | Loss 0.07866
Epoch 24000 | Loss 0.08098
Epoch 25000 | Loss 0.07094
Epoch 26000 | Loss 0.07776
Epoch 27000 | Loss 0.08462
Epoch 28000 | Loss 0.07477
Epoch 29000 | Loss 0.07496
Epoch 30000 | Loss 0.07313
Epoch 31000 | Loss 0.08269
Epoch 32000 | Loss 0.07547
Epoch 33000 | Loss 0.07795
Epoch 34000 | Loss 0.08005
Epoch 35000 | Loss 0.07435
Epoch 36000 | Loss 0.07789
Epoch 37000 | Loss 0.07554
Epoch 38000 | Loss 0.07523
Epoch 39000 | Loss 0.07445
Epoch 40000 | Loss 0.07413
Evaluating TEST: encode on test_graph (FuseLinker original main.py protocol).
13.796759605407715
MR: 2.971992
MRR: 0.723615
Hits @ 1 = 0.607683
Hits @ 3 = 0.803605
Hits @ 10 = 0.944949
AUROC: 0.967892
ROC curve saved: /home/anhlq/Documents/2026-ltt/FuseLinker2026/fuselinker/compare_submodules/checkpoints/suppkg/bert_pretrained_embeddings_768/compare_model/seed_45/roc_curve.png
Metrics saved: /home/anhlq/Documents/2026-ltt/FuseLinker2026/fuselinker/compare_submodules/checkpoints/suppkg/bert_pretrained_embeddings_768/compare_model/seed_45/metrics.json
Training done!
