Data: /home/anhlq/Documents/2026-ltt/FuseLinker2026/fuselinker/suppkg
Checkpoint: /home/anhlq/Documents/2026-ltt/FuseLinker2026/fuselinker/compare_submodules/checkpoints/suppkg/bert_pretrained_embeddings_768/compare_model/domain_mlp_projector/seed_46/model_state.pth
Hyperparameters | seed=46 fusion=fixed domain_mlp_projector=True w=0.75 n_hidden=200 num_hidden_layers=2 num_bases=20 dropout=0.2 lr=0.001 reg_param=0.01 iterations=40000 graph_batch_size=250 graph_split_size=0.5 negative_sample=20 eval_protocol=filtered
Loading Pretrained Embeddings files...
Loaded Text Embeddings file successfully!
Loaded Domain Knowledge Embeddings file successfully!
w: 0.75
Data Processing...
# entities: 43474
# relations: 15
# edges: 305986
Loaded pretrained domain embeddings, freeze is False.
Domain map: MLPProjector.
Loaded pretrained text embeddings, freeze is False.
Initialized random relation embeddings.
cuda
Task 1 DistMult | Encoder: compare_submodules/model.py
/home/anhlq/Documents/2026-ltt/FuseLinker2026/.venv/lib/python3.10/site-packages/dgl/heterograph.py:92: DGLWarning: Recommend creating graphs by `dgl.graph(data)` instead of `dgl.DGLGraph(data)`.
  dgl_warning(
Start training (masked-entity DistMult)...
/home/anhlq/Documents/2026-ltt/FuseLinker2026/.venv/lib/python3.10/site-packages/dgl/heterograph.py:92: DGLWarning: Recommend creating graphs by `dgl.graph(data)` instead of `dgl.DGLGraph(data)`.
  dgl_warning(
Epoch 1000 | Loss 0.12623
Epoch 2000 | Loss 0.11355
Epoch 3000 | Loss 0.10528
Epoch 4000 | Loss 0.09835
Epoch 5000 | Loss 0.09425
Epoch 6000 | Loss 0.10106
Epoch 7000 | Loss 0.09061
Epoch 8000 | Loss 0.09120
Epoch 9000 | Loss 0.09167
Epoch 10000 | Loss 0.09362
Epoch 11000 | Loss 0.09578
Epoch 12000 | Loss 0.08842
Epoch 13000 | Loss 0.09364
Epoch 14000 | Loss 0.08541
Epoch 15000 | Loss 0.08732
Epoch 16000 | Loss 0.08692
Epoch 17000 | Loss 0.08789
Epoch 18000 | Loss 0.08133
Epoch 19000 | Loss 0.07601
Epoch 20000 | Loss 0.07597
Epoch 21000 | Loss 0.08770
Epoch 22000 | Loss 0.08347
Epoch 23000 | Loss 0.08443
Epoch 24000 | Loss 0.08256
Epoch 25000 | Loss 0.07899
Epoch 26000 | Loss 0.08315
Epoch 27000 | Loss 0.07803
Epoch 28000 | Loss 0.08032
Epoch 29000 | Loss 0.07668
Epoch 30000 | Loss 0.07940
Epoch 31000 | Loss 0.07933
Epoch 32000 | Loss 0.07871
Epoch 33000 | Loss 0.07758
Epoch 34000 | Loss 0.07678
Epoch 35000 | Loss 0.07532
Epoch 36000 | Loss 0.07993
Epoch 37000 | Loss 0.07948
Epoch 38000 | Loss 0.07683
Epoch 39000 | Loss 0.07868
Epoch 40000 | Loss 0.07027
Evaluating TEST: encode on test_graph (FuseLinker original main.py protocol).
14.003558158874512
MR: 2.764012
MRR: 0.732425
Hits @ 1 = 0.615478
Hits @ 3 = 0.813621
Hits @ 10 = 0.953201
AUROC: 0.981029
ROC curve saved: /home/anhlq/Documents/2026-ltt/FuseLinker2026/fuselinker/compare_submodules/checkpoints/suppkg/bert_pretrained_embeddings_768/compare_model/domain_mlp_projector/seed_46/roc_curve.png
Metrics saved: /home/anhlq/Documents/2026-ltt/FuseLinker2026/fuselinker/compare_submodules/checkpoints/suppkg/bert_pretrained_embeddings_768/compare_model/domain_mlp_projector/seed_46/metrics.json
Training done!
