Data: /home/anhlq/Documents/2026-ltt/FuseLinker2026/fuselinker/suppkg
Checkpoint: /home/anhlq/Documents/2026-ltt/FuseLinker2026/fuselinker/compare_submodules/checkpoints/suppkg/bert_pretrained_embeddings_768/compare_model/domain_mlp_projector/seed_43/model_state.pth
Hyperparameters | seed=43 fusion=fixed domain_mlp_projector=True w=0.75 n_hidden=200 num_hidden_layers=2 num_bases=20 dropout=0.2 lr=0.001 reg_param=0.01 iterations=40000 graph_batch_size=250 graph_split_size=0.5 negative_sample=20 eval_protocol=filtered
Loading Pretrained Embeddings files...
Loaded Text Embeddings file successfully!
Loaded Domain Knowledge Embeddings file successfully!
w: 0.75
Data Processing...
# entities: 43474
# relations: 15
# edges: 305986
Loaded pretrained domain embeddings, freeze is False.
Domain map: MLPProjector.
Loaded pretrained text embeddings, freeze is False.
Initialized random relation embeddings.
cuda
Task 1 DistMult | Encoder: compare_submodules/model.py
/home/anhlq/Documents/2026-ltt/FuseLinker2026/.venv/lib/python3.10/site-packages/dgl/heterograph.py:92: DGLWarning: Recommend creating graphs by `dgl.graph(data)` instead of `dgl.DGLGraph(data)`.
  dgl_warning(
Start training (masked-entity DistMult)...
/home/anhlq/Documents/2026-ltt/FuseLinker2026/.venv/lib/python3.10/site-packages/dgl/heterograph.py:92: DGLWarning: Recommend creating graphs by `dgl.graph(data)` instead of `dgl.DGLGraph(data)`.
  dgl_warning(
Epoch 1000 | Loss 0.12389
Epoch 2000 | Loss 0.10402
Epoch 3000 | Loss 0.10601
Epoch 4000 | Loss 0.09727
Epoch 5000 | Loss 0.10067
Epoch 6000 | Loss 0.09781
Epoch 7000 | Loss 0.09492
Epoch 8000 | Loss 0.09138
Epoch 9000 | Loss 0.09314
Epoch 10000 | Loss 0.09358
Epoch 11000 | Loss 0.08692
Epoch 12000 | Loss 0.08616
Epoch 13000 | Loss 0.08634
Epoch 14000 | Loss 0.08371
Epoch 15000 | Loss 0.08966
Epoch 16000 | Loss 0.08552
Epoch 17000 | Loss 0.08125
Epoch 18000 | Loss 0.08764
Epoch 19000 | Loss 0.08326
Epoch 20000 | Loss 0.07580
Epoch 21000 | Loss 0.08545
Epoch 22000 | Loss 0.08161
Epoch 23000 | Loss 0.08264
Epoch 24000 | Loss 0.07812
Epoch 25000 | Loss 0.07657
Epoch 26000 | Loss 0.08061
Epoch 27000 | Loss 0.07914
Epoch 28000 | Loss 0.08360
Epoch 29000 | Loss 0.07991
Epoch 30000 | Loss 0.08033
Epoch 31000 | Loss 0.07031
Epoch 32000 | Loss 0.08043
Epoch 33000 | Loss 0.07831
Epoch 34000 | Loss 0.08856
Epoch 35000 | Loss 0.07910
Epoch 36000 | Loss 0.08050
Epoch 37000 | Loss 0.07597
Epoch 38000 | Loss 0.07758
Epoch 39000 | Loss 0.07411
Epoch 40000 | Loss 0.07922
Evaluating TEST: encode on test_graph (FuseLinker original main.py protocol).
13.78812313079834
MR: 2.899474
MRR: 0.727658
Hits @ 1 = 0.611245
Hits @ 3 = 0.807886
Hits @ 10 = 0.948250
AUROC: 0.971796
ROC curve saved: /home/anhlq/Documents/2026-ltt/FuseLinker2026/fuselinker/compare_submodules/checkpoints/suppkg/bert_pretrained_embeddings_768/compare_model/domain_mlp_projector/seed_43/roc_curve.png
Metrics saved: /home/anhlq/Documents/2026-ltt/FuseLinker2026/fuselinker/compare_submodules/checkpoints/suppkg/bert_pretrained_embeddings_768/compare_model/domain_mlp_projector/seed_43/metrics.json
Training done!
