Data: /home/anhlq/Documents/2026-ltt/FuseLinker2026/fuselinker/suppkg
Checkpoint: /home/anhlq/Documents/2026-ltt/FuseLinker2026/fuselinker/compare_submodules/checkpoints/suppkg/pubmedbert_pretrained_embeddings_768/compare_model/domain_mlp_projector/seed_45/model_state.pth
Hyperparameters | seed=45 fusion=fixed domain_mlp_projector=True w=0.75 n_hidden=200 num_hidden_layers=2 num_bases=20 dropout=0.2 lr=0.001 reg_param=0.01 iterations=40000 graph_batch_size=250 graph_split_size=0.5 negative_sample=20 eval_protocol=filtered
Loading Pretrained Embeddings files...
Loaded Text Embeddings file successfully!
Loaded Domain Knowledge Embeddings file successfully!
w: 0.75
Data Processing...
# entities: 43474
# relations: 15
# edges: 305986
Loaded pretrained domain embeddings, freeze is False.
Domain map: MLPProjector.
Loaded pretrained text embeddings, freeze is False.
Initialized random relation embeddings.
cuda
Task 1 DistMult | Encoder: compare_submodules/model.py
/home/anhlq/Documents/2026-ltt/FuseLinker2026/.venv/lib/python3.10/site-packages/dgl/heterograph.py:92: DGLWarning: Recommend creating graphs by `dgl.graph(data)` instead of `dgl.DGLGraph(data)`.
  dgl_warning(
Start training (masked-entity DistMult)...
/home/anhlq/Documents/2026-ltt/FuseLinker2026/.venv/lib/python3.10/site-packages/dgl/heterograph.py:92: DGLWarning: Recommend creating graphs by `dgl.graph(data)` instead of `dgl.DGLGraph(data)`.
  dgl_warning(
Epoch 1000 | Loss 0.12173
Epoch 2000 | Loss 0.10381
Epoch 3000 | Loss 0.09965
Epoch 4000 | Loss 0.10258
Epoch 5000 | Loss 0.09094
Epoch 6000 | Loss 0.09627
Epoch 7000 | Loss 0.09129
Epoch 8000 | Loss 0.09312
Epoch 9000 | Loss 0.08609
Epoch 10000 | Loss 0.08850
Epoch 11000 | Loss 0.09649
Epoch 12000 | Loss 0.08601
Epoch 13000 | Loss 0.08564
Epoch 14000 | Loss 0.08700
Epoch 15000 | Loss 0.08571
Epoch 16000 | Loss 0.08487
Epoch 17000 | Loss 0.08240
Epoch 18000 | Loss 0.08462
Epoch 19000 | Loss 0.07910
Epoch 20000 | Loss 0.08472
Epoch 21000 | Loss 0.08614
Epoch 22000 | Loss 0.08676
Epoch 23000 | Loss 0.07913
Epoch 24000 | Loss 0.08089
Epoch 25000 | Loss 0.07383
Epoch 26000 | Loss 0.08025
Epoch 27000 | Loss 0.08621
Epoch 28000 | Loss 0.07738
Epoch 29000 | Loss 0.07688
Epoch 30000 | Loss 0.07435
Epoch 31000 | Loss 0.08572
Epoch 32000 | Loss 0.07230
Epoch 33000 | Loss 0.07600
Epoch 34000 | Loss 0.07763
Epoch 35000 | Loss 0.07761
Epoch 36000 | Loss 0.07626
Epoch 37000 | Loss 0.07582
Epoch 38000 | Loss 0.07537
Epoch 39000 | Loss 0.07217
Epoch 40000 | Loss 0.07453
Evaluating TEST: encode on test_graph (FuseLinker original main.py protocol).
13.693255186080933
MR: 2.857904
MRR: 0.730106
Hits @ 1 = 0.614040
Hits @ 3 = 0.810974
Hits @ 10 = 0.950374
AUROC: 0.975871
ROC curve saved: /home/anhlq/Documents/2026-ltt/FuseLinker2026/fuselinker/compare_submodules/checkpoints/suppkg/pubmedbert_pretrained_embeddings_768/compare_model/domain_mlp_projector/seed_45/roc_curve.png
Metrics saved: /home/anhlq/Documents/2026-ltt/FuseLinker2026/fuselinker/compare_submodules/checkpoints/suppkg/pubmedbert_pretrained_embeddings_768/compare_model/domain_mlp_projector/seed_45/metrics.json
Training done!
