Data: /home/anhlq/Documents/2026-ltt/FuseLinker2026/fuselinker/suppkg
Checkpoint: /home/anhlq/Documents/2026-ltt/FuseLinker2026/fuselinker/compare_submodules/checkpoints/suppkg/bert_pretrained_embeddings_768/compare_model/seed_43/model_state.pth
Hyperparameters | seed=43 fusion=fixed domain_mlp_projector=False w=0.75 n_hidden=200 num_hidden_layers=2 num_bases=20 dropout=0.2 lr=0.001 reg_param=0.01 iterations=40000 graph_batch_size=250 graph_split_size=0.5 negative_sample=20 eval_protocol=filtered
Loading Pretrained Embeddings files...
Loaded Text Embeddings file successfully!
Loaded Domain Knowledge Embeddings file successfully!
w: 0.75
Data Processing...
# entities: 43474
# relations: 15
# edges: 305986
Loaded pretrained domain embeddings, freeze is False.
Domain map: Linear.
Loaded pretrained text embeddings, freeze is False.
Initialized random relation embeddings.
cuda
Task 1 DistMult | Encoder: compare_submodules/model.py
/home/anhlq/Documents/2026-ltt/FuseLinker2026/.venv/lib/python3.10/site-packages/dgl/heterograph.py:92: DGLWarning: Recommend creating graphs by `dgl.graph(data)` instead of `dgl.DGLGraph(data)`.
  dgl_warning(
Start training (masked-entity DistMult)...
/home/anhlq/Documents/2026-ltt/FuseLinker2026/.venv/lib/python3.10/site-packages/dgl/heterograph.py:92: DGLWarning: Recommend creating graphs by `dgl.graph(data)` instead of `dgl.DGLGraph(data)`.
  dgl_warning(
Epoch 1000 | Loss 0.12347
Epoch 2000 | Loss 0.10420
Epoch 3000 | Loss 0.10247
Epoch 4000 | Loss 0.09930
Epoch 5000 | Loss 0.10149
Epoch 6000 | Loss 0.09917
Epoch 7000 | Loss 0.09645
Epoch 8000 | Loss 0.09599
Epoch 9000 | Loss 0.09561
Epoch 10000 | Loss 0.09486
Epoch 11000 | Loss 0.08623
Epoch 12000 | Loss 0.08707
Epoch 13000 | Loss 0.08509
Epoch 14000 | Loss 0.08729
Epoch 15000 | Loss 0.09331
Epoch 16000 | Loss 0.08729
Epoch 17000 | Loss 0.08085
Epoch 18000 | Loss 0.08826
Epoch 19000 | Loss 0.08062
Epoch 20000 | Loss 0.07734
Epoch 21000 | Loss 0.08441
Epoch 22000 | Loss 0.08294
Epoch 23000 | Loss 0.08108
Epoch 24000 | Loss 0.08121
Epoch 25000 | Loss 0.08135
Epoch 26000 | Loss 0.08284
Epoch 27000 | Loss 0.07601
Epoch 28000 | Loss 0.08625
Epoch 29000 | Loss 0.07541
Epoch 30000 | Loss 0.08136
Epoch 31000 | Loss 0.06769
Epoch 32000 | Loss 0.08146
Epoch 33000 | Loss 0.07947
Epoch 34000 | Loss 0.08223
Epoch 35000 | Loss 0.08231
Epoch 36000 | Loss 0.08254
Epoch 37000 | Loss 0.07712
Epoch 38000 | Loss 0.08055
Epoch 39000 | Loss 0.07777
Epoch 40000 | Loss 0.08316
Evaluating TEST: encode on test_graph (FuseLinker original main.py protocol).
13.630479574203491
MR: 2.924687
MRR: 0.733646
Hits @ 1 = 0.621017
Hits @ 3 = 0.810860
Hits @ 10 = 0.946763
AUROC: 0.969853
ROC curve saved: /home/anhlq/Documents/2026-ltt/FuseLinker2026/fuselinker/compare_submodules/checkpoints/suppkg/bert_pretrained_embeddings_768/compare_model/seed_43/roc_curve.png
Metrics saved: /home/anhlq/Documents/2026-ltt/FuseLinker2026/fuselinker/compare_submodules/checkpoints/suppkg/bert_pretrained_embeddings_768/compare_model/seed_43/metrics.json
Training done!
