Data: /home/anhlq/Documents/2026-ltt/FuseLinker2026/fuselinker/suppkg
Checkpoint: /home/anhlq/Documents/2026-ltt/FuseLinker2026/fuselinker/compare_submodules/checkpoints/suppkg/bert_pretrained_embeddings_768/compare_model/seed_42/model_state.pth
Hyperparameters | seed=42 fusion=fixed domain_mlp_projector=False w=0.75 n_hidden=200 num_hidden_layers=2 num_bases=20 dropout=0.2 lr=0.001 reg_param=0.01 iterations=40000 graph_batch_size=250 graph_split_size=0.5 negative_sample=20 eval_protocol=filtered
Loading Pretrained Embeddings files...
Loaded Text Embeddings file successfully!
Loaded Domain Knowledge Embeddings file successfully!
w: 0.75
Data Processing...
# entities: 43474
# relations: 15
# edges: 305986
Loaded pretrained domain embeddings, freeze is False.
Domain map: Linear.
Loaded pretrained text embeddings, freeze is False.
Initialized random relation embeddings.
cuda
Task 1 DistMult | Encoder: compare_submodules/model.py
/home/anhlq/Documents/2026-ltt/FuseLinker2026/.venv/lib/python3.10/site-packages/dgl/heterograph.py:92: DGLWarning: Recommend creating graphs by `dgl.graph(data)` instead of `dgl.DGLGraph(data)`.
  dgl_warning(
Start training (masked-entity DistMult)...
/home/anhlq/Documents/2026-ltt/FuseLinker2026/.venv/lib/python3.10/site-packages/dgl/heterograph.py:92: DGLWarning: Recommend creating graphs by `dgl.graph(data)` instead of `dgl.DGLGraph(data)`.
  dgl_warning(
Epoch 1000 | Loss 0.11722
Epoch 2000 | Loss 0.11569
Epoch 3000 | Loss 0.10322
Epoch 4000 | Loss 0.10107
Epoch 5000 | Loss 0.10058
Epoch 6000 | Loss 0.10158
Epoch 7000 | Loss 0.08970
Epoch 8000 | Loss 0.09311
Epoch 9000 | Loss 0.09641
Epoch 10000 | Loss 0.08838
Epoch 11000 | Loss 0.08668
Epoch 12000 | Loss 0.08701
Epoch 13000 | Loss 0.09359
Epoch 14000 | Loss 0.08472
Epoch 15000 | Loss 0.08755
Epoch 16000 | Loss 0.08872
Epoch 17000 | Loss 0.08387
Epoch 18000 | Loss 0.07880
Epoch 19000 | Loss 0.09670
Epoch 20000 | Loss 0.08524
Epoch 21000 | Loss 0.08649
Epoch 22000 | Loss 0.08407
Epoch 23000 | Loss 0.08261
Epoch 24000 | Loss 0.07618
Epoch 25000 | Loss 0.07911
Epoch 26000 | Loss 0.07964
Epoch 27000 | Loss 0.07932
Epoch 28000 | Loss 0.08052
Epoch 29000 | Loss 0.08036
Epoch 30000 | Loss 0.08208
Epoch 31000 | Loss 0.08317
Epoch 32000 | Loss 0.08037
Epoch 33000 | Loss 0.07601
Epoch 34000 | Loss 0.07648
Epoch 35000 | Loss 0.07895
Epoch 36000 | Loss 0.08293
Epoch 37000 | Loss 0.07937
Epoch 38000 | Loss 0.07661
Epoch 39000 | Loss 0.08357
Epoch 40000 | Loss 0.07269
Evaluating TEST: encode on test_graph (FuseLinker original main.py protocol).
13.823915481567383
MR: 2.957155
MRR: 0.724537
Hits @ 1 = 0.608745
Hits @ 3 = 0.803703
Hits @ 10 = 0.946420
AUROC: 0.967914
ROC curve saved: /home/anhlq/Documents/2026-ltt/FuseLinker2026/fuselinker/compare_submodules/checkpoints/suppkg/bert_pretrained_embeddings_768/compare_model/seed_42/roc_curve.png
Metrics saved: /home/anhlq/Documents/2026-ltt/FuseLinker2026/fuselinker/compare_submodules/checkpoints/suppkg/bert_pretrained_embeddings_768/compare_model/seed_42/metrics.json
Training done!
