Data: /home/anhlq/Documents/2026-ltt/FuseLinker2026/fuselinker/suppkg
Checkpoint: /home/anhlq/Documents/2026-ltt/FuseLinker2026/fuselinker/compare_submodules/checkpoints/suppkg/bert_pretrained_embeddings_768/compare_model/domain_mlp_projector/seed_44/model_state.pth
Hyperparameters | seed=44 fusion=fixed domain_mlp_projector=True w=0.75 n_hidden=200 num_hidden_layers=2 num_bases=20 dropout=0.2 lr=0.001 reg_param=0.01 iterations=40000 graph_batch_size=250 graph_split_size=0.5 negative_sample=20 eval_protocol=filtered
Loading Pretrained Embeddings files...
Loaded Text Embeddings file successfully!
Loaded Domain Knowledge Embeddings file successfully!
w: 0.75
Data Processing...
# entities: 43474
# relations: 15
# edges: 305986
Loaded pretrained domain embeddings, freeze is False.
Domain map: MLPProjector.
Loaded pretrained text embeddings, freeze is False.
Initialized random relation embeddings.
cuda
Task 1 DistMult | Encoder: compare_submodules/model.py
/home/anhlq/Documents/2026-ltt/FuseLinker2026/.venv/lib/python3.10/site-packages/dgl/heterograph.py:92: DGLWarning: Recommend creating graphs by `dgl.graph(data)` instead of `dgl.DGLGraph(data)`.
  dgl_warning(
Start training (masked-entity DistMult)...
/home/anhlq/Documents/2026-ltt/FuseLinker2026/.venv/lib/python3.10/site-packages/dgl/heterograph.py:92: DGLWarning: Recommend creating graphs by `dgl.graph(data)` instead of `dgl.DGLGraph(data)`.
  dgl_warning(
Epoch 1000 | Loss 0.12600
Epoch 2000 | Loss 0.10397
Epoch 3000 | Loss 0.10168
Epoch 4000 | Loss 0.09814
Epoch 5000 | Loss 0.09605
Epoch 6000 | Loss 0.09706
Epoch 7000 | Loss 0.09448
Epoch 8000 | Loss 0.08896
Epoch 9000 | Loss 0.09486
Epoch 10000 | Loss 0.08816
Epoch 11000 | Loss 0.08238
Epoch 12000 | Loss 0.09037
Epoch 13000 | Loss 0.08649
Epoch 14000 | Loss 0.08405
Epoch 15000 | Loss 0.07722
Epoch 16000 | Loss 0.08009
Epoch 17000 | Loss 0.08358
Epoch 18000 | Loss 0.08168
Epoch 19000 | Loss 0.07963
Epoch 20000 | Loss 0.08427
Epoch 21000 | Loss 0.07441
Epoch 22000 | Loss 0.07981
Epoch 23000 | Loss 0.08683
Epoch 24000 | Loss 0.08317
Epoch 25000 | Loss 0.08524
Epoch 26000 | Loss 0.08205
Epoch 27000 | Loss 0.08047
Epoch 28000 | Loss 0.08309
Epoch 29000 | Loss 0.07395
Epoch 30000 | Loss 0.07781
Epoch 31000 | Loss 0.08050
Epoch 32000 | Loss 0.07697
Epoch 33000 | Loss 0.07494
Epoch 34000 | Loss 0.08053
Epoch 35000 | Loss 0.07672
Epoch 36000 | Loss 0.07876
Epoch 37000 | Loss 0.08246
Epoch 38000 | Loss 0.08019
Epoch 39000 | Loss 0.07860
Epoch 40000 | Loss 0.06796
Evaluating TEST: encode on test_graph (FuseLinker original main.py protocol).
13.572254419326782
MR: 2.738243
MRR: 0.736036
Hits @ 1 = 0.619546
Hits @ 3 = 0.819488
Hits @ 10 = 0.955064
AUROC: 0.975903
ROC curve saved: /home/anhlq/Documents/2026-ltt/FuseLinker2026/fuselinker/compare_submodules/checkpoints/suppkg/bert_pretrained_embeddings_768/compare_model/domain_mlp_projector/seed_44/roc_curve.png
Metrics saved: /home/anhlq/Documents/2026-ltt/FuseLinker2026/fuselinker/compare_submodules/checkpoints/suppkg/bert_pretrained_embeddings_768/compare_model/domain_mlp_projector/seed_44/metrics.json
Training done!
