Data: /home/anhlq/Documents/2026-ltt/FuseLinker2026/fuselinker/suppkg
Checkpoint: /home/anhlq/Documents/2026-ltt/FuseLinker2026/fuselinker/compare_submodules/checkpoints/suppkg/pubmedbert_pretrained_embeddings_768/compare_model/domain_mlp_projector/seed_44/model_state.pth
Hyperparameters | seed=44 fusion=fixed domain_mlp_projector=True w=0.75 n_hidden=200 num_hidden_layers=2 num_bases=20 dropout=0.2 lr=0.001 reg_param=0.01 iterations=40000 graph_batch_size=250 graph_split_size=0.5 negative_sample=20 eval_protocol=filtered
Loading Pretrained Embeddings files...
Loaded Text Embeddings file successfully!
Loaded Domain Knowledge Embeddings file successfully!
w: 0.75
Data Processing...
# entities: 43474
# relations: 15
# edges: 305986
Loaded pretrained domain embeddings, freeze is False.
Domain map: MLPProjector.
Loaded pretrained text embeddings, freeze is False.
Initialized random relation embeddings.
cuda
Task 1 DistMult | Encoder: compare_submodules/model.py
/home/anhlq/Documents/2026-ltt/FuseLinker2026/.venv/lib/python3.10/site-packages/dgl/heterograph.py:92: DGLWarning: Recommend creating graphs by `dgl.graph(data)` instead of `dgl.DGLGraph(data)`.
  dgl_warning(
Start training (masked-entity DistMult)...
/home/anhlq/Documents/2026-ltt/FuseLinker2026/.venv/lib/python3.10/site-packages/dgl/heterograph.py:92: DGLWarning: Recommend creating graphs by `dgl.graph(data)` instead of `dgl.DGLGraph(data)`.
  dgl_warning(
Epoch 1000 | Loss 0.12209
Epoch 2000 | Loss 0.10022
Epoch 3000 | Loss 0.10068
Epoch 4000 | Loss 0.09784
Epoch 5000 | Loss 0.09714
Epoch 6000 | Loss 0.09426
Epoch 7000 | Loss 0.09446
Epoch 8000 | Loss 0.08802
Epoch 9000 | Loss 0.09257
Epoch 10000 | Loss 0.08688
Epoch 11000 | Loss 0.08171
Epoch 12000 | Loss 0.08886
Epoch 13000 | Loss 0.08581
Epoch 14000 | Loss 0.08439
Epoch 15000 | Loss 0.07912
Epoch 16000 | Loss 0.08021
Epoch 17000 | Loss 0.08186
Epoch 18000 | Loss 0.08178
Epoch 19000 | Loss 0.07640
Epoch 20000 | Loss 0.08320
Epoch 21000 | Loss 0.07152
Epoch 22000 | Loss 0.07792
Epoch 23000 | Loss 0.08630
Epoch 24000 | Loss 0.08196
Epoch 25000 | Loss 0.08518
Epoch 26000 | Loss 0.08271
Epoch 27000 | Loss 0.08079
Epoch 28000 | Loss 0.07970
Epoch 29000 | Loss 0.07711
Epoch 30000 | Loss 0.07844
Epoch 31000 | Loss 0.07758
Epoch 32000 | Loss 0.07444
Epoch 33000 | Loss 0.07168
Epoch 34000 | Loss 0.07923
Epoch 35000 | Loss 0.07271
Epoch 36000 | Loss 0.07975
Epoch 37000 | Loss 0.07550
Epoch 38000 | Loss 0.07956
Epoch 39000 | Loss 0.07570
Epoch 40000 | Loss 0.06659
Evaluating TEST: encode on test_graph (FuseLinker original main.py protocol).
13.80715823173523
MR: 2.860584
MRR: 0.734886
Hits @ 1 = 0.620674
Hits @ 3 = 0.814716
Hits @ 10 = 0.950815
AUROC: 0.969714
ROC curve saved: /home/anhlq/Documents/2026-ltt/FuseLinker2026/fuselinker/compare_submodules/checkpoints/suppkg/pubmedbert_pretrained_embeddings_768/compare_model/domain_mlp_projector/seed_44/roc_curve.png
Metrics saved: /home/anhlq/Documents/2026-ltt/FuseLinker2026/fuselinker/compare_submodules/checkpoints/suppkg/pubmedbert_pretrained_embeddings_768/compare_model/domain_mlp_projector/seed_44/metrics.json
Training done!
