Data: /home/anhlq/Documents/2026-ltt/FuseLinker2026/fuselinker/suppkg
Checkpoint: /home/anhlq/Documents/2026-ltt/FuseLinker2026/fuselinker/compare_submodules/checkpoints/suppkg/bert_pretrained_embeddings_768/compare_model/seed_44/model_state.pth
Hyperparameters | seed=44 fusion=fixed domain_mlp_projector=False w=0.75 n_hidden=200 num_hidden_layers=2 num_bases=20 dropout=0.2 lr=0.001 reg_param=0.01 iterations=40000 graph_batch_size=250 graph_split_size=0.5 negative_sample=20 eval_protocol=filtered
Loading Pretrained Embeddings files...
Loaded Text Embeddings file successfully!
Loaded Domain Knowledge Embeddings file successfully!
w: 0.75
Data Processing...
# entities: 43474
# relations: 15
# edges: 305986
Loaded pretrained domain embeddings, freeze is False.
Domain map: Linear.
Loaded pretrained text embeddings, freeze is False.
Initialized random relation embeddings.
cuda
Task 1 DistMult | Encoder: compare_submodules/model.py
/home/anhlq/Documents/2026-ltt/FuseLinker2026/.venv/lib/python3.10/site-packages/dgl/heterograph.py:92: DGLWarning: Recommend creating graphs by `dgl.graph(data)` instead of `dgl.DGLGraph(data)`.
  dgl_warning(
Start training (masked-entity DistMult)...
/home/anhlq/Documents/2026-ltt/FuseLinker2026/.venv/lib/python3.10/site-packages/dgl/heterograph.py:92: DGLWarning: Recommend creating graphs by `dgl.graph(data)` instead of `dgl.DGLGraph(data)`.
  dgl_warning(
Epoch 1000 | Loss 0.12377
Epoch 2000 | Loss 0.10430
Epoch 3000 | Loss 0.09919
Epoch 4000 | Loss 0.10081
Epoch 5000 | Loss 0.10099
Epoch 6000 | Loss 0.09568
Epoch 7000 | Loss 0.09932
Epoch 8000 | Loss 0.08790
Epoch 9000 | Loss 0.09706
Epoch 10000 | Loss 0.08865
Epoch 11000 | Loss 0.08224
Epoch 12000 | Loss 0.08856
Epoch 13000 | Loss 0.09121
Epoch 14000 | Loss 0.08182
Epoch 15000 | Loss 0.08422
Epoch 16000 | Loss 0.08059
Epoch 17000 | Loss 0.08406
Epoch 18000 | Loss 0.08329
Epoch 19000 | Loss 0.08338
Epoch 20000 | Loss 0.08372
Epoch 21000 | Loss 0.07746
Epoch 22000 | Loss 0.08109
Epoch 23000 | Loss 0.08779
Epoch 24000 | Loss 0.08284
Epoch 25000 | Loss 0.08575
Epoch 26000 | Loss 0.08080
Epoch 27000 | Loss 0.08148
Epoch 28000 | Loss 0.07860
Epoch 29000 | Loss 0.07626
Epoch 30000 | Loss 0.08121
Epoch 31000 | Loss 0.08412
Epoch 32000 | Loss 0.08203
Epoch 33000 | Loss 0.07544
Epoch 34000 | Loss 0.07973
Epoch 35000 | Loss 0.06871
Epoch 36000 | Loss 0.08234
Epoch 37000 | Loss 0.08075
Epoch 38000 | Loss 0.08067
Epoch 39000 | Loss 0.07925
Epoch 40000 | Loss 0.06625
Evaluating TEST: encode on test_graph (FuseLinker original main.py protocol).
13.96773362159729
MR: 2.936746
MRR: 0.722460
Hits @ 1 = 0.605216
Hits @ 3 = 0.802183
Hits @ 10 = 0.946763
AUROC: 0.969179
ROC curve saved: /home/anhlq/Documents/2026-ltt/FuseLinker2026/fuselinker/compare_submodules/checkpoints/suppkg/bert_pretrained_embeddings_768/compare_model/seed_44/roc_curve.png
Metrics saved: /home/anhlq/Documents/2026-ltt/FuseLinker2026/fuselinker/compare_submodules/checkpoints/suppkg/bert_pretrained_embeddings_768/compare_model/seed_44/metrics.json
Training done!
