Data: /home/anhlq/Documents/2026-ltt/FuseLinker2026/fuselinker/suppkg
Checkpoint: /home/anhlq/Documents/2026-ltt/FuseLinker2026/fuselinker/compare_submodules/checkpoints/suppkg/bert_pretrained_embeddings_768/compare_model/seed_46/model_state.pth
Hyperparameters | seed=46 fusion=fixed domain_mlp_projector=False w=0.75 n_hidden=200 num_hidden_layers=2 num_bases=20 dropout=0.2 lr=0.001 reg_param=0.01 iterations=40000 graph_batch_size=250 graph_split_size=0.5 negative_sample=20 eval_protocol=filtered
Loading Pretrained Embeddings files...
Loaded Text Embeddings file successfully!
Loaded Domain Knowledge Embeddings file successfully!
w: 0.75
Data Processing...
# entities: 43474
# relations: 15
# edges: 305986
Loaded pretrained domain embeddings, freeze is False.
Domain map: Linear.
Loaded pretrained text embeddings, freeze is False.
Initialized random relation embeddings.
cuda
Task 1 DistMult | Encoder: compare_submodules/model.py
/home/anhlq/Documents/2026-ltt/FuseLinker2026/.venv/lib/python3.10/site-packages/dgl/heterograph.py:92: DGLWarning: Recommend creating graphs by `dgl.graph(data)` instead of `dgl.DGLGraph(data)`.
  dgl_warning(
Start training (masked-entity DistMult)...
/home/anhlq/Documents/2026-ltt/FuseLinker2026/.venv/lib/python3.10/site-packages/dgl/heterograph.py:92: DGLWarning: Recommend creating graphs by `dgl.graph(data)` instead of `dgl.DGLGraph(data)`.
  dgl_warning(
Epoch 1000 | Loss 0.11932
Epoch 2000 | Loss 0.11145
Epoch 3000 | Loss 0.10096
Epoch 4000 | Loss 0.09582
Epoch 5000 | Loss 0.09663
Epoch 6000 | Loss 0.10132
Epoch 7000 | Loss 0.09445
Epoch 8000 | Loss 0.09209
Epoch 9000 | Loss 0.09301
Epoch 10000 | Loss 0.09282
Epoch 11000 | Loss 0.09786
Epoch 12000 | Loss 0.08903
Epoch 13000 | Loss 0.09381
Epoch 14000 | Loss 0.08772
Epoch 15000 | Loss 0.09082
Epoch 16000 | Loss 0.08354
Epoch 17000 | Loss 0.09214
Epoch 18000 | Loss 0.08490
Epoch 19000 | Loss 0.08106
Epoch 20000 | Loss 0.07680
Epoch 21000 | Loss 0.08974
Epoch 22000 | Loss 0.08329
Epoch 23000 | Loss 0.08394
Epoch 24000 | Loss 0.08402
Epoch 25000 | Loss 0.08032
Epoch 26000 | Loss 0.07771
Epoch 27000 | Loss 0.07846
Epoch 28000 | Loss 0.08024
Epoch 29000 | Loss 0.08174
Epoch 30000 | Loss 0.07673
Epoch 31000 | Loss 0.08042
Epoch 32000 | Loss 0.07699
Epoch 33000 | Loss 0.07570
Epoch 34000 | Loss 0.07478
Epoch 35000 | Loss 0.07792
Epoch 36000 | Loss 0.08315
Epoch 37000 | Loss 0.07758
Epoch 38000 | Loss 0.07575
Epoch 39000 | Loss 0.07700
Epoch 40000 | Loss 0.06807
Evaluating TEST: encode on test_graph (FuseLinker original main.py protocol).
13.850562572479248
MR: 3.041064
MRR: 0.717546
Hits @ 1 = 0.599154
Hits @ 3 = 0.798637
Hits @ 10 = 0.944802
AUROC: 0.969622
ROC curve saved: /home/anhlq/Documents/2026-ltt/FuseLinker2026/fuselinker/compare_submodules/checkpoints/suppkg/bert_pretrained_embeddings_768/compare_model/seed_46/roc_curve.png
Metrics saved: /home/anhlq/Documents/2026-ltt/FuseLinker2026/fuselinker/compare_submodules/checkpoints/suppkg/bert_pretrained_embeddings_768/compare_model/seed_46/metrics.json
Training done!
