Data: /home/anhlq/Documents/2026-ltt/FuseLinker2026/fuselinker/suppkg
Checkpoint: /home/anhlq/Documents/2026-ltt/FuseLinker2026/fuselinker/compare_submodules/checkpoints/suppkg/pubmedbert_pretrained_embeddings_768/compare_model/domain_mlp_projector/seed_46/model_state.pth
Hyperparameters | seed=46 fusion=fixed domain_mlp_projector=True w=0.75 n_hidden=200 num_hidden_layers=2 num_bases=20 dropout=0.2 lr=0.001 reg_param=0.01 iterations=40000 graph_batch_size=250 graph_split_size=0.5 negative_sample=20 eval_protocol=filtered
Loading Pretrained Embeddings files...
Loaded Text Embeddings file successfully!
Loaded Domain Knowledge Embeddings file successfully!
w: 0.75
Data Processing...
# entities: 43474
# relations: 15
# edges: 305986
Loaded pretrained domain embeddings, freeze is False.
Domain map: MLPProjector.
Loaded pretrained text embeddings, freeze is False.
Initialized random relation embeddings.
cuda
Task 1 DistMult | Encoder: compare_submodules/model.py
/home/anhlq/Documents/2026-ltt/FuseLinker2026/.venv/lib/python3.10/site-packages/dgl/heterograph.py:92: DGLWarning: Recommend creating graphs by `dgl.graph(data)` instead of `dgl.DGLGraph(data)`.
  dgl_warning(
Start training (masked-entity DistMult)...
/home/anhlq/Documents/2026-ltt/FuseLinker2026/.venv/lib/python3.10/site-packages/dgl/heterograph.py:92: DGLWarning: Recommend creating graphs by `dgl.graph(data)` instead of `dgl.DGLGraph(data)`.
  dgl_warning(
Epoch 1000 | Loss 0.12307
Epoch 2000 | Loss 0.10932
Epoch 3000 | Loss 0.10033
Epoch 4000 | Loss 0.10041
Epoch 5000 | Loss 0.08983
Epoch 6000 | Loss 0.09566
Epoch 7000 | Loss 0.08777
Epoch 8000 | Loss 0.09020
Epoch 9000 | Loss 0.08987
Epoch 10000 | Loss 0.09000
Epoch 11000 | Loss 0.09142
Epoch 12000 | Loss 0.08621
Epoch 13000 | Loss 0.09616
Epoch 14000 | Loss 0.08383
Epoch 15000 | Loss 0.08535
Epoch 16000 | Loss 0.08163
Epoch 17000 | Loss 0.08636
Epoch 18000 | Loss 0.07988
Epoch 19000 | Loss 0.07347
Epoch 20000 | Loss 0.07575
Epoch 21000 | Loss 0.08670
Epoch 22000 | Loss 0.08274
Epoch 23000 | Loss 0.07910
Epoch 24000 | Loss 0.07808
Epoch 25000 | Loss 0.07690
Epoch 26000 | Loss 0.07937
Epoch 27000 | Loss 0.07932
Epoch 28000 | Loss 0.07844
Epoch 29000 | Loss 0.07898
Epoch 30000 | Loss 0.07542
Epoch 31000 | Loss 0.07953
Epoch 32000 | Loss 0.07281
Epoch 33000 | Loss 0.07570
Epoch 34000 | Loss 0.07323
Epoch 35000 | Loss 0.07436
Epoch 36000 | Loss 0.07610
Epoch 37000 | Loss 0.07874
Epoch 38000 | Loss 0.07572
Epoch 39000 | Loss 0.07584
Epoch 40000 | Loss 0.07032
Evaluating TEST: encode on test_graph (FuseLinker original main.py protocol).
13.829181671142578
MR: 2.696265
MRR: 0.738102
Hits @ 1 = 0.622406
Hits @ 3 = 0.820533
Hits @ 10 = 0.956371
AUROC: 0.979660
ROC curve saved: /home/anhlq/Documents/2026-ltt/FuseLinker2026/fuselinker/compare_submodules/checkpoints/suppkg/pubmedbert_pretrained_embeddings_768/compare_model/domain_mlp_projector/seed_46/roc_curve.png
Metrics saved: /home/anhlq/Documents/2026-ltt/FuseLinker2026/fuselinker/compare_submodules/checkpoints/suppkg/pubmedbert_pretrained_embeddings_768/compare_model/domain_mlp_projector/seed_46/metrics.json
Training done!
