Data: /home/anhlq/Documents/2026-ltt/FuseLinker2026/fuselinker/suppkg
Checkpoint: /home/anhlq/Documents/2026-ltt/FuseLinker2026/fuselinker/compare_submodules/checkpoints/suppkg/bert_pretrained_embeddings_768/compare_model/domain_mlp_projector/seed_45/model_state.pth
Hyperparameters | seed=45 fusion=fixed domain_mlp_projector=True w=0.75 n_hidden=200 num_hidden_layers=2 num_bases=20 dropout=0.2 lr=0.001 reg_param=0.01 iterations=40000 graph_batch_size=250 graph_split_size=0.5 negative_sample=20 eval_protocol=filtered
Loading Pretrained Embeddings files...
Loaded Text Embeddings file successfully!
Loaded Domain Knowledge Embeddings file successfully!
w: 0.75
Data Processing...
# entities: 43474
# relations: 15
# edges: 305986
Loaded pretrained domain embeddings, freeze is False.
Domain map: MLPProjector.
Loaded pretrained text embeddings, freeze is False.
Initialized random relation embeddings.
cuda
Task 1 DistMult | Encoder: compare_submodules/model.py
/home/anhlq/Documents/2026-ltt/FuseLinker2026/.venv/lib/python3.10/site-packages/dgl/heterograph.py:92: DGLWarning: Recommend creating graphs by `dgl.graph(data)` instead of `dgl.DGLGraph(data)`.
  dgl_warning(
Start training (masked-entity DistMult)...
/home/anhlq/Documents/2026-ltt/FuseLinker2026/.venv/lib/python3.10/site-packages/dgl/heterograph.py:92: DGLWarning: Recommend creating graphs by `dgl.graph(data)` instead of `dgl.DGLGraph(data)`.
  dgl_warning(
Epoch 1000 | Loss 0.12225
Epoch 2000 | Loss 0.10620
Epoch 3000 | Loss 0.10305
Epoch 4000 | Loss 0.10021
Epoch 5000 | Loss 0.09184
Epoch 6000 | Loss 0.09436
Epoch 7000 | Loss 0.08936
Epoch 8000 | Loss 0.09399
Epoch 9000 | Loss 0.08977
Epoch 10000 | Loss 0.08490
Epoch 11000 | Loss 0.09548
Epoch 12000 | Loss 0.08688
Epoch 13000 | Loss 0.08344
Epoch 14000 | Loss 0.08946
Epoch 15000 | Loss 0.08554
Epoch 16000 | Loss 0.08630
Epoch 17000 | Loss 0.08148
Epoch 18000 | Loss 0.08702
Epoch 19000 | Loss 0.08290
Epoch 20000 | Loss 0.08326
Epoch 21000 | Loss 0.08436
Epoch 22000 | Loss 0.08721
Epoch 23000 | Loss 0.08123
Epoch 24000 | Loss 0.07790
Epoch 25000 | Loss 0.07509
Epoch 26000 | Loss 0.08409
Epoch 27000 | Loss 0.08835
Epoch 28000 | Loss 0.07611
Epoch 29000 | Loss 0.07685
Epoch 30000 | Loss 0.07428
Epoch 31000 | Loss 0.08278
Epoch 32000 | Loss 0.07360
Epoch 33000 | Loss 0.07783
Epoch 34000 | Loss 0.08375
Epoch 35000 | Loss 0.07365
Epoch 36000 | Loss 0.07584
Epoch 37000 | Loss 0.07675
Epoch 38000 | Loss 0.07724
Epoch 39000 | Loss 0.07324
Epoch 40000 | Loss 0.07106
Evaluating TEST: encode on test_graph (FuseLinker original main.py protocol).
13.835880517959595
MR: 2.939622
MRR: 0.725191
Hits @ 1 = 0.608304
Hits @ 3 = 0.806856
Hits @ 10 = 0.948822
AUROC: 0.974005
ROC curve saved: /home/anhlq/Documents/2026-ltt/FuseLinker2026/fuselinker/compare_submodules/checkpoints/suppkg/bert_pretrained_embeddings_768/compare_model/domain_mlp_projector/seed_45/roc_curve.png
Metrics saved: /home/anhlq/Documents/2026-ltt/FuseLinker2026/fuselinker/compare_submodules/checkpoints/suppkg/bert_pretrained_embeddings_768/compare_model/domain_mlp_projector/seed_45/metrics.json
Training done!
