Data: /home/anhlq/Documents/2026-ltt/FuseLinker2026/fuselinker/suppkg
Checkpoint: /home/anhlq/Documents/2026-ltt/FuseLinker2026/fuselinker/compare_submodules/checkpoints/suppkg/pubmedbert_pretrained_embeddings_768/compare_model/seed_45/model_state.pth
Hyperparameters | seed=45 fusion=fixed w=0.75 n_hidden=200 num_hidden_layers=2 num_bases=20 dropout=0.2 lr=0.001 reg_param=0.01 iterations=40000 graph_batch_size=250 graph_split_size=0.5 negative_sample=20 eval_protocol=filtered
Loading Pretrained Embeddings files...
Loaded Text Embeddings file successfully!
Loaded Domain Knowledge Embeddings file successfully!
w: 0.75
Data Processing...
# entities: 43474
# relations: 15
# edges: 305986
Loaded pretrained domain embeddings, freeze is False.
Loaded pretrained text embeddings, freeze is False.
Initialized random relation embeddings.
cuda
Task 1 DistMult | Encoder: compare_submodules/model.py
/home/anhlq/Documents/2026-ltt/FuseLinker2026/.venv/lib/python3.10/site-packages/dgl/heterograph.py:92: DGLWarning: Recommend creating graphs by `dgl.graph(data)` instead of `dgl.DGLGraph(data)`.
  dgl_warning(
Start training (masked-entity DistMult)...
/home/anhlq/Documents/2026-ltt/FuseLinker2026/.venv/lib/python3.10/site-packages/dgl/heterograph.py:92: DGLWarning: Recommend creating graphs by `dgl.graph(data)` instead of `dgl.DGLGraph(data)`.
  dgl_warning(
Epoch 1000 | Loss 0.12220
Epoch 2000 | Loss 0.10566
Epoch 3000 | Loss 0.10082
Epoch 4000 | Loss 0.09905
Epoch 5000 | Loss 0.09352
Epoch 6000 | Loss 0.09827
Epoch 7000 | Loss 0.09099
Epoch 8000 | Loss 0.09386
Epoch 9000 | Loss 0.08555
Epoch 10000 | Loss 0.08455
Epoch 11000 | Loss 0.09792
Epoch 12000 | Loss 0.08410
Epoch 13000 | Loss 0.08443
Epoch 14000 | Loss 0.09051
Epoch 15000 | Loss 0.08699
Epoch 16000 | Loss 0.08314
Epoch 17000 | Loss 0.08760
Epoch 18000 | Loss 0.08834
Epoch 19000 | Loss 0.08396
Epoch 20000 | Loss 0.08589
Epoch 21000 | Loss 0.08408
Epoch 22000 | Loss 0.08738
Epoch 23000 | Loss 0.07587
Epoch 24000 | Loss 0.08121
Epoch 25000 | Loss 0.07724
Epoch 26000 | Loss 0.08085
Epoch 27000 | Loss 0.08755
Epoch 28000 | Loss 0.07606
Epoch 29000 | Loss 0.07706
Epoch 30000 | Loss 0.07637
Epoch 31000 | Loss 0.08522
Epoch 32000 | Loss 0.07412
Epoch 33000 | Loss 0.07913
Epoch 34000 | Loss 0.07960
Epoch 35000 | Loss 0.07859
Epoch 36000 | Loss 0.07945
Epoch 37000 | Loss 0.08254
Epoch 38000 | Loss 0.08080
Epoch 39000 | Loss 0.07609
Epoch 40000 | Loss 0.07914
Evaluating TEST: encode on test_graph (FuseLinker original main.py protocol).
23.587780952453613
MR: 2.998170
MRR: 0.718402
Hits @ 1 = 0.599987
Hits @ 3 = 0.799062
Hits @ 10 = 0.944377
AUROC: 0.972810
ROC curve saved: /home/anhlq/Documents/2026-ltt/FuseLinker2026/fuselinker/compare_submodules/checkpoints/suppkg/pubmedbert_pretrained_embeddings_768/compare_model/seed_45/roc_curve.png
Metrics saved: /home/anhlq/Documents/2026-ltt/FuseLinker2026/fuselinker/compare_submodules/checkpoints/suppkg/pubmedbert_pretrained_embeddings_768/compare_model/seed_45/metrics.json
Training done!
