Data: /home/anhlq/Documents/2026-ltt/FuseLinker2026/fuselinker/suppkg
Checkpoint: /home/anhlq/Documents/2026-ltt/FuseLinker2026/fuselinker/compare_submodules/checkpoints/suppkg/pubmedbert_pretrained_embeddings_768/compare_model/seed_46/model_state.pth
Hyperparameters | seed=46 fusion=fixed w=0.75 n_hidden=200 num_hidden_layers=2 num_bases=20 dropout=0.2 lr=0.001 reg_param=0.01 iterations=40000 graph_batch_size=250 graph_split_size=0.5 negative_sample=20 eval_protocol=filtered
Loading Pretrained Embeddings files...
Loaded Text Embeddings file successfully!
Loaded Domain Knowledge Embeddings file successfully!
w: 0.75
Data Processing...
# entities: 43474
# relations: 15
# edges: 305986
Loaded pretrained domain embeddings, freeze is False.
Loaded pretrained text embeddings, freeze is False.
Initialized random relation embeddings.
cuda
Task 1 DistMult | Encoder: compare_submodules/model.py
/home/anhlq/Documents/2026-ltt/FuseLinker2026/.venv/lib/python3.10/site-packages/dgl/heterograph.py:92: DGLWarning: Recommend creating graphs by `dgl.graph(data)` instead of `dgl.DGLGraph(data)`.
  dgl_warning(
Start training (masked-entity DistMult)...
/home/anhlq/Documents/2026-ltt/FuseLinker2026/.venv/lib/python3.10/site-packages/dgl/heterograph.py:92: DGLWarning: Recommend creating graphs by `dgl.graph(data)` instead of `dgl.DGLGraph(data)`.
  dgl_warning(
Epoch 1000 | Loss 0.11576
Epoch 2000 | Loss 0.10801
Epoch 3000 | Loss 0.09921
Epoch 4000 | Loss 0.09773
Epoch 5000 | Loss 0.09290
Epoch 6000 | Loss 0.09621
Epoch 7000 | Loss 0.09251
Epoch 8000 | Loss 0.08727
Epoch 9000 | Loss 0.08905
Epoch 10000 | Loss 0.09496
Epoch 11000 | Loss 0.09248
Epoch 12000 | Loss 0.08842
Epoch 13000 | Loss 0.09074
Epoch 14000 | Loss 0.08459
Epoch 15000 | Loss 0.08774
Epoch 16000 | Loss 0.08113
Epoch 17000 | Loss 0.09039
Epoch 18000 | Loss 0.08489
Epoch 19000 | Loss 0.07960
Epoch 20000 | Loss 0.07823
Epoch 21000 | Loss 0.08656
Epoch 22000 | Loss 0.08554
Epoch 23000 | Loss 0.08106
Epoch 24000 | Loss 0.08414
Epoch 25000 | Loss 0.08093
Epoch 26000 | Loss 0.08266
Epoch 27000 | Loss 0.08719
Epoch 28000 | Loss 0.07879
Epoch 29000 | Loss 0.07771
Epoch 30000 | Loss 0.07652
Epoch 31000 | Loss 0.07978
Epoch 32000 | Loss 0.08123
Epoch 33000 | Loss 0.07533
Epoch 34000 | Loss 0.07333
Epoch 35000 | Loss 0.07480
Epoch 36000 | Loss 0.08335
Epoch 37000 | Loss 0.07895
Epoch 38000 | Loss 0.07768
Epoch 39000 | Loss 0.07619
Epoch 40000 | Loss 0.07490
Evaluating TEST: encode on test_graph (FuseLinker original main.py protocol).
23.22348976135254
MR: 2.844684
MRR: 0.726699
Hits @ 1 = 0.608255
Hits @ 3 = 0.809847
Hits @ 10 = 0.952106
AUROC: 0.969691
ROC curve saved: /home/anhlq/Documents/2026-ltt/FuseLinker2026/fuselinker/compare_submodules/checkpoints/suppkg/pubmedbert_pretrained_embeddings_768/compare_model/seed_46/roc_curve.png
Metrics saved: /home/anhlq/Documents/2026-ltt/FuseLinker2026/fuselinker/compare_submodules/checkpoints/suppkg/pubmedbert_pretrained_embeddings_768/compare_model/seed_46/metrics.json
Training done!
