Data: /home/anhlq/Documents/2026-ltt/FuseLinker2026/fuselinker/suppkg
Checkpoint: /home/anhlq/Documents/2026-ltt/FuseLinker2026/fuselinker/compare_submodules/checkpoints/suppkg/pubmedbert_pretrained_embeddings_768/compare_model/seed_42/model_state.pth
Hyperparameters | seed=42 fusion=fixed w=0.75 n_hidden=200 num_hidden_layers=2 num_bases=20 dropout=0.2 lr=0.001 reg_param=0.01 iterations=40000 graph_batch_size=250 graph_split_size=0.5 negative_sample=20 eval_protocol=filtered
Loading Pretrained Embeddings files...
Loaded Text Embeddings file successfully!
Loaded Domain Knowledge Embeddings file successfully!
w: 0.75
Data Processing...
# entities: 43474
# relations: 15
# edges: 305986
Loaded pretrained domain embeddings, freeze is False.
Loaded pretrained text embeddings, freeze is False.
Initialized random relation embeddings.
cuda
Task 1 DistMult | Encoder: compare_submodules/model.py
/home/anhlq/Documents/2026-ltt/FuseLinker2026/.venv/lib/python3.10/site-packages/dgl/heterograph.py:92: DGLWarning: Recommend creating graphs by `dgl.graph(data)` instead of `dgl.DGLGraph(data)`.
  dgl_warning(
Start training (masked-entity DistMult)...
/home/anhlq/Documents/2026-ltt/FuseLinker2026/.venv/lib/python3.10/site-packages/dgl/heterograph.py:92: DGLWarning: Recommend creating graphs by `dgl.graph(data)` instead of `dgl.DGLGraph(data)`.
  dgl_warning(
Epoch 1000 | Loss 0.11933
Epoch 2000 | Loss 0.11456
Epoch 3000 | Loss 0.10222
Epoch 4000 | Loss 0.09964
Epoch 5000 | Loss 0.09799
Epoch 6000 | Loss 0.10082
Epoch 7000 | Loss 0.08747
Epoch 8000 | Loss 0.08948
Epoch 9000 | Loss 0.09426
Epoch 10000 | Loss 0.09031
Epoch 11000 | Loss 0.08681
Epoch 12000 | Loss 0.08684
Epoch 13000 | Loss 0.09522
Epoch 14000 | Loss 0.08854
Epoch 15000 | Loss 0.08862
Epoch 16000 | Loss 0.08830
Epoch 17000 | Loss 0.08378
Epoch 18000 | Loss 0.07709
Epoch 19000 | Loss 0.10011
Epoch 20000 | Loss 0.08250
Epoch 21000 | Loss 0.08528
Epoch 22000 | Loss 0.08072
Epoch 23000 | Loss 0.08428
Epoch 24000 | Loss 0.07499
Epoch 25000 | Loss 0.07789
Epoch 26000 | Loss 0.07849
Epoch 27000 | Loss 0.08216
Epoch 28000 | Loss 0.08450
Epoch 29000 | Loss 0.08310
Epoch 30000 | Loss 0.07790
Epoch 31000 | Loss 0.07525
Epoch 32000 | Loss 0.07851
Epoch 33000 | Loss 0.07716
Epoch 34000 | Loss 0.07945
Epoch 35000 | Loss 0.07795
Epoch 36000 | Loss 0.08269
Epoch 37000 | Loss 0.07825
Epoch 38000 | Loss 0.07448
Epoch 39000 | Loss 0.08263
Epoch 40000 | Loss 0.07588
Evaluating TEST: encode on test_graph (FuseLinker original main.py protocol).
23.88259220123291
MR: 2.695464
MRR: 0.740707
Hits @ 1 = 0.626671
Hits @ 3 = 0.820762
Hits @ 10 = 0.955505
AUROC: 0.971520
ROC curve saved: /home/anhlq/Documents/2026-ltt/FuseLinker2026/fuselinker/compare_submodules/checkpoints/suppkg/pubmedbert_pretrained_embeddings_768/compare_model/seed_42/roc_curve.png
Metrics saved: /home/anhlq/Documents/2026-ltt/FuseLinker2026/fuselinker/compare_submodules/checkpoints/suppkg/pubmedbert_pretrained_embeddings_768/compare_model/seed_42/metrics.json
Training done!
