Data: /home/anhlq/Documents/2026-ltt/FuseLinker2026/fuselinker/suppkg
Checkpoint: /home/anhlq/Documents/2026-ltt/FuseLinker2026/fuselinker/compare_submodules/checkpoints/suppkg/bert_pretrained_embeddings_768/compare_model/residual_rgcn/seed_44/model_state.pth
Hyperparameters | seed=44 fusion=fixed domain_mlp_projector=False residual_rgcn=True w=0.75 n_hidden=200 num_hidden_layers=2 num_bases=20 dropout=0.2 lr=0.001 reg_param=0.01 iterations=40000 graph_batch_size=250 graph_split_size=0.5 negative_sample=20 eval_protocol=filtered
Loading Pretrained Embeddings files...
Loaded Text Embeddings file successfully!
Loaded Domain Knowledge Embeddings file successfully!
w: 0.75
Data Processing...
# entities: 43474
# relations: 15
# edges: 305986
Loaded pretrained domain embeddings, freeze is False.
Domain map: Linear.
Loaded pretrained text embeddings, freeze is False.
Initialized random relation embeddings.
cuda
Task 1 DistMult | Encoder: compare_submodules/model.py
/home/anhlq/Documents/2026-ltt/FuseLinker2026/.venv/lib/python3.10/site-packages/dgl/heterograph.py:92: DGLWarning: Recommend creating graphs by `dgl.graph(data)` instead of `dgl.DGLGraph(data)`.
  dgl_warning(
Start training (masked-entity DistMult)...
/home/anhlq/Documents/2026-ltt/FuseLinker2026/.venv/lib/python3.10/site-packages/dgl/heterograph.py:92: DGLWarning: Recommend creating graphs by `dgl.graph(data)` instead of `dgl.DGLGraph(data)`.
  dgl_warning(
Epoch 1000 | Loss 0.11457
Epoch 2000 | Loss 0.09425
Epoch 3000 | Loss 0.09115
Epoch 4000 | Loss 0.09023
Epoch 5000 | Loss 0.08703
Epoch 6000 | Loss 0.08466
Epoch 7000 | Loss 0.08220
Epoch 8000 | Loss 0.07429
Epoch 9000 | Loss 0.07861
Epoch 10000 | Loss 0.07463
Epoch 11000 | Loss 0.06699
Epoch 12000 | Loss 0.07144
Epoch 13000 | Loss 0.07053
Epoch 14000 | Loss 0.06332
Epoch 15000 | Loss 0.06106
Epoch 16000 | Loss 0.06079
Epoch 17000 | Loss 0.05925
Epoch 18000 | Loss 0.06418
Epoch 19000 | Loss 0.05869
Epoch 20000 | Loss 0.05816
Epoch 21000 | Loss 0.05265
Epoch 22000 | Loss 0.05856
Epoch 23000 | Loss 0.06221
Epoch 24000 | Loss 0.06282
Epoch 25000 | Loss 0.06346
Epoch 26000 | Loss 0.05784
Epoch 27000 | Loss 0.05881
Epoch 28000 | Loss 0.06066
Epoch 29000 | Loss 0.05559
Epoch 30000 | Loss 0.05480
Epoch 31000 | Loss 0.05358
Epoch 32000 | Loss 0.05635
Epoch 33000 | Loss 0.04995
Epoch 34000 | Loss 0.05522
Epoch 35000 | Loss 0.05182
Epoch 36000 | Loss 0.05810
Epoch 37000 | Loss 0.05113
Epoch 38000 | Loss 0.05532
Epoch 39000 | Loss 0.05650
Epoch 40000 | Loss 0.04261
Evaluating TEST: encode on test_graph (FuseLinker original main.py protocol).
13.983120441436768
MR: 3.330762
MRR: 0.720026
Hits @ 1 = 0.608860
Hits @ 3 = 0.794683
Hits @ 10 = 0.930553
AUROC: 0.983086
ROC curve saved: /home/anhlq/Documents/2026-ltt/FuseLinker2026/fuselinker/compare_submodules/checkpoints/suppkg/bert_pretrained_embeddings_768/compare_model/residual_rgcn/seed_44/roc_curve.png
Metrics saved: /home/anhlq/Documents/2026-ltt/FuseLinker2026/fuselinker/compare_submodules/checkpoints/suppkg/bert_pretrained_embeddings_768/compare_model/residual_rgcn/seed_44/metrics.json
Training done!
