Data: /home/anhlq/Documents/2026-ltt/FuseLinker2026/fuselinker/suppkg
Checkpoint: /home/anhlq/Documents/2026-ltt/FuseLinker2026/fuselinker/compare_submodules/checkpoints/suppkg/pubmedbert_pretrained_embeddings_768/compare_model/residual_rgcn/seed_43/model_state.pth
Hyperparameters | seed=43 fusion=fixed domain_mlp_projector=False residual_rgcn=True w=0.75 n_hidden=200 num_hidden_layers=2 num_bases=20 dropout=0.2 lr=0.001 reg_param=0.01 iterations=40000 graph_batch_size=250 graph_split_size=0.5 negative_sample=20 eval_protocol=filtered
Loading Pretrained Embeddings files...
Loaded Text Embeddings file successfully!
Loaded Domain Knowledge Embeddings file successfully!
w: 0.75
Data Processing...
# entities: 43474
# relations: 15
# edges: 305986
Loaded pretrained domain embeddings, freeze is False.
Domain map: Linear.
Loaded pretrained text embeddings, freeze is False.
Initialized random relation embeddings.
cuda
Task 1 DistMult | Encoder: compare_submodules/model.py
/home/anhlq/Documents/2026-ltt/FuseLinker2026/.venv/lib/python3.10/site-packages/dgl/heterograph.py:92: DGLWarning: Recommend creating graphs by `dgl.graph(data)` instead of `dgl.DGLGraph(data)`.
  dgl_warning(
Start training (masked-entity DistMult)...
/home/anhlq/Documents/2026-ltt/FuseLinker2026/.venv/lib/python3.10/site-packages/dgl/heterograph.py:92: DGLWarning: Recommend creating graphs by `dgl.graph(data)` instead of `dgl.DGLGraph(data)`.
  dgl_warning(
Epoch 1000 | Loss 0.11202
Epoch 2000 | Loss 0.09385
Epoch 3000 | Loss 0.09200
Epoch 4000 | Loss 0.08831
Epoch 5000 | Loss 0.08239
Epoch 6000 | Loss 0.08377
Epoch 7000 | Loss 0.07809
Epoch 8000 | Loss 0.07536
Epoch 9000 | Loss 0.07613
Epoch 10000 | Loss 0.07348
Epoch 11000 | Loss 0.07151
Epoch 12000 | Loss 0.06952
Epoch 13000 | Loss 0.06315
Epoch 14000 | Loss 0.06631
Epoch 15000 | Loss 0.07038
Epoch 16000 | Loss 0.06507
Epoch 17000 | Loss 0.05696
Epoch 18000 | Loss 0.06844
Epoch 19000 | Loss 0.06327
Epoch 20000 | Loss 0.05556
Epoch 21000 | Loss 0.05940
Epoch 22000 | Loss 0.06291
Epoch 23000 | Loss 0.06164
Epoch 24000 | Loss 0.05735
Epoch 25000 | Loss 0.05423
Epoch 26000 | Loss 0.05573
Epoch 27000 | Loss 0.06035
Epoch 28000 | Loss 0.06342
Epoch 29000 | Loss 0.05558
Epoch 30000 | Loss 0.05731
Epoch 31000 | Loss 0.05030
Epoch 32000 | Loss 0.06000
Epoch 33000 | Loss 0.05853
Epoch 34000 | Loss 0.05958
Epoch 35000 | Loss 0.06162
Epoch 36000 | Loss 0.06114
Epoch 37000 | Loss 0.05539
Epoch 38000 | Loss 0.05824
Epoch 39000 | Loss 0.05459
Epoch 40000 | Loss 0.05963
Evaluating TEST: encode on test_graph (FuseLinker original main.py protocol).
13.959104537963867
MR: 2.865241
MRR: 0.748284
Hits @ 1 = 0.639956
Hits @ 3 = 0.825926
Hits @ 10 = 0.949100
AUROC: 0.987342
ROC curve saved: /home/anhlq/Documents/2026-ltt/FuseLinker2026/fuselinker/compare_submodules/checkpoints/suppkg/pubmedbert_pretrained_embeddings_768/compare_model/residual_rgcn/seed_43/roc_curve.png
Metrics saved: /home/anhlq/Documents/2026-ltt/FuseLinker2026/fuselinker/compare_submodules/checkpoints/suppkg/pubmedbert_pretrained_embeddings_768/compare_model/residual_rgcn/seed_43/metrics.json
Training done!
