Data: /home/anhlq/Documents/2026-ltt/FuseLinker2026/fuselinker/suppkg
Checkpoint: /home/anhlq/Documents/2026-ltt/FuseLinker2026/fuselinker/compare_submodules/checkpoints/suppkg/bert_pretrained_embeddings_768/compare_model/residual_rgcn/seed_45/model_state.pth
Hyperparameters | seed=45 fusion=fixed domain_mlp_projector=False residual_rgcn=True w=0.75 n_hidden=200 num_hidden_layers=2 num_bases=20 dropout=0.2 lr=0.001 reg_param=0.01 iterations=40000 graph_batch_size=250 graph_split_size=0.5 negative_sample=20 eval_protocol=filtered
Loading Pretrained Embeddings files...
Loaded Text Embeddings file successfully!
Loaded Domain Knowledge Embeddings file successfully!
w: 0.75
Data Processing...
# entities: 43474
# relations: 15
# edges: 305986
Loaded pretrained domain embeddings, freeze is False.
Domain map: Linear.
Loaded pretrained text embeddings, freeze is False.
Initialized random relation embeddings.
cuda
Task 1 DistMult | Encoder: compare_submodules/model.py
/home/anhlq/Documents/2026-ltt/FuseLinker2026/.venv/lib/python3.10/site-packages/dgl/heterograph.py:92: DGLWarning: Recommend creating graphs by `dgl.graph(data)` instead of `dgl.DGLGraph(data)`.
  dgl_warning(
Start training (masked-entity DistMult)...
/home/anhlq/Documents/2026-ltt/FuseLinker2026/.venv/lib/python3.10/site-packages/dgl/heterograph.py:92: DGLWarning: Recommend creating graphs by `dgl.graph(data)` instead of `dgl.DGLGraph(data)`.
  dgl_warning(
Epoch 1000 | Loss 0.11719
Epoch 2000 | Loss 0.10079
Epoch 3000 | Loss 0.09382
Epoch 4000 | Loss 0.09169
Epoch 5000 | Loss 0.08226
Epoch 6000 | Loss 0.08971
Epoch 7000 | Loss 0.07878
Epoch 8000 | Loss 0.08069
Epoch 9000 | Loss 0.07199
Epoch 10000 | Loss 0.07331
Epoch 11000 | Loss 0.07726
Epoch 12000 | Loss 0.06381
Epoch 13000 | Loss 0.06939
Epoch 14000 | Loss 0.06802
Epoch 15000 | Loss 0.06492
Epoch 16000 | Loss 0.06444
Epoch 17000 | Loss 0.06398
Epoch 18000 | Loss 0.06350
Epoch 19000 | Loss 0.06334
Epoch 20000 | Loss 0.06283
Epoch 21000 | Loss 0.06813
Epoch 22000 | Loss 0.06498
Epoch 23000 | Loss 0.05702
Epoch 24000 | Loss 0.06288
Epoch 25000 | Loss 0.05354
Epoch 26000 | Loss 0.06053
Epoch 27000 | Loss 0.06661
Epoch 28000 | Loss 0.05356
Epoch 29000 | Loss 0.05590
Epoch 30000 | Loss 0.05396
Epoch 31000 | Loss 0.06138
Epoch 32000 | Loss 0.04827
Epoch 33000 | Loss 0.05530
Epoch 34000 | Loss 0.05897
Epoch 35000 | Loss 0.04835
Epoch 36000 | Loss 0.05798
Epoch 37000 | Loss 0.05603
Epoch 38000 | Loss 0.05174
Epoch 39000 | Loss 0.04457
Epoch 40000 | Loss 0.04999
Evaluating TEST: encode on test_graph (FuseLinker original main.py protocol).
13.906512260437012
MR: 3.073842
MRR: 0.738065
Hits @ 1 = 0.629007
Hits @ 3 = 0.814602
Hits @ 10 = 0.941518
AUROC: 0.985907
ROC curve saved: /home/anhlq/Documents/2026-ltt/FuseLinker2026/fuselinker/compare_submodules/checkpoints/suppkg/bert_pretrained_embeddings_768/compare_model/residual_rgcn/seed_45/roc_curve.png
Metrics saved: /home/anhlq/Documents/2026-ltt/FuseLinker2026/fuselinker/compare_submodules/checkpoints/suppkg/bert_pretrained_embeddings_768/compare_model/residual_rgcn/seed_45/metrics.json
Training done!
