Data: /home/anhlq/Documents/2026-ltt/FuseLinker2026/fuselinker/suppkg
Checkpoint: /home/anhlq/Documents/2026-ltt/FuseLinker2026/fuselinker/compare_submodules/checkpoints/suppkg/pubmedbert_pretrained_embeddings_768/compare_model/residual_rgcn/seed_44/model_state.pth
Hyperparameters | seed=44 fusion=fixed domain_mlp_projector=False residual_rgcn=True w=0.75 n_hidden=200 num_hidden_layers=2 num_bases=20 dropout=0.2 lr=0.001 reg_param=0.01 iterations=40000 graph_batch_size=250 graph_split_size=0.5 negative_sample=20 eval_protocol=filtered
Loading Pretrained Embeddings files...
Loaded Text Embeddings file successfully!
Loaded Domain Knowledge Embeddings file successfully!
w: 0.75
Data Processing...
# entities: 43474
# relations: 15
# edges: 305986
Loaded pretrained domain embeddings, freeze is False.
Domain map: Linear.
Loaded pretrained text embeddings, freeze is False.
Initialized random relation embeddings.
cuda
Task 1 DistMult | Encoder: compare_submodules/model.py
/home/anhlq/Documents/2026-ltt/FuseLinker2026/.venv/lib/python3.10/site-packages/dgl/heterograph.py:92: DGLWarning: Recommend creating graphs by `dgl.graph(data)` instead of `dgl.DGLGraph(data)`.
  dgl_warning(
Start training (masked-entity DistMult)...
/home/anhlq/Documents/2026-ltt/FuseLinker2026/.venv/lib/python3.10/site-packages/dgl/heterograph.py:92: DGLWarning: Recommend creating graphs by `dgl.graph(data)` instead of `dgl.DGLGraph(data)`.
  dgl_warning(
Epoch 1000 | Loss 0.11104
Epoch 2000 | Loss 0.09269
Epoch 3000 | Loss 0.09151
Epoch 4000 | Loss 0.09078
Epoch 5000 | Loss 0.08279
Epoch 6000 | Loss 0.08201
Epoch 7000 | Loss 0.08071
Epoch 8000 | Loss 0.07232
Epoch 9000 | Loss 0.07694
Epoch 10000 | Loss 0.07240
Epoch 11000 | Loss 0.06455
Epoch 12000 | Loss 0.06998
Epoch 13000 | Loss 0.06654
Epoch 14000 | Loss 0.06430
Epoch 15000 | Loss 0.06211
Epoch 16000 | Loss 0.06227
Epoch 17000 | Loss 0.06052
Epoch 18000 | Loss 0.06575
Epoch 19000 | Loss 0.05973
Epoch 20000 | Loss 0.06215
Epoch 21000 | Loss 0.05625
Epoch 22000 | Loss 0.05990
Epoch 23000 | Loss 0.06660
Epoch 24000 | Loss 0.06505
Epoch 25000 | Loss 0.06521
Epoch 26000 | Loss 0.06089
Epoch 27000 | Loss 0.05765
Epoch 28000 | Loss 0.06300
Epoch 29000 | Loss 0.06029
Epoch 30000 | Loss 0.05677
Epoch 31000 | Loss 0.05766
Epoch 32000 | Loss 0.05514
Epoch 33000 | Loss 0.05256
Epoch 34000 | Loss 0.05664
Epoch 35000 | Loss 0.05509
Epoch 36000 | Loss 0.05890
Epoch 37000 | Loss 0.05337
Epoch 38000 | Loss 0.05927
Epoch 39000 | Loss 0.05544
Epoch 40000 | Loss 0.04779
Evaluating TEST: encode on test_graph (FuseLinker original main.py protocol).
13.396937847137451
MR: 2.581718
MRR: 0.769466
Hits @ 1 = 0.667375
Hits @ 3 = 0.843099
Hits @ 10 = 0.958430
AUROC: 0.989544
ROC curve saved: /home/anhlq/Documents/2026-ltt/FuseLinker2026/fuselinker/compare_submodules/checkpoints/suppkg/pubmedbert_pretrained_embeddings_768/compare_model/residual_rgcn/seed_44/roc_curve.png
Metrics saved: /home/anhlq/Documents/2026-ltt/FuseLinker2026/fuselinker/compare_submodules/checkpoints/suppkg/pubmedbert_pretrained_embeddings_768/compare_model/residual_rgcn/seed_44/metrics.json
Training done!
