Data: /home/anhlq/Documents/2026-ltt/FuseLinker2026/fuselinker/suppkg
Checkpoint: /home/anhlq/Documents/2026-ltt/FuseLinker2026/fuselinker/compare_submodules/checkpoints/suppkg/pubmedbert_pretrained_embeddings_768/compare_model/residual_rgcn/seed_46/model_state.pth
Hyperparameters | seed=46 fusion=fixed domain_mlp_projector=False residual_rgcn=True w=0.75 n_hidden=200 num_hidden_layers=2 num_bases=20 dropout=0.2 lr=0.001 reg_param=0.01 iterations=40000 graph_batch_size=250 graph_split_size=0.5 negative_sample=20 eval_protocol=filtered
Loading Pretrained Embeddings files...
Loaded Text Embeddings file successfully!
Loaded Domain Knowledge Embeddings file successfully!
w: 0.75
Data Processing...
# entities: 43474
# relations: 15
# edges: 305986
Loaded pretrained domain embeddings, freeze is False.
Domain map: Linear.
Loaded pretrained text embeddings, freeze is False.
Initialized random relation embeddings.
cuda
Task 1 DistMult | Encoder: compare_submodules/model.py
/home/anhlq/Documents/2026-ltt/FuseLinker2026/.venv/lib/python3.10/site-packages/dgl/heterograph.py:92: DGLWarning: Recommend creating graphs by `dgl.graph(data)` instead of `dgl.DGLGraph(data)`.
  dgl_warning(
Start training (masked-entity DistMult)...
/home/anhlq/Documents/2026-ltt/FuseLinker2026/.venv/lib/python3.10/site-packages/dgl/heterograph.py:92: DGLWarning: Recommend creating graphs by `dgl.graph(data)` instead of `dgl.DGLGraph(data)`.
  dgl_warning(
Epoch 1000 | Loss 0.11008
Epoch 2000 | Loss 0.10383
Epoch 3000 | Loss 0.08825
Epoch 4000 | Loss 0.08662
Epoch 5000 | Loss 0.07809
Epoch 6000 | Loss 0.08245
Epoch 7000 | Loss 0.07722
Epoch 8000 | Loss 0.07291
Epoch 9000 | Loss 0.07198
Epoch 10000 | Loss 0.07524
Epoch 11000 | Loss 0.07581
Epoch 12000 | Loss 0.06751
Epoch 13000 | Loss 0.07432
Epoch 14000 | Loss 0.07152
Epoch 15000 | Loss 0.07049
Epoch 16000 | Loss 0.06382
Epoch 17000 | Loss 0.06624
Epoch 18000 | Loss 0.06037
Epoch 19000 | Loss 0.05847
Epoch 20000 | Loss 0.05536
Epoch 21000 | Loss 0.06254
Epoch 22000 | Loss 0.06473
Epoch 23000 | Loss 0.05885
Epoch 24000 | Loss 0.05809
Epoch 25000 | Loss 0.05620
Epoch 26000 | Loss 0.06106
Epoch 27000 | Loss 0.05835
Epoch 28000 | Loss 0.05781
Epoch 29000 | Loss 0.05812
Epoch 30000 | Loss 0.05438
Epoch 31000 | Loss 0.05921
Epoch 32000 | Loss 0.05648
Epoch 33000 | Loss 0.05279
Epoch 34000 | Loss 0.05165
Epoch 35000 | Loss 0.05269
Epoch 36000 | Loss 0.05997
Epoch 37000 | Loss 0.05327
Epoch 38000 | Loss 0.05620
Epoch 39000 | Loss 0.05093
Epoch 40000 | Loss 0.05189
Evaluating TEST: encode on test_graph (FuseLinker original main.py protocol).
13.809447288513184
MR: 2.512239
MRR: 0.772585
Hits @ 1 = 0.669989
Hits @ 3 = 0.847936
Hits @ 10 = 0.961044
AUROC: 0.988812
ROC curve saved: /home/anhlq/Documents/2026-ltt/FuseLinker2026/fuselinker/compare_submodules/checkpoints/suppkg/pubmedbert_pretrained_embeddings_768/compare_model/residual_rgcn/seed_46/roc_curve.png
Metrics saved: /home/anhlq/Documents/2026-ltt/FuseLinker2026/fuselinker/compare_submodules/checkpoints/suppkg/pubmedbert_pretrained_embeddings_768/compare_model/residual_rgcn/seed_46/metrics.json
Training done!
