Data: /home/anhlq/Documents/2026-ltt/FuseLinker2026/fuselinker/suppkg
Checkpoint: /home/anhlq/Documents/2026-ltt/FuseLinker2026/fuselinker/compare_submodules/checkpoints/suppkg/bert_pretrained_embeddings_768/compare_model/residual_rgcn/seed_46/model_state.pth
Hyperparameters | seed=46 fusion=fixed domain_mlp_projector=False residual_rgcn=True w=0.75 n_hidden=200 num_hidden_layers=2 num_bases=20 dropout=0.2 lr=0.001 reg_param=0.01 iterations=40000 graph_batch_size=250 graph_split_size=0.5 negative_sample=20 eval_protocol=filtered
Loading Pretrained Embeddings files...
Loaded Text Embeddings file successfully!
Loaded Domain Knowledge Embeddings file successfully!
w: 0.75
Data Processing...
# entities: 43474
# relations: 15
# edges: 305986
Loaded pretrained domain embeddings, freeze is False.
Domain map: Linear.
Loaded pretrained text embeddings, freeze is False.
Initialized random relation embeddings.
cuda
Task 1 DistMult | Encoder: compare_submodules/model.py
/home/anhlq/Documents/2026-ltt/FuseLinker2026/.venv/lib/python3.10/site-packages/dgl/heterograph.py:92: DGLWarning: Recommend creating graphs by `dgl.graph(data)` instead of `dgl.DGLGraph(data)`.
  dgl_warning(
Start training (masked-entity DistMult)...
/home/anhlq/Documents/2026-ltt/FuseLinker2026/.venv/lib/python3.10/site-packages/dgl/heterograph.py:92: DGLWarning: Recommend creating graphs by `dgl.graph(data)` instead of `dgl.DGLGraph(data)`.
  dgl_warning(
Epoch 1000 | Loss 0.10827
Epoch 2000 | Loss 0.10867
Epoch 3000 | Loss 0.09346
Epoch 4000 | Loss 0.08818
Epoch 5000 | Loss 0.08351
Epoch 6000 | Loss 0.08306
Epoch 7000 | Loss 0.07543
Epoch 8000 | Loss 0.07389
Epoch 9000 | Loss 0.07339
Epoch 10000 | Loss 0.07403
Epoch 11000 | Loss 0.07463
Epoch 12000 | Loss 0.06834
Epoch 13000 | Loss 0.07384
Epoch 14000 | Loss 0.07008
Epoch 15000 | Loss 0.07139
Epoch 16000 | Loss 0.06292
Epoch 17000 | Loss 0.06358
Epoch 18000 | Loss 0.06369
Epoch 19000 | Loss 0.05759
Epoch 20000 | Loss 0.05318
Epoch 21000 | Loss 0.06449
Epoch 22000 | Loss 0.05893
Epoch 23000 | Loss 0.05928
Epoch 24000 | Loss 0.05643
Epoch 25000 | Loss 0.05405
Epoch 26000 | Loss 0.06150
Epoch 27000 | Loss 0.05752
Epoch 28000 | Loss 0.05721
Epoch 29000 | Loss 0.05628
Epoch 30000 | Loss 0.05156
Epoch 31000 | Loss 0.05721
Epoch 32000 | Loss 0.05477
Epoch 33000 | Loss 0.05284
Epoch 34000 | Loss 0.05309
Epoch 35000 | Loss 0.04907
Epoch 36000 | Loss 0.05484
Epoch 37000 | Loss 0.05205
Epoch 38000 | Loss 0.05244
Epoch 39000 | Loss 0.05264
Epoch 40000 | Loss 0.05308
Evaluating TEST: encode on test_graph (FuseLinker original main.py protocol).
13.965356349945068
MR: 3.249665
MRR: 0.723907
Hits @ 1 = 0.612210
Hits @ 3 = 0.799323
Hits @ 10 = 0.934328
AUROC: 0.983036
ROC curve saved: /home/anhlq/Documents/2026-ltt/FuseLinker2026/fuselinker/compare_submodules/checkpoints/suppkg/bert_pretrained_embeddings_768/compare_model/residual_rgcn/seed_46/roc_curve.png
Metrics saved: /home/anhlq/Documents/2026-ltt/FuseLinker2026/fuselinker/compare_submodules/checkpoints/suppkg/bert_pretrained_embeddings_768/compare_model/residual_rgcn/seed_46/metrics.json
Training done!
