Data: /home/anhlq/Documents/2026-ltt/FuseLinker2026/fuselinker/suppkg
Checkpoint: /home/anhlq/Documents/2026-ltt/FuseLinker2026/fuselinker/compare_submodules/checkpoints/suppkg/bert_pretrained_embeddings_768/compare_model/residual_rgcn/seed_43/model_state.pth
Hyperparameters | seed=43 fusion=fixed domain_mlp_projector=False residual_rgcn=True w=0.75 n_hidden=200 num_hidden_layers=2 num_bases=20 dropout=0.2 lr=0.001 reg_param=0.01 iterations=40000 graph_batch_size=250 graph_split_size=0.5 negative_sample=20 eval_protocol=filtered
Loading Pretrained Embeddings files...
Loaded Text Embeddings file successfully!
Loaded Domain Knowledge Embeddings file successfully!
w: 0.75
Data Processing...
# entities: 43474
# relations: 15
# edges: 305986
Loaded pretrained domain embeddings, freeze is False.
Domain map: Linear.
Loaded pretrained text embeddings, freeze is False.
Initialized random relation embeddings.
cuda
Task 1 DistMult | Encoder: compare_submodules/model.py
/home/anhlq/Documents/2026-ltt/FuseLinker2026/.venv/lib/python3.10/site-packages/dgl/heterograph.py:92: DGLWarning: Recommend creating graphs by `dgl.graph(data)` instead of `dgl.DGLGraph(data)`.
  dgl_warning(
Start training (masked-entity DistMult)...
/home/anhlq/Documents/2026-ltt/FuseLinker2026/.venv/lib/python3.10/site-packages/dgl/heterograph.py:92: DGLWarning: Recommend creating graphs by `dgl.graph(data)` instead of `dgl.DGLGraph(data)`.
  dgl_warning(
Epoch 1000 | Loss 0.11764
Epoch 2000 | Loss 0.09263
Epoch 3000 | Loss 0.09579
Epoch 4000 | Loss 0.08888
Epoch 5000 | Loss 0.08808
Epoch 6000 | Loss 0.08660
Epoch 7000 | Loss 0.08118
Epoch 8000 | Loss 0.07729
Epoch 9000 | Loss 0.07792
Epoch 10000 | Loss 0.07867
Epoch 11000 | Loss 0.07144
Epoch 12000 | Loss 0.06902
Epoch 13000 | Loss 0.06453
Epoch 14000 | Loss 0.06655
Epoch 15000 | Loss 0.07198
Epoch 16000 | Loss 0.06531
Epoch 17000 | Loss 0.05958
Epoch 18000 | Loss 0.06420
Epoch 19000 | Loss 0.05927
Epoch 20000 | Loss 0.05394
Epoch 21000 | Loss 0.06296
Epoch 22000 | Loss 0.06161
Epoch 23000 | Loss 0.05949
Epoch 24000 | Loss 0.05822
Epoch 25000 | Loss 0.05475
Epoch 26000 | Loss 0.05625
Epoch 27000 | Loss 0.05904
Epoch 28000 | Loss 0.06186
Epoch 29000 | Loss 0.05156
Epoch 30000 | Loss 0.05397
Epoch 31000 | Loss 0.04591
Epoch 32000 | Loss 0.06018
Epoch 33000 | Loss 0.04943
Epoch 34000 | Loss 0.05830
Epoch 35000 | Loss 0.05875
Epoch 36000 | Loss 0.05667
Epoch 37000 | Loss 0.05067
Epoch 38000 | Loss 0.05571
Epoch 39000 | Loss 0.05315
Epoch 40000 | Loss 0.05386
Evaluating TEST: encode on test_graph (FuseLinker original main.py protocol).
13.71591591835022
MR: 2.952417
MRR: 0.729914
Hits @ 1 = 0.614285
Hits @ 3 = 0.810876
Hits @ 10 = 0.948038
AUROC: 0.987309
ROC curve saved: /home/anhlq/Documents/2026-ltt/FuseLinker2026/fuselinker/compare_submodules/checkpoints/suppkg/bert_pretrained_embeddings_768/compare_model/residual_rgcn/seed_43/roc_curve.png
Metrics saved: /home/anhlq/Documents/2026-ltt/FuseLinker2026/fuselinker/compare_submodules/checkpoints/suppkg/bert_pretrained_embeddings_768/compare_model/residual_rgcn/seed_43/metrics.json
Training done!
