Data: /home/anhlq/Documents/2026-ltt/FuseLinker2026/fuselinker/suppkg
Checkpoint: /home/anhlq/Documents/2026-ltt/FuseLinker2026/fuselinker/compare_submodules/checkpoints/suppkg/pubmedbert_pretrained_embeddings_768/compare_model/residual_rgcn/seed_42/model_state.pth
Hyperparameters | seed=42 fusion=fixed domain_mlp_projector=False residual_rgcn=True w=0.75 n_hidden=200 num_hidden_layers=2 num_bases=20 dropout=0.2 lr=0.001 reg_param=0.01 iterations=40000 graph_batch_size=250 graph_split_size=0.5 negative_sample=20 eval_protocol=filtered
Loading Pretrained Embeddings files...
Loaded Text Embeddings file successfully!
Loaded Domain Knowledge Embeddings file successfully!
w: 0.75
Data Processing...
# entities: 43474
# relations: 15
# edges: 305986
Loaded pretrained domain embeddings, freeze is False.
Domain map: Linear.
Loaded pretrained text embeddings, freeze is False.
Initialized random relation embeddings.
cuda
Task 1 DistMult | Encoder: compare_submodules/model.py
/home/anhlq/Documents/2026-ltt/FuseLinker2026/.venv/lib/python3.10/site-packages/dgl/heterograph.py:92: DGLWarning: Recommend creating graphs by `dgl.graph(data)` instead of `dgl.DGLGraph(data)`.
  dgl_warning(
Start training (masked-entity DistMult)...
/home/anhlq/Documents/2026-ltt/FuseLinker2026/.venv/lib/python3.10/site-packages/dgl/heterograph.py:92: DGLWarning: Recommend creating graphs by `dgl.graph(data)` instead of `dgl.DGLGraph(data)`.
  dgl_warning(
Epoch 1000 | Loss 0.10553
Epoch 2000 | Loss 0.10624
Epoch 3000 | Loss 0.09093
Epoch 4000 | Loss 0.08565
Epoch 5000 | Loss 0.08342
Epoch 6000 | Loss 0.08802
Epoch 7000 | Loss 0.07469
Epoch 8000 | Loss 0.07493
Epoch 9000 | Loss 0.07617
Epoch 10000 | Loss 0.07294
Epoch 11000 | Loss 0.06903
Epoch 12000 | Loss 0.06858
Epoch 13000 | Loss 0.07429
Epoch 14000 | Loss 0.07462
Epoch 15000 | Loss 0.06859
Epoch 16000 | Loss 0.06906
Epoch 17000 | Loss 0.06629
Epoch 18000 | Loss 0.06141
Epoch 19000 | Loss 0.07341
Epoch 20000 | Loss 0.06038
Epoch 21000 | Loss 0.06485
Epoch 22000 | Loss 0.06389
Epoch 23000 | Loss 0.06394
Epoch 24000 | Loss 0.05092
Epoch 25000 | Loss 0.05957
Epoch 26000 | Loss 0.06203
Epoch 27000 | Loss 0.05586
Epoch 28000 | Loss 0.05924
Epoch 29000 | Loss 0.05886
Epoch 30000 | Loss 0.05466
Epoch 31000 | Loss 0.05278
Epoch 32000 | Loss 0.05869
Epoch 33000 | Loss 0.05698
Epoch 34000 | Loss 0.05781
Epoch 35000 | Loss 0.05588
Epoch 36000 | Loss 0.06270
Epoch 37000 | Loss 0.05779
Epoch 38000 | Loss 0.05475
Epoch 39000 | Loss 0.06144
Epoch 40000 | Loss 0.05545
Evaluating TEST: encode on test_graph (FuseLinker original main.py protocol).
13.739970445632935
MR: 2.770711
MRR: 0.755091
Hits @ 1 = 0.648371
Hits @ 3 = 0.831596
Hits @ 10 = 0.951175
AUROC: 0.987968
ROC curve saved: /home/anhlq/Documents/2026-ltt/FuseLinker2026/fuselinker/compare_submodules/checkpoints/suppkg/pubmedbert_pretrained_embeddings_768/compare_model/residual_rgcn/seed_42/roc_curve.png
Metrics saved: /home/anhlq/Documents/2026-ltt/FuseLinker2026/fuselinker/compare_submodules/checkpoints/suppkg/pubmedbert_pretrained_embeddings_768/compare_model/residual_rgcn/seed_42/metrics.json
Training done!
