Data: /home/anhlq/Documents/2026-ltt/FuseLinker2026/fuselinker/suppkg
Checkpoint: /home/anhlq/Documents/2026-ltt/FuseLinker2026/fuselinker/compare_submodules/checkpoints/suppkg/bert_pretrained_embeddings_768/compare_model_base_test/fusion_additive_residual/seed_43/model_state.pth
model_base_test config: fusion_additive_residual
Modules | projector=False adaptive_fusion=True fusion_variant=additive_residual node_id=False residual_rgcn=False jumping_knowledge=False ppr=False
Hyperparameters | seed=43 w=0.75 n_hidden=200 num_hidden_layers=2 num_bases=20 dropout=0.2 lr=0.001 reg_param=0.01 iterations=40000 graph_batch_size=250 graph_split_size=0.5 negative_sample=20 eval_protocol=filtered ppr_c=0.15 ppr_eps=0.0001 ppr_num_iter=50 ppr_topk=50 ppr_batch_size=128 ppr_num_layers=2
Loading Pretrained Embeddings files...
Loaded Text Embeddings file successfully!
Loaded Domain Knowledge Embeddings file successfully!
w: 0.75
Data Processing...
# entities: 43474
# relations: 15
# edges: 305986
Loaded pretrained domain embeddings, freeze is False.
Loaded pretrained text embeddings, freeze is False.
Initialized random relation embeddings.
cuda
Task 1 DistMult | Encoder: compare_submodules/model_base_test.py
/home/anhlq/Documents/2026-ltt/FuseLinker2026/.venv/lib/python3.10/site-packages/dgl/heterograph.py:92: DGLWarning: Recommend creating graphs by `dgl.graph(data)` instead of `dgl.DGLGraph(data)`.
  dgl_warning(
Start training (masked-entity DistMult)...
/home/anhlq/Documents/2026-ltt/FuseLinker2026/.venv/lib/python3.10/site-packages/dgl/heterograph.py:92: DGLWarning: Recommend creating graphs by `dgl.graph(data)` instead of `dgl.DGLGraph(data)`.
  dgl_warning(
Epoch 1000 | Loss 0.12425
Epoch 2000 | Loss 0.10449
Epoch 3000 | Loss 0.10723
Epoch 4000 | Loss 0.09805
Epoch 5000 | Loss 0.10279
Epoch 6000 | Loss 0.09914
Epoch 7000 | Loss 0.09606
Epoch 8000 | Loss 0.09290
Epoch 9000 | Loss 0.09932
Epoch 10000 | Loss 0.09475
Epoch 11000 | Loss 0.08994
Epoch 12000 | Loss 0.08975
Epoch 13000 | Loss 0.08809
Epoch 14000 | Loss 0.09022
Epoch 15000 | Loss 0.09073
Epoch 16000 | Loss 0.08670
Epoch 17000 | Loss 0.08098
Epoch 18000 | Loss 0.09392
Epoch 19000 | Loss 0.08195
Epoch 20000 | Loss 0.07767
Epoch 21000 | Loss 0.08887
Epoch 22000 | Loss 0.08518
Epoch 23000 | Loss 0.08424
Epoch 24000 | Loss 0.08112
Epoch 25000 | Loss 0.08107
Epoch 26000 | Loss 0.08099
Epoch 27000 | Loss 0.08092
Epoch 28000 | Loss 0.08688
Epoch 29000 | Loss 0.08108
Epoch 30000 | Loss 0.08758
Epoch 31000 | Loss 0.07522
Epoch 32000 | Loss 0.08753
Epoch 33000 | Loss 0.08113
Epoch 34000 | Loss 0.08733
Epoch 35000 | Loss 0.08268
Epoch 36000 | Loss 0.08293
Epoch 37000 | Loss 0.07891
Epoch 38000 | Loss 0.08678
Epoch 39000 | Loss 0.07488
Epoch 40000 | Loss 0.08409
Evaluating TEST: encode on test_graph (FuseLinker original main.py protocol).
21.293158054351807
MR: 2.908657
MRR: 0.725550
Hits @ 1 = 0.610477
Hits @ 3 = 0.803817
Hits @ 10 = 0.948119
AUROC: 0.964331
ROC curve saved: /home/anhlq/Documents/2026-ltt/FuseLinker2026/fuselinker/compare_submodules/checkpoints/suppkg/bert_pretrained_embeddings_768/compare_model_base_test/fusion_additive_residual/seed_43/roc_curve.png
Metrics saved: /home/anhlq/Documents/2026-ltt/FuseLinker2026/fuselinker/compare_submodules/checkpoints/suppkg/bert_pretrained_embeddings_768/compare_model_base_test/fusion_additive_residual/seed_43/metrics.json
Training done!
