Data: /home/anhlq/Documents/2026-ltt/FuseLinker2026/fuselinker/suppkg
Checkpoint: /home/anhlq/Documents/2026-ltt/FuseLinker2026/fuselinker/compare_submodules/checkpoints/suppkg/bert_pretrained_embeddings_768/compare_model_base_test/fusion_additive_residual/seed_44/model_state.pth
model_base_test config: fusion_additive_residual
Modules | projector=False adaptive_fusion=True fusion_variant=additive_residual node_id=False residual_rgcn=False jumping_knowledge=False ppr=False
Hyperparameters | seed=44 w=0.75 n_hidden=200 num_hidden_layers=2 num_bases=20 dropout=0.2 lr=0.001 reg_param=0.01 iterations=40000 graph_batch_size=250 graph_split_size=0.5 negative_sample=20 eval_protocol=filtered ppr_c=0.15 ppr_eps=0.0001 ppr_num_iter=50 ppr_topk=50 ppr_batch_size=128 ppr_num_layers=2
Loading Pretrained Embeddings files...
Loaded Text Embeddings file successfully!
Loaded Domain Knowledge Embeddings file successfully!
w: 0.75
Data Processing...
# entities: 43474
# relations: 15
# edges: 305986
Loaded pretrained domain embeddings, freeze is False.
Loaded pretrained text embeddings, freeze is False.
Initialized random relation embeddings.
cuda
Task 1 DistMult | Encoder: compare_submodules/model_base_test.py
/home/anhlq/Documents/2026-ltt/FuseLinker2026/.venv/lib/python3.10/site-packages/dgl/heterograph.py:92: DGLWarning: Recommend creating graphs by `dgl.graph(data)` instead of `dgl.DGLGraph(data)`.
  dgl_warning(
Start training (masked-entity DistMult)...
/home/anhlq/Documents/2026-ltt/FuseLinker2026/.venv/lib/python3.10/site-packages/dgl/heterograph.py:92: DGLWarning: Recommend creating graphs by `dgl.graph(data)` instead of `dgl.DGLGraph(data)`.
  dgl_warning(
Epoch 1000 | Loss 0.12524
Epoch 2000 | Loss 0.10429
Epoch 3000 | Loss 0.10478
Epoch 4000 | Loss 0.10199
Epoch 5000 | Loss 0.10102
Epoch 6000 | Loss 0.09754
Epoch 7000 | Loss 0.09860
Epoch 8000 | Loss 0.09400
Epoch 9000 | Loss 0.09671
Epoch 10000 | Loss 0.09016
Epoch 11000 | Loss 0.08677
Epoch 12000 | Loss 0.09536
Epoch 13000 | Loss 0.09050
Epoch 14000 | Loss 0.08659
Epoch 15000 | Loss 0.08203
Epoch 16000 | Loss 0.08389
Epoch 17000 | Loss 0.08729
Epoch 18000 | Loss 0.08610
Epoch 19000 | Loss 0.08334
Epoch 20000 | Loss 0.08638
Epoch 21000 | Loss 0.08108
Epoch 22000 | Loss 0.08061
Epoch 23000 | Loss 0.08820
Epoch 24000 | Loss 0.08908
Epoch 25000 | Loss 0.08658
Epoch 26000 | Loss 0.08413
Epoch 27000 | Loss 0.08421
Epoch 28000 | Loss 0.08339
Epoch 29000 | Loss 0.08350
Epoch 30000 | Loss 0.08007
Epoch 31000 | Loss 0.08850
Epoch 32000 | Loss 0.08240
Epoch 33000 | Loss 0.07985
Epoch 34000 | Loss 0.08015
Epoch 35000 | Loss 0.08180
Epoch 36000 | Loss 0.08281
Epoch 37000 | Loss 0.08290
Epoch 38000 | Loss 0.08496
Epoch 39000 | Loss 0.08081
Epoch 40000 | Loss 0.07394
Evaluating TEST: encode on test_graph (FuseLinker original main.py protocol).
23.16145348548889
MR: 3.066456
MRR: 0.704896
Hits @ 1 = 0.582470
Hits @ 3 = 0.786186
Hits @ 10 = 0.943691
AUROC: 0.967651
ROC curve saved: /home/anhlq/Documents/2026-ltt/FuseLinker2026/fuselinker/compare_submodules/checkpoints/suppkg/bert_pretrained_embeddings_768/compare_model_base_test/fusion_additive_residual/seed_44/roc_curve.png
Metrics saved: /home/anhlq/Documents/2026-ltt/FuseLinker2026/fuselinker/compare_submodules/checkpoints/suppkg/bert_pretrained_embeddings_768/compare_model_base_test/fusion_additive_residual/seed_44/metrics.json
Training done!
