Data: /home/anhlq/Documents/2026-ltt/FuseLinker2026/fuselinker/suppkg
Checkpoint: /home/anhlq/Documents/2026-ltt/FuseLinker2026/fuselinker/compare_submodules/checkpoints/suppkg/bert_pretrained_embeddings_768/compare_model_base_test/fusion_channel_alpha/seed_43/model_state.pth
model_base_test config: fusion_channel_alpha
Modules | projector=False adaptive_fusion=True fusion_variant=channel_alpha node_id=False residual_rgcn=False jumping_knowledge=False ppr=False
Hyperparameters | seed=43 w=0.75 n_hidden=200 num_hidden_layers=2 num_bases=20 dropout=0.2 lr=0.001 reg_param=0.01 iterations=40000 graph_batch_size=250 graph_split_size=0.5 negative_sample=20 eval_protocol=filtered ppr_c=0.15 ppr_eps=0.0001 ppr_num_iter=50 ppr_topk=50 ppr_batch_size=128 ppr_num_layers=2
Loading Pretrained Embeddings files...
Loaded Text Embeddings file successfully!
Loaded Domain Knowledge Embeddings file successfully!
w: 0.75
Data Processing...
# entities: 43474
# relations: 15
# edges: 305986
Loaded pretrained domain embeddings, freeze is False.
Loaded pretrained text embeddings, freeze is False.
Initialized random relation embeddings.
cuda
Task 1 DistMult | Encoder: compare_submodules/model_base_test.py
/home/anhlq/Documents/2026-ltt/FuseLinker2026/.venv/lib/python3.10/site-packages/dgl/heterograph.py:92: DGLWarning: Recommend creating graphs by `dgl.graph(data)` instead of `dgl.DGLGraph(data)`.
  dgl_warning(
Start training (masked-entity DistMult)...
/home/anhlq/Documents/2026-ltt/FuseLinker2026/.venv/lib/python3.10/site-packages/dgl/heterograph.py:92: DGLWarning: Recommend creating graphs by `dgl.graph(data)` instead of `dgl.DGLGraph(data)`.
  dgl_warning(
Epoch 1000 | Loss 0.12352
Epoch 2000 | Loss 0.10306
Epoch 3000 | Loss 0.10249
Epoch 4000 | Loss 0.09824
Epoch 5000 | Loss 0.10114
Epoch 6000 | Loss 0.09907
Epoch 7000 | Loss 0.09414
Epoch 8000 | Loss 0.09384
Epoch 9000 | Loss 0.09381
Epoch 10000 | Loss 0.09410
Epoch 11000 | Loss 0.08684
Epoch 12000 | Loss 0.08708
Epoch 13000 | Loss 0.08610
Epoch 14000 | Loss 0.08667
Epoch 15000 | Loss 0.09128
Epoch 16000 | Loss 0.08623
Epoch 17000 | Loss 0.08345
Epoch 18000 | Loss 0.08599
Epoch 19000 | Loss 0.08043
Epoch 20000 | Loss 0.07637
Epoch 21000 | Loss 0.08439
Epoch 22000 | Loss 0.08052
Epoch 23000 | Loss 0.07657
Epoch 24000 | Loss 0.08051
Epoch 25000 | Loss 0.07917
Epoch 26000 | Loss 0.07863
Epoch 27000 | Loss 0.08097
Epoch 28000 | Loss 0.08476
Epoch 29000 | Loss 0.07595
Epoch 30000 | Loss 0.08172
Epoch 31000 | Loss 0.06805
Epoch 32000 | Loss 0.08206
Epoch 33000 | Loss 0.07858
Epoch 34000 | Loss 0.08527
Epoch 35000 | Loss 0.08205
Epoch 36000 | Loss 0.08173
Epoch 37000 | Loss 0.07840
Epoch 38000 | Loss 0.07839
Epoch 39000 | Loss 0.07457
Epoch 40000 | Loss 0.08134
Evaluating TEST: encode on test_graph (FuseLinker original main.py protocol).
24.389729499816895
MR: 2.897480
MRR: 0.732114
Hits @ 1 = 0.617994
Hits @ 3 = 0.811219
Hits @ 10 = 0.948871
AUROC: 0.971426
ROC curve saved: /home/anhlq/Documents/2026-ltt/FuseLinker2026/fuselinker/compare_submodules/checkpoints/suppkg/bert_pretrained_embeddings_768/compare_model_base_test/fusion_channel_alpha/seed_43/roc_curve.png
Metrics saved: /home/anhlq/Documents/2026-ltt/FuseLinker2026/fuselinker/compare_submodules/checkpoints/suppkg/bert_pretrained_embeddings_768/compare_model_base_test/fusion_channel_alpha/seed_43/metrics.json
Training done!
