Data: /home/anhlq/Documents/2026-ltt/FuseLinker2026/fuselinker/suppkg
Checkpoint: /home/anhlq/Documents/2026-ltt/FuseLinker2026/fuselinker/compare_submodules/checkpoints/suppkg/bert_pretrained_embeddings_768/compare_model_base_test/fusion_channel_alpha/seed_42/model_state.pth
model_base_test config: fusion_channel_alpha
Modules | projector=False adaptive_fusion=True fusion_variant=channel_alpha node_id=False residual_rgcn=False jumping_knowledge=False ppr=False
Hyperparameters | seed=42 w=0.75 n_hidden=200 num_hidden_layers=2 num_bases=20 dropout=0.2 lr=0.001 reg_param=0.01 iterations=40000 graph_batch_size=250 graph_split_size=0.5 negative_sample=20 eval_protocol=filtered ppr_c=0.15 ppr_eps=0.0001 ppr_num_iter=50 ppr_topk=50 ppr_batch_size=128 ppr_num_layers=2
Loading Pretrained Embeddings files...
Loaded Text Embeddings file successfully!
Loaded Domain Knowledge Embeddings file successfully!
w: 0.75
Data Processing...
# entities: 43474
# relations: 15
# edges: 305986
Loaded pretrained domain embeddings, freeze is False.
Loaded pretrained text embeddings, freeze is False.
Initialized random relation embeddings.
cuda
Task 1 DistMult | Encoder: compare_submodules/model_base_test.py
/home/anhlq/Documents/2026-ltt/FuseLinker2026/.venv/lib/python3.10/site-packages/dgl/heterograph.py:92: DGLWarning: Recommend creating graphs by `dgl.graph(data)` instead of `dgl.DGLGraph(data)`.
  dgl_warning(
Start training (masked-entity DistMult)...
/home/anhlq/Documents/2026-ltt/FuseLinker2026/.venv/lib/python3.10/site-packages/dgl/heterograph.py:92: DGLWarning: Recommend creating graphs by `dgl.graph(data)` instead of `dgl.DGLGraph(data)`.
  dgl_warning(
Epoch 1000 | Loss 0.11750
Epoch 2000 | Loss 0.11731
Epoch 3000 | Loss 0.10345
Epoch 4000 | Loss 0.10259
Epoch 5000 | Loss 0.09638
Epoch 6000 | Loss 0.10292
Epoch 7000 | Loss 0.08796
Epoch 8000 | Loss 0.09269
Epoch 9000 | Loss 0.09632
Epoch 10000 | Loss 0.09211
Epoch 11000 | Loss 0.09144
Epoch 12000 | Loss 0.08995
Epoch 13000 | Loss 0.09697
Epoch 14000 | Loss 0.08675
Epoch 15000 | Loss 0.08811
Epoch 16000 | Loss 0.09002
Epoch 17000 | Loss 0.08502
Epoch 18000 | Loss 0.08063
Epoch 19000 | Loss 0.09757
Epoch 20000 | Loss 0.08051
Epoch 21000 | Loss 0.09040
Epoch 22000 | Loss 0.08274
Epoch 23000 | Loss 0.08549
Epoch 24000 | Loss 0.07502
Epoch 25000 | Loss 0.07830
Epoch 26000 | Loss 0.07822
Epoch 27000 | Loss 0.08068
Epoch 28000 | Loss 0.08127
Epoch 29000 | Loss 0.07596
Epoch 30000 | Loss 0.07820
Epoch 31000 | Loss 0.07941
Epoch 32000 | Loss 0.07713
Epoch 33000 | Loss 0.07348
Epoch 34000 | Loss 0.07552
Epoch 35000 | Loss 0.07685
Epoch 36000 | Loss 0.08377
Epoch 37000 | Loss 0.07618
Epoch 38000 | Loss 0.07714
Epoch 39000 | Loss 0.08206
Epoch 40000 | Loss 0.07519
Evaluating TEST: encode on test_graph (FuseLinker original main.py protocol).
22.972650051116943
MR: 2.972417
MRR: 0.725081
Hits @ 1 = 0.609660
Hits @ 3 = 0.803098
Hits @ 10 = 0.945162
AUROC: 0.968258
ROC curve saved: /home/anhlq/Documents/2026-ltt/FuseLinker2026/fuselinker/compare_submodules/checkpoints/suppkg/bert_pretrained_embeddings_768/compare_model_base_test/fusion_channel_alpha/seed_42/roc_curve.png
Metrics saved: /home/anhlq/Documents/2026-ltt/FuseLinker2026/fuselinker/compare_submodules/checkpoints/suppkg/bert_pretrained_embeddings_768/compare_model_base_test/fusion_channel_alpha/seed_42/metrics.json
Training done!
