Data: /home/anhlq/Documents/2026-ltt/FuseLinker2026/fuselinker/suppkg
Checkpoint: /home/anhlq/Documents/2026-ltt/FuseLinker2026/fuselinker/compare_submodules/checkpoints/suppkg/bert_pretrained_embeddings_768/compare_model_base_test/baseline/seed_44/model_state.pth
model_base_test config: baseline
Modules | projector=False adaptive_fusion=False fusion_variant=node_channel node_id=False residual_rgcn=False jumping_knowledge=False ppr=False
Hyperparameters | seed=44 w=0.75 n_hidden=200 num_hidden_layers=2 num_bases=20 dropout=0.2 lr=0.001 reg_param=0.01 iterations=40000 graph_batch_size=250 graph_split_size=0.5 negative_sample=20 eval_protocol=filtered ppr_c=0.15 ppr_eps=0.0001 ppr_num_iter=50 ppr_topk=50 ppr_batch_size=128 ppr_num_layers=2
Loading Pretrained Embeddings files...
Loaded Text Embeddings file successfully!
Loaded Domain Knowledge Embeddings file successfully!
w: 0.75
Data Processing...
# entities: 43474
# relations: 15
# edges: 305986
Loaded pretrained domain embeddings, freeze is False.
Loaded pretrained text embeddings, freeze is False.
Initialized random relation embeddings.
cuda
Task 1 DistMult | Encoder: compare_submodules/model_base_test.py
/home/anhlq/Documents/2026-ltt/FuseLinker2026/.venv/lib/python3.10/site-packages/dgl/heterograph.py:92: DGLWarning: Recommend creating graphs by `dgl.graph(data)` instead of `dgl.DGLGraph(data)`.
  dgl_warning(
Start training (masked-entity DistMult)...
/home/anhlq/Documents/2026-ltt/FuseLinker2026/.venv/lib/python3.10/site-packages/dgl/heterograph.py:92: DGLWarning: Recommend creating graphs by `dgl.graph(data)` instead of `dgl.DGLGraph(data)`.
  dgl_warning(
Epoch 1000 | Loss 0.12232
Epoch 2000 | Loss 0.10582
Epoch 3000 | Loss 0.10074
Epoch 4000 | Loss 0.10017
Epoch 5000 | Loss 0.10019
Epoch 6000 | Loss 0.09549
Epoch 7000 | Loss 0.09696
Epoch 8000 | Loss 0.09018
Epoch 9000 | Loss 0.09703
Epoch 10000 | Loss 0.08830
Epoch 11000 | Loss 0.08323
Epoch 12000 | Loss 0.08939
Epoch 13000 | Loss 0.09097
Epoch 14000 | Loss 0.08338
Epoch 15000 | Loss 0.08151
Epoch 16000 | Loss 0.08380
Epoch 17000 | Loss 0.08436
Epoch 18000 | Loss 0.08646
Epoch 19000 | Loss 0.08156
Epoch 20000 | Loss 0.08374
Epoch 21000 | Loss 0.07858
Epoch 22000 | Loss 0.07969
Epoch 23000 | Loss 0.09254
Epoch 24000 | Loss 0.08246
Epoch 25000 | Loss 0.08445
Epoch 26000 | Loss 0.08217
Epoch 27000 | Loss 0.07973
Epoch 28000 | Loss 0.07659
Epoch 29000 | Loss 0.07771
Epoch 30000 | Loss 0.07754
Epoch 31000 | Loss 0.08284
Epoch 32000 | Loss 0.08123
Epoch 33000 | Loss 0.07563
Epoch 34000 | Loss 0.08024
Epoch 35000 | Loss 0.07455
Epoch 36000 | Loss 0.07921
Epoch 37000 | Loss 0.07976
Epoch 38000 | Loss 0.08111
Epoch 39000 | Loss 0.07786
Epoch 40000 | Loss 0.06569
Evaluating TEST: encode on test_graph (FuseLinker original main.py protocol).
23.7128427028656
MR: 3.071947
MRR: 0.717490
Hits @ 1 = 0.600657
Hits @ 3 = 0.796170
Hits @ 10 = 0.941714
AUROC: 0.971044
ROC curve saved: /home/anhlq/Documents/2026-ltt/FuseLinker2026/fuselinker/compare_submodules/checkpoints/suppkg/bert_pretrained_embeddings_768/compare_model_base_test/baseline/seed_44/roc_curve.png
Metrics saved: /home/anhlq/Documents/2026-ltt/FuseLinker2026/fuselinker/compare_submodules/checkpoints/suppkg/bert_pretrained_embeddings_768/compare_model_base_test/baseline/seed_44/metrics.json
Training done!
