Data: /home/anhlq/Documents/2026-ltt/FuseLinker2026/fuselinker/suppkg
Checkpoint: /home/anhlq/Documents/2026-ltt/FuseLinker2026/fuselinker/compare_submodules/checkpoints/suppkg/bert_pretrained_embeddings_768/compare_model_base_test/fusion_fusion_gate_py/seed_44/model_state.pth
model_base_test config: fusion_fusion_gate_py
Modules | projector=False adaptive_fusion=True fusion_variant=fusion_gate_py node_id=False residual_rgcn=False jumping_knowledge=False ppr=False
Hyperparameters | seed=44 w=0.75 n_hidden=200 num_hidden_layers=2 num_bases=20 dropout=0.2 lr=0.001 reg_param=0.01 iterations=40000 graph_batch_size=250 graph_split_size=0.5 negative_sample=20 eval_protocol=filtered ppr_c=0.15 ppr_eps=0.0001 ppr_num_iter=50 ppr_topk=50 ppr_batch_size=128 ppr_num_layers=2
Loading Pretrained Embeddings files...
Loaded Text Embeddings file successfully!
Loaded Domain Knowledge Embeddings file successfully!
w: 0.75
Data Processing...
# entities: 43474
# relations: 15
# edges: 305986
Loaded pretrained domain embeddings, freeze is False.
Loaded pretrained text embeddings, freeze is False.
Initialized random relation embeddings.
cuda
Task 1 DistMult | Encoder: compare_submodules/model_base_test.py
/home/anhlq/Documents/2026-ltt/FuseLinker2026/.venv/lib/python3.10/site-packages/dgl/heterograph.py:92: DGLWarning: Recommend creating graphs by `dgl.graph(data)` instead of `dgl.DGLGraph(data)`.
  dgl_warning(
Start training (masked-entity DistMult)...
/home/anhlq/Documents/2026-ltt/FuseLinker2026/.venv/lib/python3.10/site-packages/dgl/heterograph.py:92: DGLWarning: Recommend creating graphs by `dgl.graph(data)` instead of `dgl.DGLGraph(data)`.
  dgl_warning(
Epoch 1000 | Loss 0.12098
Epoch 2000 | Loss 0.09961
Epoch 3000 | Loss 0.09943
Epoch 4000 | Loss 0.10261
Epoch 5000 | Loss 0.09929
Epoch 6000 | Loss 0.09614
Epoch 7000 | Loss 0.09945
Epoch 8000 | Loss 0.09263
Epoch 9000 | Loss 0.09993
Epoch 10000 | Loss 0.08931
Epoch 11000 | Loss 0.08558
Epoch 12000 | Loss 0.09310
Epoch 13000 | Loss 0.09170
Epoch 14000 | Loss 0.08463
Epoch 15000 | Loss 0.07869
Epoch 16000 | Loss 0.08316
Epoch 17000 | Loss 0.08935
Epoch 18000 | Loss 0.08827
Epoch 19000 | Loss 0.08619
Epoch 20000 | Loss 0.08485
Epoch 21000 | Loss 0.08261
Epoch 22000 | Loss 0.08222
Epoch 23000 | Loss 0.08963
Epoch 24000 | Loss 0.08732
Epoch 25000 | Loss 0.08976
Epoch 26000 | Loss 0.08631
Epoch 27000 | Loss 0.08512
Epoch 28000 | Loss 0.08202
Epoch 29000 | Loss 0.08095
Epoch 30000 | Loss 0.08322
Epoch 31000 | Loss 0.08589
Epoch 32000 | Loss 0.08624
Epoch 33000 | Loss 0.08403
Epoch 34000 | Loss 0.08540
Epoch 35000 | Loss 0.07821
Epoch 36000 | Loss 0.08429
Epoch 37000 | Loss 0.08328
Epoch 38000 | Loss 0.08500
Epoch 39000 | Loss 0.08127
Epoch 40000 | Loss 0.07463
Evaluating TEST: encode on test_graph (FuseLinker original main.py protocol).
24.402089595794678
MR: 3.428887
MRR: 0.672060
Hits @ 1 = 0.542632
Hits @ 3 = 0.753162
Hits @ 10 = 0.931501
AUROC: 0.963385
ROC curve saved: /home/anhlq/Documents/2026-ltt/FuseLinker2026/fuselinker/compare_submodules/checkpoints/suppkg/bert_pretrained_embeddings_768/compare_model_base_test/fusion_fusion_gate_py/seed_44/roc_curve.png
Metrics saved: /home/anhlq/Documents/2026-ltt/FuseLinker2026/fuselinker/compare_submodules/checkpoints/suppkg/bert_pretrained_embeddings_768/compare_model_base_test/fusion_fusion_gate_py/seed_44/metrics.json
Training done!
