Data: /home/anhlq/Documents/2026-ltt/FuseLinker2026/fuselinker/suppkg
Checkpoint: /home/anhlq/Documents/2026-ltt/FuseLinker2026/fuselinker/compare_submodules/checkpoints/suppkg/bert_pretrained_embeddings_768/compare_model_base_test/fusion_fusion_gate_py/seed_42/model_state.pth
model_base_test config: fusion_fusion_gate_py
Modules | projector=False adaptive_fusion=True fusion_variant=fusion_gate_py node_id=False residual_rgcn=False jumping_knowledge=False ppr=False
Hyperparameters | seed=42 w=0.75 n_hidden=200 num_hidden_layers=2 num_bases=20 dropout=0.2 lr=0.001 reg_param=0.01 iterations=40000 graph_batch_size=250 graph_split_size=0.5 negative_sample=20 eval_protocol=filtered ppr_c=0.15 ppr_eps=0.0001 ppr_num_iter=50 ppr_topk=50 ppr_batch_size=128 ppr_num_layers=2
Loading Pretrained Embeddings files...
Loaded Text Embeddings file successfully!
Loaded Domain Knowledge Embeddings file successfully!
w: 0.75
Data Processing...
# entities: 43474
# relations: 15
# edges: 305986
Loaded pretrained domain embeddings, freeze is False.
Loaded pretrained text embeddings, freeze is False.
Initialized random relation embeddings.
cuda
Task 1 DistMult | Encoder: compare_submodules/model_base_test.py
/home/anhlq/Documents/2026-ltt/FuseLinker2026/.venv/lib/python3.10/site-packages/dgl/heterograph.py:92: DGLWarning: Recommend creating graphs by `dgl.graph(data)` instead of `dgl.DGLGraph(data)`.
  dgl_warning(
Start training (masked-entity DistMult)...
/home/anhlq/Documents/2026-ltt/FuseLinker2026/.venv/lib/python3.10/site-packages/dgl/heterograph.py:92: DGLWarning: Recommend creating graphs by `dgl.graph(data)` instead of `dgl.DGLGraph(data)`.
  dgl_warning(
Epoch 1000 | Loss 0.12294
Epoch 2000 | Loss 0.11909
Epoch 3000 | Loss 0.10328
Epoch 4000 | Loss 0.09721
Epoch 5000 | Loss 0.10211
Epoch 6000 | Loss 0.10138
Epoch 7000 | Loss 0.09527
Epoch 8000 | Loss 0.09722
Epoch 9000 | Loss 0.10283
Epoch 10000 | Loss 0.09443
Epoch 11000 | Loss 0.09213
Epoch 12000 | Loss 0.09279
Epoch 13000 | Loss 0.09809
Epoch 14000 | Loss 0.08889
Epoch 15000 | Loss 0.09483
Epoch 16000 | Loss 0.09346
Epoch 17000 | Loss 0.09022
Epoch 18000 | Loss 0.08369
Epoch 19000 | Loss 0.09965
Epoch 20000 | Loss 0.08704
Epoch 21000 | Loss 0.08989
Epoch 22000 | Loss 0.08628
Epoch 23000 | Loss 0.08790
Epoch 24000 | Loss 0.08372
Epoch 25000 | Loss 0.08606
Epoch 26000 | Loss 0.08804
Epoch 27000 | Loss 0.08456
Epoch 28000 | Loss 0.08555
Epoch 29000 | Loss 0.08434
Epoch 30000 | Loss 0.08139
Epoch 31000 | Loss 0.08218
Epoch 32000 | Loss 0.08691
Epoch 33000 | Loss 0.07996
Epoch 34000 | Loss 0.08292
Epoch 35000 | Loss 0.08136
Epoch 36000 | Loss 0.08636
Epoch 37000 | Loss 0.08441
Epoch 38000 | Loss 0.08232
Epoch 39000 | Loss 0.08599
Epoch 40000 | Loss 0.07914
Evaluating TEST: encode on test_graph (FuseLinker original main.py protocol).
17.51785683631897
MR: 3.700301
MRR: 0.659621
Hits @ 1 = 0.531177
Hits @ 3 = 0.738047
Hits @ 10 = 0.918870
AUROC: 0.961323
ROC curve saved: /home/anhlq/Documents/2026-ltt/FuseLinker2026/fuselinker/compare_submodules/checkpoints/suppkg/bert_pretrained_embeddings_768/compare_model_base_test/fusion_fusion_gate_py/seed_42/roc_curve.png
Metrics saved: /home/anhlq/Documents/2026-ltt/FuseLinker2026/fuselinker/compare_submodules/checkpoints/suppkg/bert_pretrained_embeddings_768/compare_model_base_test/fusion_fusion_gate_py/seed_42/metrics.json
Training done!
