Data: /home/anhlq/Documents/2026-ltt/FuseLinker2026/fuselinker/suppkg
Checkpoint: /home/anhlq/Documents/2026-ltt/FuseLinker2026/fuselinker/compare_submodules/checkpoints/suppkg/bert_pretrained_embeddings_768/compare_model_base_test/fusion_fusion_gate_py/seed_43/model_state.pth
model_base_test config: fusion_fusion_gate_py
Modules | projector=False adaptive_fusion=True fusion_variant=fusion_gate_py node_id=False residual_rgcn=False jumping_knowledge=False ppr=False
Hyperparameters | seed=43 w=0.75 n_hidden=200 num_hidden_layers=2 num_bases=20 dropout=0.2 lr=0.001 reg_param=0.01 iterations=40000 graph_batch_size=250 graph_split_size=0.5 negative_sample=20 eval_protocol=filtered ppr_c=0.15 ppr_eps=0.0001 ppr_num_iter=50 ppr_topk=50 ppr_batch_size=128 ppr_num_layers=2
Loading Pretrained Embeddings files...
Loaded Text Embeddings file successfully!
Loaded Domain Knowledge Embeddings file successfully!
w: 0.75
Data Processing...
# entities: 43474
# relations: 15
# edges: 305986
Loaded pretrained domain embeddings, freeze is False.
Loaded pretrained text embeddings, freeze is False.
Initialized random relation embeddings.
cuda
Task 1 DistMult | Encoder: compare_submodules/model_base_test.py
/home/anhlq/Documents/2026-ltt/FuseLinker2026/.venv/lib/python3.10/site-packages/dgl/heterograph.py:92: DGLWarning: Recommend creating graphs by `dgl.graph(data)` instead of `dgl.DGLGraph(data)`.
  dgl_warning(
Start training (masked-entity DistMult)...
/home/anhlq/Documents/2026-ltt/FuseLinker2026/.venv/lib/python3.10/site-packages/dgl/heterograph.py:92: DGLWarning: Recommend creating graphs by `dgl.graph(data)` instead of `dgl.DGLGraph(data)`.
  dgl_warning(
Epoch 1000 | Loss 0.12712
Epoch 2000 | Loss 0.10442
Epoch 3000 | Loss 0.10217
Epoch 4000 | Loss 0.09636
Epoch 5000 | Loss 0.10224
Epoch 6000 | Loss 0.09940
Epoch 7000 | Loss 0.09931
Epoch 8000 | Loss 0.09240
Epoch 9000 | Loss 0.09601
Epoch 10000 | Loss 0.09517
Epoch 11000 | Loss 0.08889
Epoch 12000 | Loss 0.08824
Epoch 13000 | Loss 0.08910
Epoch 14000 | Loss 0.08828
Epoch 15000 | Loss 0.09571
Epoch 16000 | Loss 0.08890
Epoch 17000 | Loss 0.08723
Epoch 18000 | Loss 0.09067
Epoch 19000 | Loss 0.08796
Epoch 20000 | Loss 0.08360
Epoch 21000 | Loss 0.08943
Epoch 22000 | Loss 0.08662
Epoch 23000 | Loss 0.08765
Epoch 24000 | Loss 0.08380
Epoch 25000 | Loss 0.08212
Epoch 26000 | Loss 0.08557
Epoch 27000 | Loss 0.07993
Epoch 28000 | Loss 0.09068
Epoch 29000 | Loss 0.07953
Epoch 30000 | Loss 0.08563
Epoch 31000 | Loss 0.07600
Epoch 32000 | Loss 0.08729
Epoch 33000 | Loss 0.08106
Epoch 34000 | Loss 0.08674
Epoch 35000 | Loss 0.08787
Epoch 36000 | Loss 0.08606
Epoch 37000 | Loss 0.08243
Epoch 38000 | Loss 0.08083
Epoch 39000 | Loss 0.08125
Epoch 40000 | Loss 0.08683
Evaluating TEST: encode on test_graph (FuseLinker original main.py protocol).
19.126150131225586
MR: 3.768914
MRR: 0.658381
Hits @ 1 = 0.530459
Hits @ 3 = 0.735531
Hits @ 10 = 0.916337
AUROC: 0.959935
ROC curve saved: /home/anhlq/Documents/2026-ltt/FuseLinker2026/fuselinker/compare_submodules/checkpoints/suppkg/bert_pretrained_embeddings_768/compare_model_base_test/fusion_fusion_gate_py/seed_43/roc_curve.png
Metrics saved: /home/anhlq/Documents/2026-ltt/FuseLinker2026/fuselinker/compare_submodules/checkpoints/suppkg/bert_pretrained_embeddings_768/compare_model_base_test/fusion_fusion_gate_py/seed_43/metrics.json
Training done!
