Data: /home/anhlq/Documents/2026-ltt/FuseLinker2026/fuselinker/suppkg
Checkpoint: /home/anhlq/Documents/2026-ltt/FuseLinker2026/fuselinker/compare_submodules/checkpoints/suppkg/bert_pretrained_embeddings_768/compare_model_base_test/fusion_node_scalar/seed_44/model_state.pth
model_base_test config: fusion_node_scalar
Modules | projector=False adaptive_fusion=True fusion_variant=node_scalar node_id=False residual_rgcn=False jumping_knowledge=False ppr=False
Hyperparameters | seed=44 w=0.75 n_hidden=200 num_hidden_layers=2 num_bases=20 dropout=0.2 lr=0.001 reg_param=0.01 iterations=40000 graph_batch_size=250 graph_split_size=0.5 negative_sample=20 eval_protocol=filtered ppr_c=0.15 ppr_eps=0.0001 ppr_num_iter=50 ppr_topk=50 ppr_batch_size=128 ppr_num_layers=2
Loading Pretrained Embeddings files...
Loaded Text Embeddings file successfully!
Loaded Domain Knowledge Embeddings file successfully!
w: 0.75
Data Processing...
# entities: 43474
# relations: 15
# edges: 305986
Loaded pretrained domain embeddings, freeze is False.
Loaded pretrained text embeddings, freeze is False.
Initialized random relation embeddings.
cuda
Task 1 DistMult | Encoder: compare_submodules/model_base_test.py
/home/anhlq/Documents/2026-ltt/FuseLinker2026/.venv/lib/python3.10/site-packages/dgl/heterograph.py:92: DGLWarning: Recommend creating graphs by `dgl.graph(data)` instead of `dgl.DGLGraph(data)`.
  dgl_warning(
Start training (masked-entity DistMult)...
/home/anhlq/Documents/2026-ltt/FuseLinker2026/.venv/lib/python3.10/site-packages/dgl/heterograph.py:92: DGLWarning: Recommend creating graphs by `dgl.graph(data)` instead of `dgl.DGLGraph(data)`.
  dgl_warning(
Epoch 1000 | Loss 0.12155
Epoch 2000 | Loss 0.10046
Epoch 3000 | Loss 0.09989
Epoch 4000 | Loss 0.10332
Epoch 5000 | Loss 0.09723
Epoch 6000 | Loss 0.09830
Epoch 7000 | Loss 0.09941
Epoch 8000 | Loss 0.08806
Epoch 9000 | Loss 0.09921
Epoch 10000 | Loss 0.08841
Epoch 11000 | Loss 0.08358
Epoch 12000 | Loss 0.09389
Epoch 13000 | Loss 0.09015
Epoch 14000 | Loss 0.08302
Epoch 15000 | Loss 0.08282
Epoch 16000 | Loss 0.08140
Epoch 17000 | Loss 0.08570
Epoch 18000 | Loss 0.08829
Epoch 19000 | Loss 0.08392
Epoch 20000 | Loss 0.08305
Epoch 21000 | Loss 0.07809
Epoch 22000 | Loss 0.08393
Epoch 23000 | Loss 0.08812
Epoch 24000 | Loss 0.09065
Epoch 25000 | Loss 0.08682
Epoch 26000 | Loss 0.08611
Epoch 27000 | Loss 0.08258
Epoch 28000 | Loss 0.07946
Epoch 29000 | Loss 0.08314
Epoch 30000 | Loss 0.08403
Epoch 31000 | Loss 0.08501
Epoch 32000 | Loss 0.08423
Epoch 33000 | Loss 0.07553
Epoch 34000 | Loss 0.08324
Epoch 35000 | Loss 0.07583
Epoch 36000 | Loss 0.08123
Epoch 37000 | Loss 0.08177
Epoch 38000 | Loss 0.07940
Epoch 39000 | Loss 0.08126
Epoch 40000 | Loss 0.07026
Evaluating TEST: encode on test_graph (FuseLinker original main.py protocol).
22.875083923339844
MR: 3.255155
MRR: 0.690151
Hits @ 1 = 0.564479
Hits @ 3 = 0.773293
Hits @ 10 = 0.936893
AUROC: 0.969193
ROC curve saved: /home/anhlq/Documents/2026-ltt/FuseLinker2026/fuselinker/compare_submodules/checkpoints/suppkg/bert_pretrained_embeddings_768/compare_model_base_test/fusion_node_scalar/seed_44/roc_curve.png
Metrics saved: /home/anhlq/Documents/2026-ltt/FuseLinker2026/fuselinker/compare_submodules/checkpoints/suppkg/bert_pretrained_embeddings_768/compare_model_base_test/fusion_node_scalar/seed_44/metrics.json
Training done!
