Data: /home/anhlq/Documents/2026-ltt/FuseLinker2026/fuselinker/suppkg
Checkpoint: /home/anhlq/Documents/2026-ltt/FuseLinker2026/fuselinker/compare_submodules/checkpoints/suppkg/bert_pretrained_embeddings_768/compare_model_base_test/fusion_node_scalar/seed_42/model_state.pth
model_base_test config: fusion_node_scalar
Modules | projector=False adaptive_fusion=True fusion_variant=node_scalar node_id=False residual_rgcn=False jumping_knowledge=False ppr=False
Hyperparameters | seed=42 w=0.75 n_hidden=200 num_hidden_layers=2 num_bases=20 dropout=0.2 lr=0.001 reg_param=0.01 iterations=40000 graph_batch_size=250 graph_split_size=0.5 negative_sample=20 eval_protocol=filtered ppr_c=0.15 ppr_eps=0.0001 ppr_num_iter=50 ppr_topk=50 ppr_batch_size=128 ppr_num_layers=2
Loading Pretrained Embeddings files...
Loaded Text Embeddings file successfully!
Loaded Domain Knowledge Embeddings file successfully!
w: 0.75
Data Processing...
# entities: 43474
# relations: 15
# edges: 305986
Loaded pretrained domain embeddings, freeze is False.
Loaded pretrained text embeddings, freeze is False.
Initialized random relation embeddings.
cuda
Task 1 DistMult | Encoder: compare_submodules/model_base_test.py
/home/anhlq/Documents/2026-ltt/FuseLinker2026/.venv/lib/python3.10/site-packages/dgl/heterograph.py:92: DGLWarning: Recommend creating graphs by `dgl.graph(data)` instead of `dgl.DGLGraph(data)`.
  dgl_warning(
Start training (masked-entity DistMult)...
/home/anhlq/Documents/2026-ltt/FuseLinker2026/.venv/lib/python3.10/site-packages/dgl/heterograph.py:92: DGLWarning: Recommend creating graphs by `dgl.graph(data)` instead of `dgl.DGLGraph(data)`.
  dgl_warning(
Epoch 1000 | Loss 0.11729
Epoch 2000 | Loss 0.11582
Epoch 3000 | Loss 0.10421
Epoch 4000 | Loss 0.09917
Epoch 5000 | Loss 0.10190
Epoch 6000 | Loss 0.10098
Epoch 7000 | Loss 0.08813
Epoch 8000 | Loss 0.09241
Epoch 9000 | Loss 0.10051
Epoch 10000 | Loss 0.08607
Epoch 11000 | Loss 0.08849
Epoch 12000 | Loss 0.08911
Epoch 13000 | Loss 0.09627
Epoch 14000 | Loss 0.08857
Epoch 15000 | Loss 0.09422
Epoch 16000 | Loss 0.08956
Epoch 17000 | Loss 0.08361
Epoch 18000 | Loss 0.07971
Epoch 19000 | Loss 0.09356
Epoch 20000 | Loss 0.08277
Epoch 21000 | Loss 0.08525
Epoch 22000 | Loss 0.08188
Epoch 23000 | Loss 0.08253
Epoch 24000 | Loss 0.07721
Epoch 25000 | Loss 0.08292
Epoch 26000 | Loss 0.08066
Epoch 27000 | Loss 0.08241
Epoch 28000 | Loss 0.08187
Epoch 29000 | Loss 0.08509
Epoch 30000 | Loss 0.07840
Epoch 31000 | Loss 0.07683
Epoch 32000 | Loss 0.08137
Epoch 33000 | Loss 0.07787
Epoch 34000 | Loss 0.07983
Epoch 35000 | Loss 0.07992
Epoch 36000 | Loss 0.08974
Epoch 37000 | Loss 0.08164
Epoch 38000 | Loss 0.08353
Epoch 39000 | Loss 0.08107
Epoch 40000 | Loss 0.07490
Evaluating TEST: encode on test_graph (FuseLinker original main.py protocol).
23.376609563827515
MR: 3.053417
MRR: 0.712563
Hits @ 1 = 0.592715
Hits @ 3 = 0.793997
Hits @ 10 = 0.942743
AUROC: 0.969496
ROC curve saved: /home/anhlq/Documents/2026-ltt/FuseLinker2026/fuselinker/compare_submodules/checkpoints/suppkg/bert_pretrained_embeddings_768/compare_model_base_test/fusion_node_scalar/seed_42/roc_curve.png
Metrics saved: /home/anhlq/Documents/2026-ltt/FuseLinker2026/fuselinker/compare_submodules/checkpoints/suppkg/bert_pretrained_embeddings_768/compare_model_base_test/fusion_node_scalar/seed_42/metrics.json
Training done!
