Data: /home/anhlq/Documents/2026-ltt/FuseLinker2026/fuselinker/suppkg
Checkpoint: /home/anhlq/Documents/2026-ltt/FuseLinker2026/fuselinker/compare_submodules/checkpoints/suppkg/bert_pretrained_embeddings_768/compare_model_base_test/fusion_node_scalar/seed_43/model_state.pth
model_base_test config: fusion_node_scalar
Modules | projector=False adaptive_fusion=True fusion_variant=node_scalar node_id=False residual_rgcn=False jumping_knowledge=False ppr=False
Hyperparameters | seed=43 w=0.75 n_hidden=200 num_hidden_layers=2 num_bases=20 dropout=0.2 lr=0.001 reg_param=0.01 iterations=40000 graph_batch_size=250 graph_split_size=0.5 negative_sample=20 eval_protocol=filtered ppr_c=0.15 ppr_eps=0.0001 ppr_num_iter=50 ppr_topk=50 ppr_batch_size=128 ppr_num_layers=2
Loading Pretrained Embeddings files...
Loaded Text Embeddings file successfully!
Loaded Domain Knowledge Embeddings file successfully!
w: 0.75
Data Processing...
# entities: 43474
# relations: 15
# edges: 305986
Loaded pretrained domain embeddings, freeze is False.
Loaded pretrained text embeddings, freeze is False.
Initialized random relation embeddings.
cuda
Task 1 DistMult | Encoder: compare_submodules/model_base_test.py
/home/anhlq/Documents/2026-ltt/FuseLinker2026/.venv/lib/python3.10/site-packages/dgl/heterograph.py:92: DGLWarning: Recommend creating graphs by `dgl.graph(data)` instead of `dgl.DGLGraph(data)`.
  dgl_warning(
Start training (masked-entity DistMult)...
/home/anhlq/Documents/2026-ltt/FuseLinker2026/.venv/lib/python3.10/site-packages/dgl/heterograph.py:92: DGLWarning: Recommend creating graphs by `dgl.graph(data)` instead of `dgl.DGLGraph(data)`.
  dgl_warning(
Epoch 1000 | Loss 0.12868
Epoch 2000 | Loss 0.10457
Epoch 3000 | Loss 0.10483
Epoch 4000 | Loss 0.09794
Epoch 5000 | Loss 0.09822
Epoch 6000 | Loss 0.09774
Epoch 7000 | Loss 0.09255
Epoch 8000 | Loss 0.09477
Epoch 9000 | Loss 0.09474
Epoch 10000 | Loss 0.09098
Epoch 11000 | Loss 0.08849
Epoch 12000 | Loss 0.08841
Epoch 13000 | Loss 0.08563
Epoch 14000 | Loss 0.09006
Epoch 15000 | Loss 0.09405
Epoch 16000 | Loss 0.08844
Epoch 17000 | Loss 0.08228
Epoch 18000 | Loss 0.08582
Epoch 19000 | Loss 0.08800
Epoch 20000 | Loss 0.08158
Epoch 21000 | Loss 0.08429
Epoch 22000 | Loss 0.08657
Epoch 23000 | Loss 0.08359
Epoch 24000 | Loss 0.08016
Epoch 25000 | Loss 0.08181
Epoch 26000 | Loss 0.08278
Epoch 27000 | Loss 0.08422
Epoch 28000 | Loss 0.08739
Epoch 29000 | Loss 0.08148
Epoch 30000 | Loss 0.08369
Epoch 31000 | Loss 0.06869
Epoch 32000 | Loss 0.08308
Epoch 33000 | Loss 0.08584
Epoch 34000 | Loss 0.08484
Epoch 35000 | Loss 0.08705
Epoch 36000 | Loss 0.08210
Epoch 37000 | Loss 0.07951
Epoch 38000 | Loss 0.08182
Epoch 39000 | Loss 0.07857
Epoch 40000 | Loss 0.08652
Evaluating TEST: encode on test_graph (FuseLinker original main.py protocol).
23.49796223640442
MR: 3.185088
MRR: 0.698060
Hits @ 1 = 0.574316
Hits @ 3 = 0.779993
Hits @ 10 = 0.939148
AUROC: 0.965273
ROC curve saved: /home/anhlq/Documents/2026-ltt/FuseLinker2026/fuselinker/compare_submodules/checkpoints/suppkg/bert_pretrained_embeddings_768/compare_model_base_test/fusion_node_scalar/seed_43/roc_curve.png
Metrics saved: /home/anhlq/Documents/2026-ltt/FuseLinker2026/fuselinker/compare_submodules/checkpoints/suppkg/bert_pretrained_embeddings_768/compare_model_base_test/fusion_node_scalar/seed_43/metrics.json
Training done!
