Data: /home/anhlq/Documents/2026-ltt/FuseLinker2026/fuselinker/suppkg
Checkpoint: /home/anhlq/Documents/2026-ltt/FuseLinker2026/fuselinker/compare_submodules/checkpoints/suppkg/bert_pretrained_embeddings_768/compare_model_base_test/fusion_node_channel/seed_42/model_state.pth
model_base_test config: fusion_node_channel
Modules | projector=False adaptive_fusion=True fusion_variant=node_channel node_id=False residual_rgcn=False jumping_knowledge=False ppr=False
Hyperparameters | seed=42 w=0.75 n_hidden=200 num_hidden_layers=2 num_bases=20 dropout=0.2 lr=0.001 reg_param=0.01 iterations=40000 graph_batch_size=250 graph_split_size=0.5 negative_sample=20 eval_protocol=filtered ppr_c=0.15 ppr_eps=0.0001 ppr_num_iter=50 ppr_topk=50 ppr_batch_size=128 ppr_num_layers=2
Loading Pretrained Embeddings files...
Loaded Text Embeddings file successfully!
Loaded Domain Knowledge Embeddings file successfully!
w: 0.75
Data Processing...
# entities: 43474
# relations: 15
# edges: 305986
Loaded pretrained domain embeddings, freeze is False.
Loaded pretrained text embeddings, freeze is False.
Initialized random relation embeddings.
cuda
Task 1 DistMult | Encoder: compare_submodules/model_base_test.py
/home/anhlq/Documents/2026-ltt/FuseLinker2026/.venv/lib/python3.10/site-packages/dgl/heterograph.py:92: DGLWarning: Recommend creating graphs by `dgl.graph(data)` instead of `dgl.DGLGraph(data)`.
  dgl_warning(
Start training (masked-entity DistMult)...
/home/anhlq/Documents/2026-ltt/FuseLinker2026/.venv/lib/python3.10/site-packages/dgl/heterograph.py:92: DGLWarning: Recommend creating graphs by `dgl.graph(data)` instead of `dgl.DGLGraph(data)`.
  dgl_warning(
Epoch 1000 | Loss 0.12340
Epoch 2000 | Loss 0.11727
Epoch 3000 | Loss 0.10610
Epoch 4000 | Loss 0.09846
Epoch 5000 | Loss 0.09656
Epoch 6000 | Loss 0.10327
Epoch 7000 | Loss 0.09274
Epoch 8000 | Loss 0.09510
Epoch 9000 | Loss 0.09896
Epoch 10000 | Loss 0.08956
Epoch 11000 | Loss 0.09052
Epoch 12000 | Loss 0.09110
Epoch 13000 | Loss 0.09612
Epoch 14000 | Loss 0.08738
Epoch 15000 | Loss 0.08918
Epoch 16000 | Loss 0.08972
Epoch 17000 | Loss 0.08924
Epoch 18000 | Loss 0.08346
Epoch 19000 | Loss 0.09595
Epoch 20000 | Loss 0.08611
Epoch 21000 | Loss 0.08893
Epoch 22000 | Loss 0.08648
Epoch 23000 | Loss 0.08424
Epoch 24000 | Loss 0.08360
Epoch 25000 | Loss 0.08648
Epoch 26000 | Loss 0.08162
Epoch 27000 | Loss 0.07966
Epoch 28000 | Loss 0.08651
Epoch 29000 | Loss 0.08506
Epoch 30000 | Loss 0.08084
Epoch 31000 | Loss 0.08204
Epoch 32000 | Loss 0.08027
Epoch 33000 | Loss 0.08006
Epoch 34000 | Loss 0.08201
Epoch 35000 | Loss 0.08141
Epoch 36000 | Loss 0.08537
Epoch 37000 | Loss 0.08027
Epoch 38000 | Loss 0.07772
Epoch 39000 | Loss 0.08527
Epoch 40000 | Loss 0.07405
Evaluating TEST: encode on test_graph (FuseLinker original main.py protocol).
23.310811519622803
MR: 3.002435
MRR: 0.709014
Hits @ 1 = 0.586326
Hits @ 3 = 0.792395
Hits @ 10 = 0.944966
AUROC: 0.966969
ROC curve saved: /home/anhlq/Documents/2026-ltt/FuseLinker2026/fuselinker/compare_submodules/checkpoints/suppkg/bert_pretrained_embeddings_768/compare_model_base_test/fusion_node_channel/seed_42/roc_curve.png
Metrics saved: /home/anhlq/Documents/2026-ltt/FuseLinker2026/fuselinker/compare_submodules/checkpoints/suppkg/bert_pretrained_embeddings_768/compare_model_base_test/fusion_node_channel/seed_42/metrics.json
Training done!
