Data: /home/anhlq/Documents/2026-ltt/FuseLinker2026/fuselinker/suppkg
Checkpoint: /home/anhlq/Documents/2026-ltt/FuseLinker2026/fuselinker/compare_submodules/checkpoints/suppkg/bert_pretrained_embeddings_768/compare_model_base_test/fusion_node_channel/seed_43/model_state.pth
model_base_test config: fusion_node_channel
Modules | projector=False adaptive_fusion=True fusion_variant=node_channel node_id=False residual_rgcn=False jumping_knowledge=False ppr=False
Hyperparameters | seed=43 w=0.75 n_hidden=200 num_hidden_layers=2 num_bases=20 dropout=0.2 lr=0.001 reg_param=0.01 iterations=40000 graph_batch_size=250 graph_split_size=0.5 negative_sample=20 eval_protocol=filtered ppr_c=0.15 ppr_eps=0.0001 ppr_num_iter=50 ppr_topk=50 ppr_batch_size=128 ppr_num_layers=2
Loading Pretrained Embeddings files...
Loaded Text Embeddings file successfully!
Loaded Domain Knowledge Embeddings file successfully!
w: 0.75
Data Processing...
# entities: 43474
# relations: 15
# edges: 305986
Loaded pretrained domain embeddings, freeze is False.
Loaded pretrained text embeddings, freeze is False.
Initialized random relation embeddings.
cuda
Task 1 DistMult | Encoder: compare_submodules/model_base_test.py
/home/anhlq/Documents/2026-ltt/FuseLinker2026/.venv/lib/python3.10/site-packages/dgl/heterograph.py:92: DGLWarning: Recommend creating graphs by `dgl.graph(data)` instead of `dgl.DGLGraph(data)`.
  dgl_warning(
Start training (masked-entity DistMult)...
/home/anhlq/Documents/2026-ltt/FuseLinker2026/.venv/lib/python3.10/site-packages/dgl/heterograph.py:92: DGLWarning: Recommend creating graphs by `dgl.graph(data)` instead of `dgl.DGLGraph(data)`.
  dgl_warning(
Epoch 1000 | Loss 0.12584
Epoch 2000 | Loss 0.10188
Epoch 3000 | Loss 0.10383
Epoch 4000 | Loss 0.09823
Epoch 5000 | Loss 0.09825
Epoch 6000 | Loss 0.09722
Epoch 7000 | Loss 0.09668
Epoch 8000 | Loss 0.09463
Epoch 9000 | Loss 0.09386
Epoch 10000 | Loss 0.09122
Epoch 11000 | Loss 0.08838
Epoch 12000 | Loss 0.08683
Epoch 13000 | Loss 0.08717
Epoch 14000 | Loss 0.08752
Epoch 15000 | Loss 0.09374
Epoch 16000 | Loss 0.08894
Epoch 17000 | Loss 0.08552
Epoch 18000 | Loss 0.08807
Epoch 19000 | Loss 0.08268
Epoch 20000 | Loss 0.08219
Epoch 21000 | Loss 0.08541
Epoch 22000 | Loss 0.08740
Epoch 23000 | Loss 0.08323
Epoch 24000 | Loss 0.08081
Epoch 25000 | Loss 0.08031
Epoch 26000 | Loss 0.07774
Epoch 27000 | Loss 0.08058
Epoch 28000 | Loss 0.08708
Epoch 29000 | Loss 0.07542
Epoch 30000 | Loss 0.08480
Epoch 31000 | Loss 0.07496
Epoch 32000 | Loss 0.08776
Epoch 33000 | Loss 0.08342
Epoch 34000 | Loss 0.09123
Epoch 35000 | Loss 0.08426
Epoch 36000 | Loss 0.08216
Epoch 37000 | Loss 0.08147
Epoch 38000 | Loss 0.08076
Epoch 39000 | Loss 0.07568
Epoch 40000 | Loss 0.08280
Evaluating TEST: encode on test_graph (FuseLinker original main.py protocol).
19.552380561828613
MR: 3.363966
MRR: 0.692842
Hits @ 1 = 0.572862
Hits @ 3 = 0.769159
Hits @ 10 = 0.930602
AUROC: 0.967498
ROC curve saved: /home/anhlq/Documents/2026-ltt/FuseLinker2026/fuselinker/compare_submodules/checkpoints/suppkg/bert_pretrained_embeddings_768/compare_model_base_test/fusion_node_channel/seed_43/roc_curve.png
Metrics saved: /home/anhlq/Documents/2026-ltt/FuseLinker2026/fuselinker/compare_submodules/checkpoints/suppkg/bert_pretrained_embeddings_768/compare_model_base_test/fusion_node_channel/seed_43/metrics.json
Training done!
