Data: /home/anhlq/Documents/2026-ltt/FuseLinker2026/fuselinker/suppkg
Checkpoint: /home/anhlq/Documents/2026-ltt/FuseLinker2026/fuselinker/compare_submodules/checkpoints/suppkg/bert_pretrained_embeddings_768/compare_model_base_test/fusion_node_channel/seed_44/model_state.pth
model_base_test config: fusion_node_channel
Modules | projector=False adaptive_fusion=True fusion_variant=node_channel node_id=False residual_rgcn=False jumping_knowledge=False ppr=False
Hyperparameters | seed=44 w=0.75 n_hidden=200 num_hidden_layers=2 num_bases=20 dropout=0.2 lr=0.001 reg_param=0.01 iterations=40000 graph_batch_size=250 graph_split_size=0.5 negative_sample=20 eval_protocol=filtered ppr_c=0.15 ppr_eps=0.0001 ppr_num_iter=50 ppr_topk=50 ppr_batch_size=128 ppr_num_layers=2
Loading Pretrained Embeddings files...
Loaded Text Embeddings file successfully!
Loaded Domain Knowledge Embeddings file successfully!
w: 0.75
Data Processing...
# entities: 43474
# relations: 15
# edges: 305986
Loaded pretrained domain embeddings, freeze is False.
Loaded pretrained text embeddings, freeze is False.
Initialized random relation embeddings.
cuda
Task 1 DistMult | Encoder: compare_submodules/model_base_test.py
/home/anhlq/Documents/2026-ltt/FuseLinker2026/.venv/lib/python3.10/site-packages/dgl/heterograph.py:92: DGLWarning: Recommend creating graphs by `dgl.graph(data)` instead of `dgl.DGLGraph(data)`.
  dgl_warning(
Start training (masked-entity DistMult)...
/home/anhlq/Documents/2026-ltt/FuseLinker2026/.venv/lib/python3.10/site-packages/dgl/heterograph.py:92: DGLWarning: Recommend creating graphs by `dgl.graph(data)` instead of `dgl.DGLGraph(data)`.
  dgl_warning(
Epoch 1000 | Loss 0.12190
Epoch 2000 | Loss 0.10195
Epoch 3000 | Loss 0.10071
Epoch 4000 | Loss 0.10237
Epoch 5000 | Loss 0.09734
Epoch 6000 | Loss 0.09760
Epoch 7000 | Loss 0.10007
Epoch 8000 | Loss 0.09242
Epoch 9000 | Loss 0.09709
Epoch 10000 | Loss 0.09104
Epoch 11000 | Loss 0.08603
Epoch 12000 | Loss 0.09264
Epoch 13000 | Loss 0.09209
Epoch 14000 | Loss 0.08783
Epoch 15000 | Loss 0.08087
Epoch 16000 | Loss 0.08599
Epoch 17000 | Loss 0.08774
Epoch 18000 | Loss 0.09294
Epoch 19000 | Loss 0.08707
Epoch 20000 | Loss 0.08561
Epoch 21000 | Loss 0.08003
Epoch 22000 | Loss 0.08171
Epoch 23000 | Loss 0.09058
Epoch 24000 | Loss 0.08605
Epoch 25000 | Loss 0.08897
Epoch 26000 | Loss 0.08671
Epoch 27000 | Loss 0.08747
Epoch 28000 | Loss 0.08137
Epoch 29000 | Loss 0.07973
Epoch 30000 | Loss 0.08027
Epoch 31000 | Loss 0.08496
Epoch 32000 | Loss 0.08381
Epoch 33000 | Loss 0.07764
Epoch 34000 | Loss 0.08151
Epoch 35000 | Loss 0.07791
Epoch 36000 | Loss 0.08382
Epoch 37000 | Loss 0.08316
Epoch 38000 | Loss 0.08799
Epoch 39000 | Loss 0.08021
Epoch 40000 | Loss 0.07358
Evaluating TEST: encode on test_graph (FuseLinker original main.py protocol).
17.505722045898438
MR: 4.003448
MRR: 0.669267
Hits @ 1 = 0.552011
Hits @ 3 = 0.737688
Hits @ 10 = 0.905079
AUROC: 0.955394
ROC curve saved: /home/anhlq/Documents/2026-ltt/FuseLinker2026/fuselinker/compare_submodules/checkpoints/suppkg/bert_pretrained_embeddings_768/compare_model_base_test/fusion_node_channel/seed_44/roc_curve.png
Metrics saved: /home/anhlq/Documents/2026-ltt/FuseLinker2026/fuselinker/compare_submodules/checkpoints/suppkg/bert_pretrained_embeddings_768/compare_model_base_test/fusion_node_channel/seed_44/metrics.json
Training done!
