Data: /home/anhlq/Documents/2026-ltt/FuseLinker2026/fuselinker/suppkg
Checkpoint: /home/anhlq/Documents/2026-ltt/FuseLinker2026/fuselinker/compare_submodules/checkpoints/suppkg/pubmedbert_pretrained_embeddings_768/compare_model/ppr/seed_45/model_state.pth
Hyperparameters | seed=45 fusion=fixed domain_mlp_projector=False residual_rgcn=False ppr=True ppr_num_layers=2 ppr_c=0.15 ppr_eps=0.0001 ppr_num_iter=50 ppr_topk=50 ppr_batch_size=128 w=0.75 n_hidden=200 num_hidden_layers=2 num_bases=20 dropout=0.2 lr=0.001 reg_param=0.01 iterations=40000 graph_batch_size=250 graph_split_size=0.5 negative_sample=20 eval_protocol=filtered
Loading Pretrained Embeddings files...
Loaded Text Embeddings file successfully!
Loaded Domain Knowledge Embeddings file successfully!
w: 0.75
Data Processing...
# entities: 43474
# relations: 15
# edges: 305986
Loaded PPR cache: /home/anhlq/Documents/2026-ltt/FuseLinker2026/fuselinker/compare_submodules/checkpoints/suppkg/ppr_cache/topk50_c0.15_iter50_eps0.0001_batch128_87dc21b72e00.pt
Loaded pretrained domain embeddings, freeze is False.
Domain map: Linear.
Loaded pretrained text embeddings, freeze is False.
Initialized random relation embeddings.
cuda
Task 1 DistMult | Encoder: compare_submodules/model.py
/home/anhlq/Documents/2026-ltt/FuseLinker2026/.venv/lib/python3.10/site-packages/dgl/heterograph.py:92: DGLWarning: Recommend creating graphs by `dgl.graph(data)` instead of `dgl.DGLGraph(data)`.
  dgl_warning(
Start training (masked-entity DistMult)...
/home/anhlq/Documents/2026-ltt/FuseLinker2026/.venv/lib/python3.10/site-packages/dgl/heterograph.py:92: DGLWarning: Recommend creating graphs by `dgl.graph(data)` instead of `dgl.DGLGraph(data)`.
  dgl_warning(
Epoch 1000 | Loss 0.10806
Epoch 2000 | Loss 0.09235
Epoch 3000 | Loss 0.08594
Epoch 4000 | Loss 0.08236
Epoch 5000 | Loss 0.07490
Epoch 6000 | Loss 0.08145
Epoch 7000 | Loss 0.07023
Epoch 8000 | Loss 0.07630
Epoch 9000 | Loss 0.07024
Epoch 10000 | Loss 0.06758
Epoch 11000 | Loss 0.07630
Epoch 12000 | Loss 0.06765
Epoch 13000 | Loss 0.06895
Epoch 14000 | Loss 0.07064
Epoch 15000 | Loss 0.06842
Epoch 16000 | Loss 0.06800
Epoch 17000 | Loss 0.06922
Epoch 18000 | Loss 0.07094
Epoch 19000 | Loss 0.06530
Epoch 20000 | Loss 0.06651
Epoch 21000 | Loss 0.07135
Epoch 22000 | Loss 0.07098
Epoch 23000 | Loss 0.06390
Epoch 24000 | Loss 0.06488
Epoch 25000 | Loss 0.05308
Epoch 26000 | Loss 0.06376
Epoch 27000 | Loss 0.07740
Epoch 28000 | Loss 0.05965
Epoch 29000 | Loss 0.05896
Epoch 30000 | Loss 0.06004
Epoch 31000 | Loss 0.06426
Epoch 32000 | Loss 0.05860
Epoch 33000 | Loss 0.06238
Epoch 34000 | Loss 0.06847
Epoch 35000 | Loss 0.06117
Epoch 36000 | Loss 0.06221
Epoch 37000 | Loss 0.06303
Epoch 38000 | Loss 0.05941
Epoch 39000 | Loss 0.05737
Epoch 40000 | Loss 0.05590
Evaluating TEST: encode on test_graph (FuseLinker original main.py protocol).
13.858943700790405
MR: 3.374832
MRR: 0.711740
Hits @ 1 = 0.596457
Hits @ 3 = 0.789372
Hits @ 10 = 0.931877
AUROC: 0.977451
ROC curve saved: /home/anhlq/Documents/2026-ltt/FuseLinker2026/fuselinker/compare_submodules/checkpoints/suppkg/pubmedbert_pretrained_embeddings_768/compare_model/ppr/seed_45/roc_curve.png
Metrics saved: /home/anhlq/Documents/2026-ltt/FuseLinker2026/fuselinker/compare_submodules/checkpoints/suppkg/pubmedbert_pretrained_embeddings_768/compare_model/ppr/seed_45/metrics.json
Training done!
