Data: /home/anhlq/Documents/2026-ltt/FuseLinker2026/fuselinker/suppkg
Checkpoint: /home/anhlq/Documents/2026-ltt/FuseLinker2026/fuselinker/compare_submodules/checkpoints/suppkg/bert_pretrained_embeddings_768/compare_model/ppr/seed_46/model_state.pth
Hyperparameters | seed=46 fusion=fixed domain_mlp_projector=False residual_rgcn=False ppr=True ppr_num_layers=2 ppr_c=0.15 ppr_eps=0.0001 ppr_num_iter=50 ppr_topk=50 ppr_batch_size=128 w=0.75 n_hidden=200 num_hidden_layers=2 num_bases=20 dropout=0.2 lr=0.001 reg_param=0.01 iterations=40000 graph_batch_size=250 graph_split_size=0.5 negative_sample=20 eval_protocol=filtered
Loading Pretrained Embeddings files...
Loaded Text Embeddings file successfully!
Loaded Domain Knowledge Embeddings file successfully!
w: 0.75
Data Processing...
# entities: 43474
# relations: 15
# edges: 305986
Loaded PPR cache: /home/anhlq/Documents/2026-ltt/FuseLinker2026/fuselinker/compare_submodules/checkpoints/suppkg/ppr_cache/topk50_c0.15_iter50_eps0.0001_batch128_87dc21b72e00.pt
Loaded pretrained domain embeddings, freeze is False.
Domain map: Linear.
Loaded pretrained text embeddings, freeze is False.
Initialized random relation embeddings.
cuda
Task 1 DistMult | Encoder: compare_submodules/model.py
/home/anhlq/Documents/2026-ltt/FuseLinker2026/.venv/lib/python3.10/site-packages/dgl/heterograph.py:92: DGLWarning: Recommend creating graphs by `dgl.graph(data)` instead of `dgl.DGLGraph(data)`.
  dgl_warning(
Start training (masked-entity DistMult)...
/home/anhlq/Documents/2026-ltt/FuseLinker2026/.venv/lib/python3.10/site-packages/dgl/heterograph.py:92: DGLWarning: Recommend creating graphs by `dgl.graph(data)` instead of `dgl.DGLGraph(data)`.
  dgl_warning(
Epoch 1000 | Loss 0.10792
Epoch 2000 | Loss 0.10321
Epoch 3000 | Loss 0.08924
Epoch 4000 | Loss 0.08021
Epoch 5000 | Loss 0.07460
Epoch 6000 | Loss 0.07767
Epoch 7000 | Loss 0.07554
Epoch 8000 | Loss 0.07301
Epoch 9000 | Loss 0.07070
Epoch 10000 | Loss 0.07385
Epoch 11000 | Loss 0.07762
Epoch 12000 | Loss 0.06904
Epoch 13000 | Loss 0.07988
Epoch 14000 | Loss 0.07336
Epoch 15000 | Loss 0.07157
Epoch 16000 | Loss 0.06842
Epoch 17000 | Loss 0.07210
Epoch 18000 | Loss 0.06840
Epoch 19000 | Loss 0.05967
Epoch 20000 | Loss 0.05993
Epoch 21000 | Loss 0.06860
Epoch 22000 | Loss 0.07011
Epoch 23000 | Loss 0.06727
Epoch 24000 | Loss 0.06209
Epoch 25000 | Loss 0.06387
Epoch 26000 | Loss 0.06846
Epoch 27000 | Loss 0.06379
Epoch 28000 | Loss 0.06514
Epoch 29000 | Loss 0.06532
Epoch 30000 | Loss 0.05998
Epoch 31000 | Loss 0.06751
Epoch 32000 | Loss 0.06504
Epoch 33000 | Loss 0.06148
Epoch 34000 | Loss 0.06199
Epoch 35000 | Loss 0.05717
Epoch 36000 | Loss 0.06467
Epoch 37000 | Loss 0.06314
Epoch 38000 | Loss 0.06193
Epoch 39000 | Loss 0.06039
Epoch 40000 | Loss 0.06185
Evaluating TEST: encode on test_graph (FuseLinker original main.py protocol).
13.872761011123657
MR: 3.443152
MRR: 0.705567
Hits @ 1 = 0.588974
Hits @ 3 = 0.783375
Hits @ 10 = 0.929769
AUROC: 0.975111
ROC curve saved: /home/anhlq/Documents/2026-ltt/FuseLinker2026/fuselinker/compare_submodules/checkpoints/suppkg/bert_pretrained_embeddings_768/compare_model/ppr/seed_46/roc_curve.png
Metrics saved: /home/anhlq/Documents/2026-ltt/FuseLinker2026/fuselinker/compare_submodules/checkpoints/suppkg/bert_pretrained_embeddings_768/compare_model/ppr/seed_46/metrics.json
Training done!
