Data: /home/anhlq/Documents/2026-ltt/FuseLinker2026/fuselinker/suppkg
Checkpoint: /home/anhlq/Documents/2026-ltt/FuseLinker2026/fuselinker/compare_submodules/checkpoints/suppkg/pubmedbert_pretrained_embeddings_768/compare_model/v10/seed_46/model_state.pth
Hyperparameters | seed=46 fusion=v10 w=0.75 n_hidden=200 num_hidden_layers=2 num_bases=20 dropout=0.2 lr=0.001 reg_param=0.01 iterations=40000 graph_batch_size=250 graph_split_size=0.5 negative_sample=20 eval_protocol=filtered
Loading Pretrained Embeddings files...
Loaded Text Embeddings file successfully!
Loaded Domain Knowledge Embeddings file successfully!
w: 0.75
Data Processing...
# entities: 43474
# relations: 15
# edges: 305986
Loaded pretrained domain embeddings, freeze is False.
Loaded pretrained text embeddings, freeze is False.
Initialized random relation embeddings.
cuda
Task 1 DistMult | Encoder: compare_submodules/model.py
/home/anhlq/Documents/2026-ltt/FuseLinker2026/.venv/lib/python3.10/site-packages/dgl/heterograph.py:92: DGLWarning: Recommend creating graphs by `dgl.graph(data)` instead of `dgl.DGLGraph(data)`.
  dgl_warning(
Start training (masked-entity DistMult)...
/home/anhlq/Documents/2026-ltt/FuseLinker2026/.venv/lib/python3.10/site-packages/dgl/heterograph.py:92: DGLWarning: Recommend creating graphs by `dgl.graph(data)` instead of `dgl.DGLGraph(data)`.
  dgl_warning(
Epoch 1000 | Loss 0.11936
Epoch 2000 | Loss 0.11180
Epoch 3000 | Loss 0.09962
Epoch 4000 | Loss 0.09841
Epoch 5000 | Loss 0.09533
Epoch 6000 | Loss 0.09468
Epoch 7000 | Loss 0.09428
Epoch 8000 | Loss 0.09127
Epoch 9000 | Loss 0.09376
Epoch 10000 | Loss 0.09262
Epoch 11000 | Loss 0.09552
Epoch 12000 | Loss 0.08945
Epoch 13000 | Loss 0.09236
Epoch 14000 | Loss 0.08321
Epoch 15000 | Loss 0.08578
Epoch 16000 | Loss 0.08345
Epoch 17000 | Loss 0.09094
Epoch 18000 | Loss 0.08200
Epoch 19000 | Loss 0.07853
Epoch 20000 | Loss 0.07943
Epoch 21000 | Loss 0.08765
Epoch 22000 | Loss 0.08494
Epoch 23000 | Loss 0.08538
Epoch 24000 | Loss 0.08189
Epoch 25000 | Loss 0.08303
Epoch 26000 | Loss 0.08391
Epoch 27000 | Loss 0.07989
Epoch 28000 | Loss 0.07806
Epoch 29000 | Loss 0.08414
Epoch 30000 | Loss 0.07905
Epoch 31000 | Loss 0.08119
Epoch 32000 | Loss 0.07858
Epoch 33000 | Loss 0.07932
Epoch 34000 | Loss 0.07569
Epoch 35000 | Loss 0.07673
Epoch 36000 | Loss 0.08850
Epoch 37000 | Loss 0.07777
Epoch 38000 | Loss 0.07628
Epoch 39000 | Loss 0.07914
Epoch 40000 | Loss 0.07226
Evaluating TEST: encode on test_graph (FuseLinker original main.py protocol).
13.939375162124634
MR: 2.946599
MRR: 0.716954
Hits @ 1 = 0.596147
Hits @ 3 = 0.800288
Hits @ 10 = 0.947972
AUROC: 0.969436
ROC curve saved: /home/anhlq/Documents/2026-ltt/FuseLinker2026/fuselinker/compare_submodules/checkpoints/suppkg/pubmedbert_pretrained_embeddings_768/compare_model/v10/seed_46/roc_curve.png
Metrics saved: /home/anhlq/Documents/2026-ltt/FuseLinker2026/fuselinker/compare_submodules/checkpoints/suppkg/pubmedbert_pretrained_embeddings_768/compare_model/v10/seed_46/metrics.json
Training done!
