Data: /home/anhlq/Documents/2026-ltt/FuseLinker2026/fuselinker/suppkg
Checkpoint: /home/anhlq/Documents/2026-ltt/FuseLinker2026/fuselinker/compare_submodules/checkpoints/suppkg/pubmedbert_pretrained_embeddings_768/compare_model/v10/seed_45/model_state.pth
Hyperparameters | seed=45 fusion=v10 w=0.75 n_hidden=200 num_hidden_layers=2 num_bases=20 dropout=0.2 lr=0.001 reg_param=0.01 iterations=40000 graph_batch_size=250 graph_split_size=0.5 negative_sample=20 eval_protocol=filtered
Loading Pretrained Embeddings files...
Loaded Text Embeddings file successfully!
Loaded Domain Knowledge Embeddings file successfully!
w: 0.75
Data Processing...
# entities: 43474
# relations: 15
# edges: 305986
Loaded pretrained domain embeddings, freeze is False.
Loaded pretrained text embeddings, freeze is False.
Initialized random relation embeddings.
cuda
Task 1 DistMult | Encoder: compare_submodules/model.py
/home/anhlq/Documents/2026-ltt/FuseLinker2026/.venv/lib/python3.10/site-packages/dgl/heterograph.py:92: DGLWarning: Recommend creating graphs by `dgl.graph(data)` instead of `dgl.DGLGraph(data)`.
  dgl_warning(
Start training (masked-entity DistMult)...
/home/anhlq/Documents/2026-ltt/FuseLinker2026/.venv/lib/python3.10/site-packages/dgl/heterograph.py:92: DGLWarning: Recommend creating graphs by `dgl.graph(data)` instead of `dgl.DGLGraph(data)`.
  dgl_warning(
Epoch 1000 | Loss 0.12000
Epoch 2000 | Loss 0.10568
Epoch 3000 | Loss 0.10052
Epoch 4000 | Loss 0.10141
Epoch 5000 | Loss 0.08949
Epoch 6000 | Loss 0.09863
Epoch 7000 | Loss 0.09067
Epoch 8000 | Loss 0.09224
Epoch 9000 | Loss 0.08277
Epoch 10000 | Loss 0.09095
Epoch 11000 | Loss 0.09581
Epoch 12000 | Loss 0.08879
Epoch 13000 | Loss 0.08696
Epoch 14000 | Loss 0.08974
Epoch 15000 | Loss 0.08402
Epoch 16000 | Loss 0.08551
Epoch 17000 | Loss 0.08221
Epoch 18000 | Loss 0.08899
Epoch 19000 | Loss 0.07998
Epoch 20000 | Loss 0.08757
Epoch 21000 | Loss 0.08606
Epoch 22000 | Loss 0.08739
Epoch 23000 | Loss 0.08042
Epoch 24000 | Loss 0.08376
Epoch 25000 | Loss 0.07571
Epoch 26000 | Loss 0.08055
Epoch 27000 | Loss 0.08729
Epoch 28000 | Loss 0.07385
Epoch 29000 | Loss 0.07749
Epoch 30000 | Loss 0.07597
Epoch 31000 | Loss 0.08121
Epoch 32000 | Loss 0.07438
Epoch 33000 | Loss 0.08216
Epoch 34000 | Loss 0.08428
Epoch 35000 | Loss 0.07591
Epoch 36000 | Loss 0.07668
Epoch 37000 | Loss 0.07685
Epoch 38000 | Loss 0.07873
Epoch 39000 | Loss 0.08042
Epoch 40000 | Loss 0.07253
Evaluating TEST: encode on test_graph (FuseLinker original main.py protocol).
13.74704885482788
MR: 2.984607
MRR: 0.712719
Hits @ 1 = 0.591327
Hits @ 3 = 0.795271
Hits @ 10 = 0.947384
AUROC: 0.970150
ROC curve saved: /home/anhlq/Documents/2026-ltt/FuseLinker2026/fuselinker/compare_submodules/checkpoints/suppkg/pubmedbert_pretrained_embeddings_768/compare_model/v10/seed_45/roc_curve.png
Metrics saved: /home/anhlq/Documents/2026-ltt/FuseLinker2026/fuselinker/compare_submodules/checkpoints/suppkg/pubmedbert_pretrained_embeddings_768/compare_model/v10/seed_45/metrics.json
Training done!
