Data: /home/anhlq/Documents/2026-ltt/FuseLinker2026/fuselinker/suppkg
Checkpoint: /home/anhlq/Documents/2026-ltt/FuseLinker2026/fuselinker/compare_submodules/checkpoints/suppkg/pubmedbert_pretrained_embeddings_768/compare_model/v10/seed_44/model_state.pth
Hyperparameters | seed=44 fusion=v10 w=0.75 n_hidden=200 num_hidden_layers=2 num_bases=20 dropout=0.2 lr=0.001 reg_param=0.01 iterations=40000 graph_batch_size=250 graph_split_size=0.5 negative_sample=20 eval_protocol=filtered
Loading Pretrained Embeddings files...
Loaded Text Embeddings file successfully!
Loaded Domain Knowledge Embeddings file successfully!
w: 0.75
Data Processing...
# entities: 43474
# relations: 15
# edges: 305986
Loaded pretrained domain embeddings, freeze is False.
Loaded pretrained text embeddings, freeze is False.
Initialized random relation embeddings.
cuda
Task 1 DistMult | Encoder: compare_submodules/model.py
/home/anhlq/Documents/2026-ltt/FuseLinker2026/.venv/lib/python3.10/site-packages/dgl/heterograph.py:92: DGLWarning: Recommend creating graphs by `dgl.graph(data)` instead of `dgl.DGLGraph(data)`.
  dgl_warning(
Start training (masked-entity DistMult)...
/home/anhlq/Documents/2026-ltt/FuseLinker2026/.venv/lib/python3.10/site-packages/dgl/heterograph.py:92: DGLWarning: Recommend creating graphs by `dgl.graph(data)` instead of `dgl.DGLGraph(data)`.
  dgl_warning(
Epoch 1000 | Loss 0.11680
Epoch 2000 | Loss 0.09983
Epoch 3000 | Loss 0.09814
Epoch 4000 | Loss 0.10109
Epoch 5000 | Loss 0.09535
Epoch 6000 | Loss 0.09297
Epoch 7000 | Loss 0.09780
Epoch 8000 | Loss 0.09126
Epoch 9000 | Loss 0.09547
Epoch 10000 | Loss 0.08796
Epoch 11000 | Loss 0.08251
Epoch 12000 | Loss 0.09335
Epoch 13000 | Loss 0.08743
Epoch 14000 | Loss 0.08164
Epoch 15000 | Loss 0.07915
Epoch 16000 | Loss 0.07928
Epoch 17000 | Loss 0.08301
Epoch 18000 | Loss 0.08349
Epoch 19000 | Loss 0.08140
Epoch 20000 | Loss 0.08261
Epoch 21000 | Loss 0.07720
Epoch 22000 | Loss 0.07902
Epoch 23000 | Loss 0.08692
Epoch 24000 | Loss 0.08463
Epoch 25000 | Loss 0.08557
Epoch 26000 | Loss 0.08087
Epoch 27000 | Loss 0.07901
Epoch 28000 | Loss 0.08162
Epoch 29000 | Loss 0.07358
Epoch 30000 | Loss 0.07852
Epoch 31000 | Loss 0.07908
Epoch 32000 | Loss 0.08272
Epoch 33000 | Loss 0.07517
Epoch 34000 | Loss 0.08068
Epoch 35000 | Loss 0.07597
Epoch 36000 | Loss 0.07787
Epoch 37000 | Loss 0.07929
Epoch 38000 | Loss 0.08200
Epoch 39000 | Loss 0.07762
Epoch 40000 | Loss 0.06898
Evaluating TEST: encode on test_graph (FuseLinker original main.py protocol).
13.77498173713684
MR: 3.030965
MRR: 0.717441
Hits @ 1 = 0.600542
Hits @ 3 = 0.796186
Hits @ 10 = 0.943544
AUROC: 0.969694
ROC curve saved: /home/anhlq/Documents/2026-ltt/FuseLinker2026/fuselinker/compare_submodules/checkpoints/suppkg/pubmedbert_pretrained_embeddings_768/compare_model/v10/seed_44/roc_curve.png
Metrics saved: /home/anhlq/Documents/2026-ltt/FuseLinker2026/fuselinker/compare_submodules/checkpoints/suppkg/pubmedbert_pretrained_embeddings_768/compare_model/v10/seed_44/metrics.json
Training done!
