Data: /home/anhlq/Documents/2026-ltt/FuseLinker2026/fuselinker/suppkg
Checkpoint: /home/anhlq/Documents/2026-ltt/FuseLinker2026/fuselinker/compare_submodules/checkpoints/suppkg/pubmedbert_pretrained_embeddings_768/compare_model/v10/seed_42/model_state.pth
Hyperparameters | seed=42 fusion=v10 w=0.75 n_hidden=200 num_hidden_layers=2 num_bases=20 dropout=0.2 lr=0.001 reg_param=0.01 iterations=40000 graph_batch_size=250 graph_split_size=0.5 negative_sample=20 eval_protocol=filtered
Loading Pretrained Embeddings files...
Loaded Text Embeddings file successfully!
Loaded Domain Knowledge Embeddings file successfully!
w: 0.75
Data Processing...
# entities: 43474
# relations: 15
# edges: 305986
Loaded pretrained domain embeddings, freeze is False.
Loaded pretrained text embeddings, freeze is False.
Initialized random relation embeddings.
cuda
Task 1 DistMult | Encoder: compare_submodules/model.py
/home/anhlq/Documents/2026-ltt/FuseLinker2026/.venv/lib/python3.10/site-packages/dgl/heterograph.py:92: DGLWarning: Recommend creating graphs by `dgl.graph(data)` instead of `dgl.DGLGraph(data)`.
  dgl_warning(
Start training (masked-entity DistMult)...
/home/anhlq/Documents/2026-ltt/FuseLinker2026/.venv/lib/python3.10/site-packages/dgl/heterograph.py:92: DGLWarning: Recommend creating graphs by `dgl.graph(data)` instead of `dgl.DGLGraph(data)`.
  dgl_warning(
Epoch 1000 | Loss 0.11840
Epoch 2000 | Loss 0.11256
Epoch 3000 | Loss 0.09994
Epoch 4000 | Loss 0.09648
Epoch 5000 | Loss 0.09777
Epoch 6000 | Loss 0.09961
Epoch 7000 | Loss 0.08292
Epoch 8000 | Loss 0.09287
Epoch 9000 | Loss 0.09522
Epoch 10000 | Loss 0.08810
Epoch 11000 | Loss 0.08761
Epoch 12000 | Loss 0.08720
Epoch 13000 | Loss 0.09387
Epoch 14000 | Loss 0.08936
Epoch 15000 | Loss 0.08508
Epoch 16000 | Loss 0.08633
Epoch 17000 | Loss 0.08839
Epoch 18000 | Loss 0.07756
Epoch 19000 | Loss 0.09754
Epoch 20000 | Loss 0.08077
Epoch 21000 | Loss 0.08234
Epoch 22000 | Loss 0.08028
Epoch 23000 | Loss 0.08240
Epoch 24000 | Loss 0.07427
Epoch 25000 | Loss 0.08073
Epoch 26000 | Loss 0.07962
Epoch 27000 | Loss 0.07730
Epoch 28000 | Loss 0.07879
Epoch 29000 | Loss 0.08032
Epoch 30000 | Loss 0.07680
Epoch 31000 | Loss 0.07961
Epoch 32000 | Loss 0.07935
Epoch 33000 | Loss 0.07714
Epoch 34000 | Loss 0.07689
Epoch 35000 | Loss 0.07667
Epoch 36000 | Loss 0.08533
Epoch 37000 | Loss 0.07642
Epoch 38000 | Loss 0.07305
Epoch 39000 | Loss 0.08204
Epoch 40000 | Loss 0.07724
Evaluating TEST: encode on test_graph (FuseLinker original main.py protocol).
13.669784784317017
MR: 2.938446
MRR: 0.721968
Hits @ 1 = 0.603647
Hits @ 3 = 0.802967
Hits @ 10 = 0.948348
AUROC: 0.971352
ROC curve saved: /home/anhlq/Documents/2026-ltt/FuseLinker2026/fuselinker/compare_submodules/checkpoints/suppkg/pubmedbert_pretrained_embeddings_768/compare_model/v10/seed_42/roc_curve.png
Metrics saved: /home/anhlq/Documents/2026-ltt/FuseLinker2026/fuselinker/compare_submodules/checkpoints/suppkg/pubmedbert_pretrained_embeddings_768/compare_model/v10/seed_42/metrics.json
Training done!
