Data: /home/anhlq/Documents/2026-ltt/FuseLinker2026/fuselinker/suppkg
Checkpoint: /home/anhlq/Documents/2026-ltt/FuseLinker2026/fuselinker/compare_submodules/checkpoints/suppkg/pubmedbert_pretrained_embeddings_768/compare_model/v1/seed_43/model_state.pth
Hyperparameters | seed=43 fusion=v1 w=0.75 n_hidden=200 num_hidden_layers=2 num_bases=20 dropout=0.2 lr=0.001 reg_param=0.01 iterations=40000 graph_batch_size=250 graph_split_size=0.5 negative_sample=20 eval_protocol=filtered
Loading Pretrained Embeddings files...
Loaded Text Embeddings file successfully!
Loaded Domain Knowledge Embeddings file successfully!
w: 0.75
Data Processing...
# entities: 43474
# relations: 15
# edges: 305986
Loaded pretrained domain embeddings, freeze is False.
Loaded pretrained text embeddings, freeze is False.
Initialized random relation embeddings.
cuda
Task 1 DistMult | Encoder: compare_submodules/model.py
/home/anhlq/Documents/2026-ltt/FuseLinker2026/.venv/lib/python3.10/site-packages/dgl/heterograph.py:92: DGLWarning: Recommend creating graphs by `dgl.graph(data)` instead of `dgl.DGLGraph(data)`.
  dgl_warning(
Start training (masked-entity DistMult)...
/home/anhlq/Documents/2026-ltt/FuseLinker2026/.venv/lib/python3.10/site-packages/dgl/heterograph.py:92: DGLWarning: Recommend creating graphs by `dgl.graph(data)` instead of `dgl.DGLGraph(data)`.
  dgl_warning(
Epoch 1000 | Loss 0.12448
Epoch 2000 | Loss 0.10540
Epoch 3000 | Loss 0.10221
Epoch 4000 | Loss 0.10025
Epoch 5000 | Loss 0.10005
Epoch 6000 | Loss 0.09602
Epoch 7000 | Loss 0.09166
Epoch 8000 | Loss 0.09572
Epoch 9000 | Loss 0.09263
Epoch 10000 | Loss 0.09053
Epoch 11000 | Loss 0.08258
Epoch 12000 | Loss 0.08631
Epoch 13000 | Loss 0.08543
Epoch 14000 | Loss 0.08645
Epoch 15000 | Loss 0.09039
Epoch 16000 | Loss 0.08727
Epoch 17000 | Loss 0.07998
Epoch 18000 | Loss 0.08777
Epoch 19000 | Loss 0.08545
Epoch 20000 | Loss 0.08143
Epoch 21000 | Loss 0.08323
Epoch 22000 | Loss 0.08419
Epoch 23000 | Loss 0.07950
Epoch 24000 | Loss 0.08154
Epoch 25000 | Loss 0.07935
Epoch 26000 | Loss 0.07904
Epoch 27000 | Loss 0.07872
Epoch 28000 | Loss 0.08838
Epoch 29000 | Loss 0.07855
Epoch 30000 | Loss 0.08109
Epoch 31000 | Loss 0.07308
Epoch 32000 | Loss 0.07968
Epoch 33000 | Loss 0.07837
Epoch 34000 | Loss 0.08455
Epoch 35000 | Loss 0.08273
Epoch 36000 | Loss 0.08263
Epoch 37000 | Loss 0.07995
Epoch 38000 | Loss 0.08203
Epoch 39000 | Loss 0.07474
Epoch 40000 | Loss 0.08085
Evaluating TEST: encode on test_graph (FuseLinker original main.py protocol).
33.0382125377655
MR: 3.104301
MRR: 0.708168
Hits @ 1 = 0.588140
Hits @ 3 = 0.787967
Hits @ 10 = 0.940619
AUROC: 0.978537
ROC curve saved: /home/anhlq/Documents/2026-ltt/FuseLinker2026/fuselinker/compare_submodules/checkpoints/suppkg/pubmedbert_pretrained_embeddings_768/compare_model/v1/seed_43/roc_curve.png
Metrics saved: /home/anhlq/Documents/2026-ltt/FuseLinker2026/fuselinker/compare_submodules/checkpoints/suppkg/pubmedbert_pretrained_embeddings_768/compare_model/v1/seed_43/metrics.json
Training done!
