Data: /home/anhlq/Documents/2026-ltt/FuseLinker2026/fuselinker/suppkg
Checkpoint: /home/anhlq/Documents/2026-ltt/FuseLinker2026/fuselinker/compare_submodules/checkpoints/suppkg/pubmedbert_pretrained_embeddings_768/compare_model/v1/seed_45/model_state.pth
Hyperparameters | seed=45 fusion=v1 w=0.75 n_hidden=200 num_hidden_layers=2 num_bases=20 dropout=0.2 lr=0.001 reg_param=0.01 iterations=40000 graph_batch_size=250 graph_split_size=0.5 negative_sample=20 eval_protocol=filtered
Loading Pretrained Embeddings files...
Loaded Text Embeddings file successfully!
Loaded Domain Knowledge Embeddings file successfully!
w: 0.75
Data Processing...
# entities: 43474
# relations: 15
# edges: 305986
Loaded pretrained domain embeddings, freeze is False.
Loaded pretrained text embeddings, freeze is False.
Initialized random relation embeddings.
cuda
Task 1 DistMult | Encoder: compare_submodules/model.py
/home/anhlq/Documents/2026-ltt/FuseLinker2026/.venv/lib/python3.10/site-packages/dgl/heterograph.py:92: DGLWarning: Recommend creating graphs by `dgl.graph(data)` instead of `dgl.DGLGraph(data)`.
  dgl_warning(
Start training (masked-entity DistMult)...
/home/anhlq/Documents/2026-ltt/FuseLinker2026/.venv/lib/python3.10/site-packages/dgl/heterograph.py:92: DGLWarning: Recommend creating graphs by `dgl.graph(data)` instead of `dgl.DGLGraph(data)`.
  dgl_warning(
Epoch 1000 | Loss 0.12241
Epoch 2000 | Loss 0.10579
Epoch 3000 | Loss 0.10401
Epoch 4000 | Loss 0.10362
Epoch 5000 | Loss 0.09531
Epoch 6000 | Loss 0.09703
Epoch 7000 | Loss 0.08958
Epoch 8000 | Loss 0.09488
Epoch 9000 | Loss 0.08949
Epoch 10000 | Loss 0.08848
Epoch 11000 | Loss 0.09423
Epoch 12000 | Loss 0.08658
Epoch 13000 | Loss 0.08803
Epoch 14000 | Loss 0.09156
Epoch 15000 | Loss 0.08800
Epoch 16000 | Loss 0.08882
Epoch 17000 | Loss 0.08654
Epoch 18000 | Loss 0.08383
Epoch 19000 | Loss 0.08109
Epoch 20000 | Loss 0.08401
Epoch 21000 | Loss 0.08688
Epoch 22000 | Loss 0.09050
Epoch 23000 | Loss 0.08165
Epoch 24000 | Loss 0.08213
Epoch 25000 | Loss 0.07565
Epoch 26000 | Loss 0.08454
Epoch 27000 | Loss 0.08770
Epoch 28000 | Loss 0.07762
Epoch 29000 | Loss 0.08273
Epoch 30000 | Loss 0.07978
Epoch 31000 | Loss 0.09005
Epoch 32000 | Loss 0.08250
Epoch 33000 | Loss 0.08083
Epoch 34000 | Loss 0.08353
Epoch 35000 | Loss 0.08219
Epoch 36000 | Loss 0.08322
Epoch 37000 | Loss 0.08012
Epoch 38000 | Loss 0.08359
Epoch 39000 | Loss 0.08044
Epoch 40000 | Loss 0.08004
Evaluating TEST: encode on test_graph (FuseLinker original main.py protocol).
32.059934854507446
MR: 3.363672
MRR: 0.689553
Hits @ 1 = 0.567257
Hits @ 3 = 0.767934
Hits @ 10 = 0.930717
AUROC: 0.964386
ROC curve saved: /home/anhlq/Documents/2026-ltt/FuseLinker2026/fuselinker/compare_submodules/checkpoints/suppkg/pubmedbert_pretrained_embeddings_768/compare_model/v1/seed_45/roc_curve.png
Metrics saved: /home/anhlq/Documents/2026-ltt/FuseLinker2026/fuselinker/compare_submodules/checkpoints/suppkg/pubmedbert_pretrained_embeddings_768/compare_model/v1/seed_45/metrics.json
Training done!
