Data: /home/anhlq/Documents/2026-ltt/FuseLinker2026/fuselinker/suppkg
Checkpoint: /home/anhlq/Documents/2026-ltt/FuseLinker2026/fuselinker/compare_submodules/checkpoints/suppkg/pubmedbert_pretrained_embeddings_768/compare_model/v1/seed_46/model_state.pth
Hyperparameters | seed=46 fusion=v1 w=0.75 n_hidden=200 num_hidden_layers=2 num_bases=20 dropout=0.2 lr=0.001 reg_param=0.01 iterations=40000 graph_batch_size=250 graph_split_size=0.5 negative_sample=20 eval_protocol=filtered
Loading Pretrained Embeddings files...
Loaded Text Embeddings file successfully!
Loaded Domain Knowledge Embeddings file successfully!
w: 0.75
Data Processing...
# entities: 43474
# relations: 15
# edges: 305986
Loaded pretrained domain embeddings, freeze is False.
Loaded pretrained text embeddings, freeze is False.
Initialized random relation embeddings.
cuda
Task 1 DistMult | Encoder: compare_submodules/model.py
/home/anhlq/Documents/2026-ltt/FuseLinker2026/.venv/lib/python3.10/site-packages/dgl/heterograph.py:92: DGLWarning: Recommend creating graphs by `dgl.graph(data)` instead of `dgl.DGLGraph(data)`.
  dgl_warning(
Start training (masked-entity DistMult)...
/home/anhlq/Documents/2026-ltt/FuseLinker2026/.venv/lib/python3.10/site-packages/dgl/heterograph.py:92: DGLWarning: Recommend creating graphs by `dgl.graph(data)` instead of `dgl.DGLGraph(data)`.
  dgl_warning(
Epoch 1000 | Loss 0.12188
Epoch 2000 | Loss 0.11270
Epoch 3000 | Loss 0.09876
Epoch 4000 | Loss 0.09963
Epoch 5000 | Loss 0.09441
Epoch 6000 | Loss 0.09648
Epoch 7000 | Loss 0.09296
Epoch 8000 | Loss 0.09537
Epoch 9000 | Loss 0.09338
Epoch 10000 | Loss 0.09293
Epoch 11000 | Loss 0.09426
Epoch 12000 | Loss 0.08883
Epoch 13000 | Loss 0.09515
Epoch 14000 | Loss 0.08648
Epoch 15000 | Loss 0.08486
Epoch 16000 | Loss 0.08748
Epoch 17000 | Loss 0.09063
Epoch 18000 | Loss 0.08430
Epoch 19000 | Loss 0.08038
Epoch 20000 | Loss 0.08313
Epoch 21000 | Loss 0.08948
Epoch 22000 | Loss 0.08391
Epoch 23000 | Loss 0.08857
Epoch 24000 | Loss 0.08334
Epoch 25000 | Loss 0.08428
Epoch 26000 | Loss 0.08305
Epoch 27000 | Loss 0.07829
Epoch 28000 | Loss 0.08216
Epoch 29000 | Loss 0.08131
Epoch 30000 | Loss 0.07812
Epoch 31000 | Loss 0.08093
Epoch 32000 | Loss 0.07984
Epoch 33000 | Loss 0.08086
Epoch 34000 | Loss 0.07652
Epoch 35000 | Loss 0.07589
Epoch 36000 | Loss 0.08878
Epoch 37000 | Loss 0.08132
Epoch 38000 | Loss 0.08044
Epoch 39000 | Loss 0.08068
Epoch 40000 | Loss 0.07342
Evaluating TEST: encode on test_graph (FuseLinker original main.py protocol).
32.53499937057495
MR: 3.225105
MRR: 0.703297
Hits @ 1 = 0.583859
Hits @ 3 = 0.781954
Hits @ 10 = 0.936027
AUROC: 0.967966
ROC curve saved: /home/anhlq/Documents/2026-ltt/FuseLinker2026/fuselinker/compare_submodules/checkpoints/suppkg/pubmedbert_pretrained_embeddings_768/compare_model/v1/seed_46/roc_curve.png
Metrics saved: /home/anhlq/Documents/2026-ltt/FuseLinker2026/fuselinker/compare_submodules/checkpoints/suppkg/pubmedbert_pretrained_embeddings_768/compare_model/v1/seed_46/metrics.json
Training done!
