Data: /home/anhlq/Documents/2026-ltt/FuseLinker2026/fuselinker/suppkg
Checkpoint: /home/anhlq/Documents/2026-ltt/FuseLinker2026/fuselinker/compare_submodules/checkpoints/suppkg/pubmedbert_pretrained_embeddings_768/compare_model/v1/seed_44/model_state.pth
Hyperparameters | seed=44 fusion=v1 w=0.75 n_hidden=200 num_hidden_layers=2 num_bases=20 dropout=0.2 lr=0.001 reg_param=0.01 iterations=40000 graph_batch_size=250 graph_split_size=0.5 negative_sample=20 eval_protocol=filtered
Loading Pretrained Embeddings files...
Loaded Text Embeddings file successfully!
Loaded Domain Knowledge Embeddings file successfully!
w: 0.75
Data Processing...
# entities: 43474
# relations: 15
# edges: 305986
Loaded pretrained domain embeddings, freeze is False.
Loaded pretrained text embeddings, freeze is False.
Initialized random relation embeddings.
cuda
Task 1 DistMult | Encoder: compare_submodules/model.py
/home/anhlq/Documents/2026-ltt/FuseLinker2026/.venv/lib/python3.10/site-packages/dgl/heterograph.py:92: DGLWarning: Recommend creating graphs by `dgl.graph(data)` instead of `dgl.DGLGraph(data)`.
  dgl_warning(
Start training (masked-entity DistMult)...
/home/anhlq/Documents/2026-ltt/FuseLinker2026/.venv/lib/python3.10/site-packages/dgl/heterograph.py:92: DGLWarning: Recommend creating graphs by `dgl.graph(data)` instead of `dgl.DGLGraph(data)`.
  dgl_warning(
Epoch 1000 | Loss 0.12237
Epoch 2000 | Loss 0.10194
Epoch 3000 | Loss 0.09784
Epoch 4000 | Loss 0.09969
Epoch 5000 | Loss 0.09848
Epoch 6000 | Loss 0.09849
Epoch 7000 | Loss 0.09951
Epoch 8000 | Loss 0.08937
Epoch 9000 | Loss 0.09519
Epoch 10000 | Loss 0.08957
Epoch 11000 | Loss 0.08581
Epoch 12000 | Loss 0.08981
Epoch 13000 | Loss 0.09066
Epoch 14000 | Loss 0.08146
Epoch 15000 | Loss 0.08207
Epoch 16000 | Loss 0.08502
Epoch 17000 | Loss 0.08630
Epoch 18000 | Loss 0.08909
Epoch 19000 | Loss 0.08283
Epoch 20000 | Loss 0.08612
Epoch 21000 | Loss 0.07562
Epoch 22000 | Loss 0.07809
Epoch 23000 | Loss 0.09047
Epoch 24000 | Loss 0.09124
Epoch 25000 | Loss 0.08443
Epoch 26000 | Loss 0.08204
Epoch 27000 | Loss 0.08389
Epoch 28000 | Loss 0.08554
Epoch 29000 | Loss 0.07993
Epoch 30000 | Loss 0.07617
Epoch 31000 | Loss 0.08153
Epoch 32000 | Loss 0.08079
Epoch 33000 | Loss 0.07631
Epoch 34000 | Loss 0.08011
Epoch 35000 | Loss 0.07621
Epoch 36000 | Loss 0.08274
Epoch 37000 | Loss 0.08231
Epoch 38000 | Loss 0.08725
Epoch 39000 | Loss 0.07772
Epoch 40000 | Loss 0.07223
Evaluating TEST: encode on test_graph (FuseLinker original main.py protocol).
33.329724073410034
MR: 3.050051
MRR: 0.703948
Hits @ 1 = 0.582209
Hits @ 3 = 0.783653
Hits @ 10 = 0.944001
AUROC: 0.970800
ROC curve saved: /home/anhlq/Documents/2026-ltt/FuseLinker2026/fuselinker/compare_submodules/checkpoints/suppkg/pubmedbert_pretrained_embeddings_768/compare_model/v1/seed_44/roc_curve.png
Metrics saved: /home/anhlq/Documents/2026-ltt/FuseLinker2026/fuselinker/compare_submodules/checkpoints/suppkg/pubmedbert_pretrained_embeddings_768/compare_model/v1/seed_44/metrics.json
Training done!
