Data: /home/anhlq/Documents/2026-ltt/FuseLinker2026/fuselinker/suppkg
Checkpoint: /home/anhlq/Documents/2026-ltt/FuseLinker2026/fuselinker/compare_submodules/checkpoints/suppkg/pubmedbert_pretrained_embeddings_768/compare_model/v2/seed_46/model_state.pth
Hyperparameters | seed=46 fusion=v2 w=0.75 n_hidden=200 num_hidden_layers=2 num_bases=20 dropout=0.2 lr=0.001 reg_param=0.01 iterations=40000 graph_batch_size=250 graph_split_size=0.5 negative_sample=20 eval_protocol=filtered
Loading Pretrained Embeddings files...
Loaded Text Embeddings file successfully!
Loaded Domain Knowledge Embeddings file successfully!
w: 0.75
Data Processing...
# entities: 43474
# relations: 15
# edges: 305986
Loaded pretrained domain embeddings, freeze is False.
Loaded pretrained text embeddings, freeze is False.
Initialized random relation embeddings.
cuda
Task 1 DistMult | Encoder: compare_submodules/model.py
/home/anhlq/Documents/2026-ltt/FuseLinker2026/.venv/lib/python3.10/site-packages/dgl/heterograph.py:92: DGLWarning: Recommend creating graphs by `dgl.graph(data)` instead of `dgl.DGLGraph(data)`.
  dgl_warning(
Start training (masked-entity DistMult)...
/home/anhlq/Documents/2026-ltt/FuseLinker2026/.venv/lib/python3.10/site-packages/dgl/heterograph.py:92: DGLWarning: Recommend creating graphs by `dgl.graph(data)` instead of `dgl.DGLGraph(data)`.
  dgl_warning(
Epoch 1000 | Loss 0.12016
Epoch 2000 | Loss 0.11186
Epoch 3000 | Loss 0.09861
Epoch 4000 | Loss 0.10073
Epoch 5000 | Loss 0.09669
Epoch 6000 | Loss 0.09912
Epoch 7000 | Loss 0.09255
Epoch 8000 | Loss 0.09404
Epoch 9000 | Loss 0.09137
Epoch 10000 | Loss 0.08943
Epoch 11000 | Loss 0.09432
Epoch 12000 | Loss 0.08870
Epoch 13000 | Loss 0.09384
Epoch 14000 | Loss 0.08543
Epoch 15000 | Loss 0.08546
Epoch 16000 | Loss 0.08745
Epoch 17000 | Loss 0.09177
Epoch 18000 | Loss 0.08285
Epoch 19000 | Loss 0.08174
Epoch 20000 | Loss 0.08282
Epoch 21000 | Loss 0.08802
Epoch 22000 | Loss 0.08728
Epoch 23000 | Loss 0.08714
Epoch 24000 | Loss 0.08267
Epoch 25000 | Loss 0.08453
Epoch 26000 | Loss 0.08331
Epoch 27000 | Loss 0.08170
Epoch 28000 | Loss 0.08256
Epoch 29000 | Loss 0.08084
Epoch 30000 | Loss 0.07696
Epoch 31000 | Loss 0.08575
Epoch 32000 | Loss 0.08352
Epoch 33000 | Loss 0.08370
Epoch 34000 | Loss 0.07493
Epoch 35000 | Loss 0.07722
Epoch 36000 | Loss 0.08652
Epoch 37000 | Loss 0.08192
Epoch 38000 | Loss 0.08302
Epoch 39000 | Loss 0.07888
Epoch 40000 | Loss 0.07476
Evaluating TEST: encode on test_graph (FuseLinker original main.py protocol).
13.887991428375244
MR: 2.986993
MRR: 0.714936
Hits @ 1 = 0.596033
Hits @ 3 = 0.794274
Hits @ 10 = 0.944606
AUROC: 0.968126
ROC curve saved: /home/anhlq/Documents/2026-ltt/FuseLinker2026/fuselinker/compare_submodules/checkpoints/suppkg/pubmedbert_pretrained_embeddings_768/compare_model/v2/seed_46/roc_curve.png
Metrics saved: /home/anhlq/Documents/2026-ltt/FuseLinker2026/fuselinker/compare_submodules/checkpoints/suppkg/pubmedbert_pretrained_embeddings_768/compare_model/v2/seed_46/metrics.json
Training done!
