Data: /home/anhlq/Documents/2026-ltt/FuseLinker2026/fuselinker/suppkg
Checkpoint: /home/anhlq/Documents/2026-ltt/FuseLinker2026/fuselinker/compare_submodules/checkpoints/suppkg/pubmedbert_pretrained_embeddings_768/compare_model/v2/seed_44/model_state.pth
Hyperparameters | seed=44 fusion=v2 w=0.75 n_hidden=200 num_hidden_layers=2 num_bases=20 dropout=0.2 lr=0.001 reg_param=0.01 iterations=40000 graph_batch_size=250 graph_split_size=0.5 negative_sample=20 eval_protocol=filtered
Loading Pretrained Embeddings files...
Loaded Text Embeddings file successfully!
Loaded Domain Knowledge Embeddings file successfully!
w: 0.75
Data Processing...
# entities: 43474
# relations: 15
# edges: 305986
Loaded pretrained domain embeddings, freeze is False.
Loaded pretrained text embeddings, freeze is False.
Initialized random relation embeddings.
cuda
Task 1 DistMult | Encoder: compare_submodules/model.py
/home/anhlq/Documents/2026-ltt/FuseLinker2026/.venv/lib/python3.10/site-packages/dgl/heterograph.py:92: DGLWarning: Recommend creating graphs by `dgl.graph(data)` instead of `dgl.DGLGraph(data)`.
  dgl_warning(
Start training (masked-entity DistMult)...
/home/anhlq/Documents/2026-ltt/FuseLinker2026/.venv/lib/python3.10/site-packages/dgl/heterograph.py:92: DGLWarning: Recommend creating graphs by `dgl.graph(data)` instead of `dgl.DGLGraph(data)`.
  dgl_warning(
Epoch 1000 | Loss 0.11996
Epoch 2000 | Loss 0.10139
Epoch 3000 | Loss 0.09708
Epoch 4000 | Loss 0.09987
Epoch 5000 | Loss 0.09712
Epoch 6000 | Loss 0.09823
Epoch 7000 | Loss 0.09931
Epoch 8000 | Loss 0.08845
Epoch 9000 | Loss 0.09810
Epoch 10000 | Loss 0.09057
Epoch 11000 | Loss 0.08485
Epoch 12000 | Loss 0.09397
Epoch 13000 | Loss 0.08913
Epoch 14000 | Loss 0.08317
Epoch 15000 | Loss 0.08069
Epoch 16000 | Loss 0.08350
Epoch 17000 | Loss 0.08697
Epoch 18000 | Loss 0.08676
Epoch 19000 | Loss 0.08295
Epoch 20000 | Loss 0.08557
Epoch 21000 | Loss 0.07925
Epoch 22000 | Loss 0.07895
Epoch 23000 | Loss 0.08995
Epoch 24000 | Loss 0.08707
Epoch 25000 | Loss 0.08860
Epoch 26000 | Loss 0.08505
Epoch 27000 | Loss 0.08193
Epoch 28000 | Loss 0.08239
Epoch 29000 | Loss 0.08052
Epoch 30000 | Loss 0.08138
Epoch 31000 | Loss 0.08560
Epoch 32000 | Loss 0.08306
Epoch 33000 | Loss 0.08122
Epoch 34000 | Loss 0.07995
Epoch 35000 | Loss 0.07776
Epoch 36000 | Loss 0.08131
Epoch 37000 | Loss 0.08434
Epoch 38000 | Loss 0.08657
Epoch 39000 | Loss 0.08634
Epoch 40000 | Loss 0.07041
Evaluating TEST: encode on test_graph (FuseLinker original main.py protocol).
14.192721128463745
MR: 3.072192
MRR: 0.710508
Hits @ 1 = 0.590526
Hits @ 3 = 0.791170
Hits @ 10 = 0.942008
AUROC: 0.973339
ROC curve saved: /home/anhlq/Documents/2026-ltt/FuseLinker2026/fuselinker/compare_submodules/checkpoints/suppkg/pubmedbert_pretrained_embeddings_768/compare_model/v2/seed_44/roc_curve.png
Metrics saved: /home/anhlq/Documents/2026-ltt/FuseLinker2026/fuselinker/compare_submodules/checkpoints/suppkg/pubmedbert_pretrained_embeddings_768/compare_model/v2/seed_44/metrics.json
Training done!
