Data: /home/anhlq/Documents/2026-ltt/FuseLinker2026/fuselinker/suppkg
Checkpoint: /home/anhlq/Documents/2026-ltt/FuseLinker2026/fuselinker/compare_submodules/checkpoints/suppkg/pubmedbert_pretrained_embeddings_768/compare_model/v2/seed_43/model_state.pth
Hyperparameters | seed=43 fusion=v2 w=0.75 n_hidden=200 num_hidden_layers=2 num_bases=20 dropout=0.2 lr=0.001 reg_param=0.01 iterations=40000 graph_batch_size=250 graph_split_size=0.5 negative_sample=20 eval_protocol=filtered
Loading Pretrained Embeddings files...
Loaded Text Embeddings file successfully!
Loaded Domain Knowledge Embeddings file successfully!
w: 0.75
Data Processing...
# entities: 43474
# relations: 15
# edges: 305986
Loaded pretrained domain embeddings, freeze is False.
Loaded pretrained text embeddings, freeze is False.
Initialized random relation embeddings.
cuda
Task 1 DistMult | Encoder: compare_submodules/model.py
/home/anhlq/Documents/2026-ltt/FuseLinker2026/.venv/lib/python3.10/site-packages/dgl/heterograph.py:92: DGLWarning: Recommend creating graphs by `dgl.graph(data)` instead of `dgl.DGLGraph(data)`.
  dgl_warning(
Start training (masked-entity DistMult)...
/home/anhlq/Documents/2026-ltt/FuseLinker2026/.venv/lib/python3.10/site-packages/dgl/heterograph.py:92: DGLWarning: Recommend creating graphs by `dgl.graph(data)` instead of `dgl.DGLGraph(data)`.
  dgl_warning(
Epoch 1000 | Loss 0.12613
Epoch 2000 | Loss 0.10399
Epoch 3000 | Loss 0.10357
Epoch 4000 | Loss 0.09475
Epoch 5000 | Loss 0.10262
Epoch 6000 | Loss 0.09845
Epoch 7000 | Loss 0.09242
Epoch 8000 | Loss 0.09111
Epoch 9000 | Loss 0.09563
Epoch 10000 | Loss 0.09017
Epoch 11000 | Loss 0.08546
Epoch 12000 | Loss 0.08691
Epoch 13000 | Loss 0.08583
Epoch 14000 | Loss 0.08575
Epoch 15000 | Loss 0.08963
Epoch 16000 | Loss 0.08839
Epoch 17000 | Loss 0.08194
Epoch 18000 | Loss 0.09041
Epoch 19000 | Loss 0.08366
Epoch 20000 | Loss 0.08092
Epoch 21000 | Loss 0.08745
Epoch 22000 | Loss 0.08429
Epoch 23000 | Loss 0.08195
Epoch 24000 | Loss 0.08146
Epoch 25000 | Loss 0.08109
Epoch 26000 | Loss 0.08026
Epoch 27000 | Loss 0.07946
Epoch 28000 | Loss 0.08505
Epoch 29000 | Loss 0.07676
Epoch 30000 | Loss 0.08508
Epoch 31000 | Loss 0.07383
Epoch 32000 | Loss 0.08452
Epoch 33000 | Loss 0.08252
Epoch 34000 | Loss 0.08391
Epoch 35000 | Loss 0.08049
Epoch 36000 | Loss 0.08424
Epoch 37000 | Loss 0.07949
Epoch 38000 | Loss 0.08302
Epoch 39000 | Loss 0.07946
Epoch 40000 | Loss 0.08450
Evaluating TEST: encode on test_graph (FuseLinker original main.py protocol).
13.542108535766602
MR: 3.245613
MRR: 0.695785
Hits @ 1 = 0.573761
Hits @ 3 = 0.775254
Hits @ 10 = 0.935374
AUROC: 0.969411
ROC curve saved: /home/anhlq/Documents/2026-ltt/FuseLinker2026/fuselinker/compare_submodules/checkpoints/suppkg/pubmedbert_pretrained_embeddings_768/compare_model/v2/seed_43/roc_curve.png
Metrics saved: /home/anhlq/Documents/2026-ltt/FuseLinker2026/fuselinker/compare_submodules/checkpoints/suppkg/pubmedbert_pretrained_embeddings_768/compare_model/v2/seed_43/metrics.json
Training done!
