Data: /home/anhlq/Documents/2026-ltt/FuseLinker2026/fuselinker/suppkg
Checkpoint: /home/anhlq/Documents/2026-ltt/FuseLinker2026/fuselinker/compare_submodules/checkpoints/suppkg/pubmedbert_pretrained_embeddings_768/compare_model/v3/seed_45/model_state.pth
Hyperparameters | seed=45 fusion=v3 w=0.75 n_hidden=200 num_hidden_layers=2 num_bases=20 dropout=0.2 lr=0.001 reg_param=0.01 iterations=40000 graph_batch_size=250 graph_split_size=0.5 negative_sample=20 eval_protocol=filtered
Loading Pretrained Embeddings files...
Loaded Text Embeddings file successfully!
Loaded Domain Knowledge Embeddings file successfully!
w: 0.75
Data Processing...
# entities: 43474
# relations: 15
# edges: 305986
Loaded pretrained domain embeddings, freeze is False.
Loaded pretrained text embeddings, freeze is False.
Initialized random relation embeddings.
cuda
Task 1 DistMult | Encoder: compare_submodules/model.py
/home/anhlq/Documents/2026-ltt/FuseLinker2026/.venv/lib/python3.10/site-packages/dgl/heterograph.py:92: DGLWarning: Recommend creating graphs by `dgl.graph(data)` instead of `dgl.DGLGraph(data)`.
  dgl_warning(
Start training (masked-entity DistMult)...
/home/anhlq/Documents/2026-ltt/FuseLinker2026/.venv/lib/python3.10/site-packages/dgl/heterograph.py:92: DGLWarning: Recommend creating graphs by `dgl.graph(data)` instead of `dgl.DGLGraph(data)`.
  dgl_warning(
Epoch 1000 | Loss 0.12783
Epoch 2000 | Loss 0.10520
Epoch 3000 | Loss 0.09983
Epoch 4000 | Loss 0.10118
Epoch 5000 | Loss 0.08972
Epoch 6000 | Loss 0.09577
Epoch 7000 | Loss 0.08885
Epoch 8000 | Loss 0.09413
Epoch 9000 | Loss 0.08837
Epoch 10000 | Loss 0.08719
Epoch 11000 | Loss 0.09507
Epoch 12000 | Loss 0.08356
Epoch 13000 | Loss 0.08482
Epoch 14000 | Loss 0.08851
Epoch 15000 | Loss 0.08816
Epoch 16000 | Loss 0.08137
Epoch 17000 | Loss 0.08711
Epoch 18000 | Loss 0.08342
Epoch 19000 | Loss 0.08078
Epoch 20000 | Loss 0.08139
Epoch 21000 | Loss 0.08403
Epoch 22000 | Loss 0.08714
Epoch 23000 | Loss 0.07263
Epoch 24000 | Loss 0.07599
Epoch 25000 | Loss 0.07296
Epoch 26000 | Loss 0.07456
Epoch 27000 | Loss 0.08499
Epoch 28000 | Loss 0.07424
Epoch 29000 | Loss 0.07722
Epoch 30000 | Loss 0.07390
Epoch 31000 | Loss 0.08149
Epoch 32000 | Loss 0.07093
Epoch 33000 | Loss 0.07459
Epoch 34000 | Loss 0.08058
Epoch 35000 | Loss 0.07429
Epoch 36000 | Loss 0.07554
Epoch 37000 | Loss 0.07521
Epoch 38000 | Loss 0.07363
Epoch 39000 | Loss 0.07106
Epoch 40000 | Loss 0.06991
Evaluating TEST: encode on test_graph (FuseLinker original main.py protocol).
13.921886205673218
MR: 3.056914
MRR: 0.720329
Hits @ 1 = 0.605379
Hits @ 3 = 0.797183
Hits @ 10 = 0.942155
AUROC: 0.972843
ROC curve saved: /home/anhlq/Documents/2026-ltt/FuseLinker2026/fuselinker/compare_submodules/checkpoints/suppkg/pubmedbert_pretrained_embeddings_768/compare_model/v3/seed_45/roc_curve.png
Metrics saved: /home/anhlq/Documents/2026-ltt/FuseLinker2026/fuselinker/compare_submodules/checkpoints/suppkg/pubmedbert_pretrained_embeddings_768/compare_model/v3/seed_45/metrics.json
Training done!
