Data: /home/anhlq/Documents/2026-ltt/FuseLinker2026/fuselinker/suppkg
Checkpoint: /home/anhlq/Documents/2026-ltt/FuseLinker2026/fuselinker/compare_submodules/checkpoints/suppkg/pubmedbert_pretrained_embeddings_768/compare_model/v3/seed_43/model_state.pth
Hyperparameters | seed=43 fusion=v3 w=0.75 n_hidden=200 num_hidden_layers=2 num_bases=20 dropout=0.2 lr=0.001 reg_param=0.01 iterations=40000 graph_batch_size=250 graph_split_size=0.5 negative_sample=20 eval_protocol=filtered
Loading Pretrained Embeddings files...
Loaded Text Embeddings file successfully!
Loaded Domain Knowledge Embeddings file successfully!
w: 0.75
Data Processing...
# entities: 43474
# relations: 15
# edges: 305986
Loaded pretrained domain embeddings, freeze is False.
Loaded pretrained text embeddings, freeze is False.
Initialized random relation embeddings.
cuda
Task 1 DistMult | Encoder: compare_submodules/model.py
/home/anhlq/Documents/2026-ltt/FuseLinker2026/.venv/lib/python3.10/site-packages/dgl/heterograph.py:92: DGLWarning: Recommend creating graphs by `dgl.graph(data)` instead of `dgl.DGLGraph(data)`.
  dgl_warning(
Start training (masked-entity DistMult)...
/home/anhlq/Documents/2026-ltt/FuseLinker2026/.venv/lib/python3.10/site-packages/dgl/heterograph.py:92: DGLWarning: Recommend creating graphs by `dgl.graph(data)` instead of `dgl.DGLGraph(data)`.
  dgl_warning(
Epoch 1000 | Loss 0.12360
Epoch 2000 | Loss 0.10384
Epoch 3000 | Loss 0.09725
Epoch 4000 | Loss 0.09680
Epoch 5000 | Loss 0.09581
Epoch 6000 | Loss 0.09855
Epoch 7000 | Loss 0.09456
Epoch 8000 | Loss 0.08967
Epoch 9000 | Loss 0.09321
Epoch 10000 | Loss 0.08947
Epoch 11000 | Loss 0.08468
Epoch 12000 | Loss 0.08099
Epoch 13000 | Loss 0.08267
Epoch 14000 | Loss 0.08591
Epoch 15000 | Loss 0.09030
Epoch 16000 | Loss 0.08492
Epoch 17000 | Loss 0.08021
Epoch 18000 | Loss 0.08484
Epoch 19000 | Loss 0.08427
Epoch 20000 | Loss 0.07616
Epoch 21000 | Loss 0.08039
Epoch 22000 | Loss 0.08186
Epoch 23000 | Loss 0.07742
Epoch 24000 | Loss 0.07917
Epoch 25000 | Loss 0.07645
Epoch 26000 | Loss 0.07552
Epoch 27000 | Loss 0.08129
Epoch 28000 | Loss 0.08694
Epoch 29000 | Loss 0.07721
Epoch 30000 | Loss 0.07814
Epoch 31000 | Loss 0.06904
Epoch 32000 | Loss 0.08333
Epoch 33000 | Loss 0.07724
Epoch 34000 | Loss 0.08171
Epoch 35000 | Loss 0.07965
Epoch 36000 | Loss 0.07725
Epoch 37000 | Loss 0.07759
Epoch 38000 | Loss 0.08032
Epoch 39000 | Loss 0.07189
Epoch 40000 | Loss 0.08406
Evaluating TEST: encode on test_graph (FuseLinker original main.py protocol).
14.175896644592285
MR: 3.004477
MRR: 0.718904
Hits @ 1 = 0.600755
Hits @ 3 = 0.799797
Hits @ 10 = 0.945439
AUROC: 0.970611
ROC curve saved: /home/anhlq/Documents/2026-ltt/FuseLinker2026/fuselinker/compare_submodules/checkpoints/suppkg/pubmedbert_pretrained_embeddings_768/compare_model/v3/seed_43/roc_curve.png
Metrics saved: /home/anhlq/Documents/2026-ltt/FuseLinker2026/fuselinker/compare_submodules/checkpoints/suppkg/pubmedbert_pretrained_embeddings_768/compare_model/v3/seed_43/metrics.json
Training done!
