Data: /home/anhlq/Documents/2026-ltt/FuseLinker2026/fuselinker/suppkg
Checkpoint: /home/anhlq/Documents/2026-ltt/FuseLinker2026/fuselinker/compare_submodules/checkpoints/suppkg/pubmedbert_pretrained_embeddings_768/compare_model/v3/seed_42/model_state.pth
Hyperparameters | seed=42 fusion=v3 w=0.75 n_hidden=200 num_hidden_layers=2 num_bases=20 dropout=0.2 lr=0.001 reg_param=0.01 iterations=40000 graph_batch_size=250 graph_split_size=0.5 negative_sample=20 eval_protocol=filtered
Loading Pretrained Embeddings files...
Loaded Text Embeddings file successfully!
Loaded Domain Knowledge Embeddings file successfully!
w: 0.75
Data Processing...
# entities: 43474
# relations: 15
# edges: 305986
Loaded pretrained domain embeddings, freeze is False.
Loaded pretrained text embeddings, freeze is False.
Initialized random relation embeddings.
cuda
Task 1 DistMult | Encoder: compare_submodules/model.py
/home/anhlq/Documents/2026-ltt/FuseLinker2026/.venv/lib/python3.10/site-packages/dgl/heterograph.py:92: DGLWarning: Recommend creating graphs by `dgl.graph(data)` instead of `dgl.DGLGraph(data)`.
  dgl_warning(
Start training (masked-entity DistMult)...
/home/anhlq/Documents/2026-ltt/FuseLinker2026/.venv/lib/python3.10/site-packages/dgl/heterograph.py:92: DGLWarning: Recommend creating graphs by `dgl.graph(data)` instead of `dgl.DGLGraph(data)`.
  dgl_warning(
Epoch 1000 | Loss 0.12075
Epoch 2000 | Loss 0.11780
Epoch 3000 | Loss 0.09854
Epoch 4000 | Loss 0.09839
Epoch 5000 | Loss 0.09777
Epoch 6000 | Loss 0.09955
Epoch 7000 | Loss 0.08809
Epoch 8000 | Loss 0.09313
Epoch 9000 | Loss 0.09094
Epoch 10000 | Loss 0.08467
Epoch 11000 | Loss 0.08651
Epoch 12000 | Loss 0.09029
Epoch 13000 | Loss 0.09420
Epoch 14000 | Loss 0.08453
Epoch 15000 | Loss 0.08833
Epoch 16000 | Loss 0.08752
Epoch 17000 | Loss 0.08435
Epoch 18000 | Loss 0.07505
Epoch 19000 | Loss 0.09407
Epoch 20000 | Loss 0.08215
Epoch 21000 | Loss 0.08589
Epoch 22000 | Loss 0.08324
Epoch 23000 | Loss 0.08227
Epoch 24000 | Loss 0.07672
Epoch 25000 | Loss 0.07881
Epoch 26000 | Loss 0.08079
Epoch 27000 | Loss 0.07955
Epoch 28000 | Loss 0.08125
Epoch 29000 | Loss 0.07799
Epoch 30000 | Loss 0.07614
Epoch 31000 | Loss 0.07501
Epoch 32000 | Loss 0.07826
Epoch 33000 | Loss 0.07678
Epoch 34000 | Loss 0.07909
Epoch 35000 | Loss 0.07558
Epoch 36000 | Loss 0.08393
Epoch 37000 | Loss 0.07500
Epoch 38000 | Loss 0.07628
Epoch 39000 | Loss 0.07684
Epoch 40000 | Loss 0.07635
Evaluating TEST: encode on test_graph (FuseLinker original main.py protocol).
13.902241468429565
MR: 2.869963
MRR: 0.728705
Hits @ 1 = 0.613092
Hits @ 3 = 0.807641
Hits @ 10 = 0.950015
AUROC: 0.971706
ROC curve saved: /home/anhlq/Documents/2026-ltt/FuseLinker2026/fuselinker/compare_submodules/checkpoints/suppkg/pubmedbert_pretrained_embeddings_768/compare_model/v3/seed_42/roc_curve.png
Metrics saved: /home/anhlq/Documents/2026-ltt/FuseLinker2026/fuselinker/compare_submodules/checkpoints/suppkg/pubmedbert_pretrained_embeddings_768/compare_model/v3/seed_42/metrics.json
Training done!
