Data: /home/anhlq/Documents/2026-ltt/FuseLinker2026/fuselinker/suppkg
Checkpoint: /home/anhlq/Documents/2026-ltt/FuseLinker2026/fuselinker/compare_submodules/checkpoints/suppkg/pubmedbert_pretrained_embeddings_768/compare_model/v3/seed_46/model_state.pth
Hyperparameters | seed=46 fusion=v3 w=0.75 n_hidden=200 num_hidden_layers=2 num_bases=20 dropout=0.2 lr=0.001 reg_param=0.01 iterations=40000 graph_batch_size=250 graph_split_size=0.5 negative_sample=20 eval_protocol=filtered
Loading Pretrained Embeddings files...
Loaded Text Embeddings file successfully!
Loaded Domain Knowledge Embeddings file successfully!
w: 0.75
Data Processing...
# entities: 43474
# relations: 15
# edges: 305986
Loaded pretrained domain embeddings, freeze is False.
Loaded pretrained text embeddings, freeze is False.
Initialized random relation embeddings.
cuda
Task 1 DistMult | Encoder: compare_submodules/model.py
/home/anhlq/Documents/2026-ltt/FuseLinker2026/.venv/lib/python3.10/site-packages/dgl/heterograph.py:92: DGLWarning: Recommend creating graphs by `dgl.graph(data)` instead of `dgl.DGLGraph(data)`.
  dgl_warning(
Start training (masked-entity DistMult)...
/home/anhlq/Documents/2026-ltt/FuseLinker2026/.venv/lib/python3.10/site-packages/dgl/heterograph.py:92: DGLWarning: Recommend creating graphs by `dgl.graph(data)` instead of `dgl.DGLGraph(data)`.
  dgl_warning(
Epoch 1000 | Loss 0.11938
Epoch 2000 | Loss 0.11266
Epoch 3000 | Loss 0.10316
Epoch 4000 | Loss 0.09614
Epoch 5000 | Loss 0.09323
Epoch 6000 | Loss 0.09665
Epoch 7000 | Loss 0.09298
Epoch 8000 | Loss 0.08869
Epoch 9000 | Loss 0.08897
Epoch 10000 | Loss 0.09060
Epoch 11000 | Loss 0.09235
Epoch 12000 | Loss 0.08783
Epoch 13000 | Loss 0.09368
Epoch 14000 | Loss 0.08478
Epoch 15000 | Loss 0.08798
Epoch 16000 | Loss 0.08593
Epoch 17000 | Loss 0.08799
Epoch 18000 | Loss 0.08417
Epoch 19000 | Loss 0.07612
Epoch 20000 | Loss 0.07501
Epoch 21000 | Loss 0.08761
Epoch 22000 | Loss 0.08090
Epoch 23000 | Loss 0.08741
Epoch 24000 | Loss 0.08039
Epoch 25000 | Loss 0.07994
Epoch 26000 | Loss 0.08213
Epoch 27000 | Loss 0.08336
Epoch 28000 | Loss 0.07650
Epoch 29000 | Loss 0.08188
Epoch 30000 | Loss 0.07681
Epoch 31000 | Loss 0.08057
Epoch 32000 | Loss 0.08223
Epoch 33000 | Loss 0.07625
Epoch 34000 | Loss 0.07554
Epoch 35000 | Loss 0.07766
Epoch 36000 | Loss 0.08299
Epoch 37000 | Loss 0.07551
Epoch 38000 | Loss 0.07269
Epoch 39000 | Loss 0.07559
Epoch 40000 | Loss 0.07089
Evaluating TEST: encode on test_graph (FuseLinker original main.py protocol).
14.038997411727905
MR: 3.074708
MRR: 0.707677
Hits @ 1 = 0.585607
Hits @ 3 = 0.789960
Hits @ 10 = 0.942743
AUROC: 0.969785
ROC curve saved: /home/anhlq/Documents/2026-ltt/FuseLinker2026/fuselinker/compare_submodules/checkpoints/suppkg/pubmedbert_pretrained_embeddings_768/compare_model/v3/seed_46/roc_curve.png
Metrics saved: /home/anhlq/Documents/2026-ltt/FuseLinker2026/fuselinker/compare_submodules/checkpoints/suppkg/pubmedbert_pretrained_embeddings_768/compare_model/v3/seed_46/metrics.json
Training done!
