Data: /home/anhlq/Documents/2026-ltt/FuseLinker2026/fuselinker/suppkg
Checkpoint: /home/anhlq/Documents/2026-ltt/FuseLinker2026/fuselinker/compare_submodules/checkpoints/suppkg/pubmedbert_pretrained_embeddings_768/compare_model/v4/seed_42/model_state.pth
Hyperparameters | seed=42 fusion=v4 w=0.75 n_hidden=200 num_hidden_layers=2 num_bases=20 dropout=0.2 lr=0.001 reg_param=0.01 iterations=40000 graph_batch_size=250 graph_split_size=0.5 negative_sample=20 eval_protocol=filtered
Loading Pretrained Embeddings files...
Loaded Text Embeddings file successfully!
Loaded Domain Knowledge Embeddings file successfully!
w: 0.75
Data Processing...
# entities: 43474
# relations: 15
# edges: 305986
Loaded pretrained domain embeddings, freeze is False.
Loaded pretrained text embeddings, freeze is False.
Initialized random relation embeddings.
cuda
Task 1 DistMult | Encoder: compare_submodules/model.py
/home/anhlq/Documents/2026-ltt/FuseLinker2026/.venv/lib/python3.10/site-packages/dgl/heterograph.py:92: DGLWarning: Recommend creating graphs by `dgl.graph(data)` instead of `dgl.DGLGraph(data)`.
  dgl_warning(
Start training (masked-entity DistMult)...
/home/anhlq/Documents/2026-ltt/FuseLinker2026/.venv/lib/python3.10/site-packages/dgl/heterograph.py:92: DGLWarning: Recommend creating graphs by `dgl.graph(data)` instead of `dgl.DGLGraph(data)`.
  dgl_warning(
Epoch 1000 | Loss 0.12059
Epoch 2000 | Loss 0.11555
Epoch 3000 | Loss 0.10527
Epoch 4000 | Loss 0.09889
Epoch 5000 | Loss 0.09697
Epoch 6000 | Loss 0.10066
Epoch 7000 | Loss 0.08690
Epoch 8000 | Loss 0.09312
Epoch 9000 | Loss 0.09688
Epoch 10000 | Loss 0.08752
Epoch 11000 | Loss 0.08686
Epoch 12000 | Loss 0.09024
Epoch 13000 | Loss 0.09401
Epoch 14000 | Loss 0.08676
Epoch 15000 | Loss 0.08649
Epoch 16000 | Loss 0.08838
Epoch 17000 | Loss 0.08557
Epoch 18000 | Loss 0.07814
Epoch 19000 | Loss 0.09234
Epoch 20000 | Loss 0.08110
Epoch 21000 | Loss 0.08940
Epoch 22000 | Loss 0.08632
Epoch 23000 | Loss 0.08281
Epoch 24000 | Loss 0.07895
Epoch 25000 | Loss 0.08053
Epoch 26000 | Loss 0.08150
Epoch 27000 | Loss 0.08175
Epoch 28000 | Loss 0.08195
Epoch 29000 | Loss 0.08163
Epoch 30000 | Loss 0.08022
Epoch 31000 | Loss 0.07727
Epoch 32000 | Loss 0.08017
Epoch 33000 | Loss 0.07510
Epoch 34000 | Loss 0.07958
Epoch 35000 | Loss 0.07514
Epoch 36000 | Loss 0.08433
Epoch 37000 | Loss 0.07824
Epoch 38000 | Loss 0.07714
Epoch 39000 | Loss 0.08526
Epoch 40000 | Loss 0.07907
Evaluating TEST: encode on test_graph (FuseLinker original main.py protocol).
14.060627937316895
MR: 3.238439
MRR: 0.692305
Hits @ 1 = 0.568483
Hits @ 3 = 0.771986
Hits @ 10 = 0.936550
AUROC: 0.971045
ROC curve saved: /home/anhlq/Documents/2026-ltt/FuseLinker2026/fuselinker/compare_submodules/checkpoints/suppkg/pubmedbert_pretrained_embeddings_768/compare_model/v4/seed_42/roc_curve.png
Metrics saved: /home/anhlq/Documents/2026-ltt/FuseLinker2026/fuselinker/compare_submodules/checkpoints/suppkg/pubmedbert_pretrained_embeddings_768/compare_model/v4/seed_42/metrics.json
Training done!
