Data: /home/anhlq/Documents/2026-ltt/FuseLinker2026/fuselinker/suppkg
Checkpoint: /home/anhlq/Documents/2026-ltt/FuseLinker2026/fuselinker/compare_submodules/checkpoints/suppkg/pubmedbert_pretrained_embeddings_768/compare_model/v4/seed_45/model_state.pth
Hyperparameters | seed=45 fusion=v4 w=0.75 n_hidden=200 num_hidden_layers=2 num_bases=20 dropout=0.2 lr=0.001 reg_param=0.01 iterations=40000 graph_batch_size=250 graph_split_size=0.5 negative_sample=20 eval_protocol=filtered
Loading Pretrained Embeddings files...
Loaded Text Embeddings file successfully!
Loaded Domain Knowledge Embeddings file successfully!
w: 0.75
Data Processing...
# entities: 43474
# relations: 15
# edges: 305986
Loaded pretrained domain embeddings, freeze is False.
Loaded pretrained text embeddings, freeze is False.
Initialized random relation embeddings.
cuda
Task 1 DistMult | Encoder: compare_submodules/model.py
/home/anhlq/Documents/2026-ltt/FuseLinker2026/.venv/lib/python3.10/site-packages/dgl/heterograph.py:92: DGLWarning: Recommend creating graphs by `dgl.graph(data)` instead of `dgl.DGLGraph(data)`.
  dgl_warning(
Start training (masked-entity DistMult)...
/home/anhlq/Documents/2026-ltt/FuseLinker2026/.venv/lib/python3.10/site-packages/dgl/heterograph.py:92: DGLWarning: Recommend creating graphs by `dgl.graph(data)` instead of `dgl.DGLGraph(data)`.
  dgl_warning(
Epoch 1000 | Loss 0.12141
Epoch 2000 | Loss 0.10756
Epoch 3000 | Loss 0.09850
Epoch 4000 | Loss 0.09518
Epoch 5000 | Loss 0.09314
Epoch 6000 | Loss 0.09716
Epoch 7000 | Loss 0.08982
Epoch 8000 | Loss 0.09134
Epoch 9000 | Loss 0.08605
Epoch 10000 | Loss 0.08580
Epoch 11000 | Loss 0.09455
Epoch 12000 | Loss 0.08774
Epoch 13000 | Loss 0.08389
Epoch 14000 | Loss 0.09432
Epoch 15000 | Loss 0.08858
Epoch 16000 | Loss 0.08228
Epoch 17000 | Loss 0.08122
Epoch 18000 | Loss 0.08233
Epoch 19000 | Loss 0.08160
Epoch 20000 | Loss 0.08342
Epoch 21000 | Loss 0.08814
Epoch 22000 | Loss 0.08819
Epoch 23000 | Loss 0.08417
Epoch 24000 | Loss 0.08027
Epoch 25000 | Loss 0.07560
Epoch 26000 | Loss 0.07975
Epoch 27000 | Loss 0.09094
Epoch 28000 | Loss 0.07443
Epoch 29000 | Loss 0.07746
Epoch 30000 | Loss 0.07428
Epoch 31000 | Loss 0.08640
Epoch 32000 | Loss 0.07522
Epoch 33000 | Loss 0.08225
Epoch 34000 | Loss 0.08405
Epoch 35000 | Loss 0.07712
Epoch 36000 | Loss 0.07806
Epoch 37000 | Loss 0.07699
Epoch 38000 | Loss 0.08137
Epoch 39000 | Loss 0.07566
Epoch 40000 | Loss 0.07478
Evaluating TEST: encode on test_graph (FuseLinker original main.py protocol).
13.87351655960083
MR: 2.923805
MRR: 0.721540
Hits @ 1 = 0.602291
Hits @ 3 = 0.804340
Hits @ 10 = 0.948446
AUROC: 0.973882
ROC curve saved: /home/anhlq/Documents/2026-ltt/FuseLinker2026/fuselinker/compare_submodules/checkpoints/suppkg/pubmedbert_pretrained_embeddings_768/compare_model/v4/seed_45/roc_curve.png
Metrics saved: /home/anhlq/Documents/2026-ltt/FuseLinker2026/fuselinker/compare_submodules/checkpoints/suppkg/pubmedbert_pretrained_embeddings_768/compare_model/v4/seed_45/metrics.json
Training done!
