Data: /home/anhlq/Documents/2026-ltt/FuseLinker2026/fuselinker/suppkg
Checkpoint: /home/anhlq/Documents/2026-ltt/FuseLinker2026/fuselinker/compare_submodules/checkpoints/suppkg/pubmedbert_pretrained_embeddings_768/compare_model/v4/seed_44/model_state.pth
Hyperparameters | seed=44 fusion=v4 w=0.75 n_hidden=200 num_hidden_layers=2 num_bases=20 dropout=0.2 lr=0.001 reg_param=0.01 iterations=40000 graph_batch_size=250 graph_split_size=0.5 negative_sample=20 eval_protocol=filtered
Loading Pretrained Embeddings files...
Loaded Text Embeddings file successfully!
Loaded Domain Knowledge Embeddings file successfully!
w: 0.75
Data Processing...
# entities: 43474
# relations: 15
# edges: 305986
Loaded pretrained domain embeddings, freeze is False.
Loaded pretrained text embeddings, freeze is False.
Initialized random relation embeddings.
cuda
Task 1 DistMult | Encoder: compare_submodules/model.py
/home/anhlq/Documents/2026-ltt/FuseLinker2026/.venv/lib/python3.10/site-packages/dgl/heterograph.py:92: DGLWarning: Recommend creating graphs by `dgl.graph(data)` instead of `dgl.DGLGraph(data)`.
  dgl_warning(
Start training (masked-entity DistMult)...
/home/anhlq/Documents/2026-ltt/FuseLinker2026/.venv/lib/python3.10/site-packages/dgl/heterograph.py:92: DGLWarning: Recommend creating graphs by `dgl.graph(data)` instead of `dgl.DGLGraph(data)`.
  dgl_warning(
Epoch 1000 | Loss 0.12038
Epoch 2000 | Loss 0.10170
Epoch 3000 | Loss 0.09731
Epoch 4000 | Loss 0.10272
Epoch 5000 | Loss 0.09696
Epoch 6000 | Loss 0.09669
Epoch 7000 | Loss 0.09359
Epoch 8000 | Loss 0.09222
Epoch 9000 | Loss 0.09757
Epoch 10000 | Loss 0.08839
Epoch 11000 | Loss 0.08308
Epoch 12000 | Loss 0.08904
Epoch 13000 | Loss 0.08918
Epoch 14000 | Loss 0.08437
Epoch 15000 | Loss 0.07998
Epoch 16000 | Loss 0.08242
Epoch 17000 | Loss 0.08514
Epoch 18000 | Loss 0.08793
Epoch 19000 | Loss 0.08420
Epoch 20000 | Loss 0.08226
Epoch 21000 | Loss 0.07758
Epoch 22000 | Loss 0.08167
Epoch 23000 | Loss 0.09068
Epoch 24000 | Loss 0.08717
Epoch 25000 | Loss 0.08706
Epoch 26000 | Loss 0.08182
Epoch 27000 | Loss 0.08338
Epoch 28000 | Loss 0.08263
Epoch 29000 | Loss 0.08098
Epoch 30000 | Loss 0.08210
Epoch 31000 | Loss 0.08246
Epoch 32000 | Loss 0.08152
Epoch 33000 | Loss 0.07794
Epoch 34000 | Loss 0.07965
Epoch 35000 | Loss 0.07781
Epoch 36000 | Loss 0.08256
Epoch 37000 | Loss 0.08002
Epoch 38000 | Loss 0.08462
Epoch 39000 | Loss 0.08004
Epoch 40000 | Loss 0.07299
Evaluating TEST: encode on test_graph (FuseLinker original main.py protocol).
13.786240577697754
MR: 3.035426
MRR: 0.709934
Hits @ 1 = 0.589300
Hits @ 3 = 0.790990
Hits @ 10 = 0.944492
AUROC: 0.971083
ROC curve saved: /home/anhlq/Documents/2026-ltt/FuseLinker2026/fuselinker/compare_submodules/checkpoints/suppkg/pubmedbert_pretrained_embeddings_768/compare_model/v4/seed_44/roc_curve.png
Metrics saved: /home/anhlq/Documents/2026-ltt/FuseLinker2026/fuselinker/compare_submodules/checkpoints/suppkg/pubmedbert_pretrained_embeddings_768/compare_model/v4/seed_44/metrics.json
Training done!
