Data: /home/anhlq/Documents/2026-ltt/FuseLinker2026/fuselinker/suppkg
Checkpoint: /home/anhlq/Documents/2026-ltt/FuseLinker2026/fuselinker/compare_submodules/checkpoints/suppkg/pubmedbert_pretrained_embeddings_768/compare_model/v4/seed_46/model_state.pth
Hyperparameters | seed=46 fusion=v4 w=0.75 n_hidden=200 num_hidden_layers=2 num_bases=20 dropout=0.2 lr=0.001 reg_param=0.01 iterations=40000 graph_batch_size=250 graph_split_size=0.5 negative_sample=20 eval_protocol=filtered
Loading Pretrained Embeddings files...
Loaded Text Embeddings file successfully!
Loaded Domain Knowledge Embeddings file successfully!
w: 0.75
Data Processing...
# entities: 43474
# relations: 15
# edges: 305986
Loaded pretrained domain embeddings, freeze is False.
Loaded pretrained text embeddings, freeze is False.
Initialized random relation embeddings.
cuda
Task 1 DistMult | Encoder: compare_submodules/model.py
/home/anhlq/Documents/2026-ltt/FuseLinker2026/.venv/lib/python3.10/site-packages/dgl/heterograph.py:92: DGLWarning: Recommend creating graphs by `dgl.graph(data)` instead of `dgl.DGLGraph(data)`.
  dgl_warning(
Start training (masked-entity DistMult)...
/home/anhlq/Documents/2026-ltt/FuseLinker2026/.venv/lib/python3.10/site-packages/dgl/heterograph.py:92: DGLWarning: Recommend creating graphs by `dgl.graph(data)` instead of `dgl.DGLGraph(data)`.
  dgl_warning(
Epoch 1000 | Loss 0.11841
Epoch 2000 | Loss 0.11859
Epoch 3000 | Loss 0.10017
Epoch 4000 | Loss 0.09994
Epoch 5000 | Loss 0.09726
Epoch 6000 | Loss 0.09787
Epoch 7000 | Loss 0.09139
Epoch 8000 | Loss 0.08836
Epoch 9000 | Loss 0.09232
Epoch 10000 | Loss 0.09517
Epoch 11000 | Loss 0.09415
Epoch 12000 | Loss 0.09199
Epoch 13000 | Loss 0.09430
Epoch 14000 | Loss 0.08897
Epoch 15000 | Loss 0.08969
Epoch 16000 | Loss 0.08535
Epoch 17000 | Loss 0.08858
Epoch 18000 | Loss 0.08227
Epoch 19000 | Loss 0.08068
Epoch 20000 | Loss 0.08101
Epoch 21000 | Loss 0.08796
Epoch 22000 | Loss 0.08620
Epoch 23000 | Loss 0.08058
Epoch 24000 | Loss 0.08461
Epoch 25000 | Loss 0.08234
Epoch 26000 | Loss 0.07869
Epoch 27000 | Loss 0.07951
Epoch 28000 | Loss 0.08531
Epoch 29000 | Loss 0.08251
Epoch 30000 | Loss 0.07752
Epoch 31000 | Loss 0.08145
Epoch 32000 | Loss 0.07966
Epoch 33000 | Loss 0.07908
Epoch 34000 | Loss 0.07775
Epoch 35000 | Loss 0.07489
Epoch 36000 | Loss 0.08470
Epoch 37000 | Loss 0.07853
Epoch 38000 | Loss 0.07777
Epoch 39000 | Loss 0.08236
Epoch 40000 | Loss 0.07616
Evaluating TEST: encode on test_graph (FuseLinker original main.py protocol).
25.256935358047485
MR: 3.267574
MRR: 0.692333
Hits @ 1 = 0.569185
Hits @ 3 = 0.772068
Hits @ 10 = 0.935047
AUROC: 0.969271
ROC curve saved: /home/anhlq/Documents/2026-ltt/FuseLinker2026/fuselinker/compare_submodules/checkpoints/suppkg/pubmedbert_pretrained_embeddings_768/compare_model/v4/seed_46/roc_curve.png
Metrics saved: /home/anhlq/Documents/2026-ltt/FuseLinker2026/fuselinker/compare_submodules/checkpoints/suppkg/pubmedbert_pretrained_embeddings_768/compare_model/v4/seed_46/metrics.json
Training done!
