Data: /home/anhlq/Documents/2026-ltt/FuseLinker2026/fuselinker/suppkg
Checkpoint: /home/anhlq/Documents/2026-ltt/FuseLinker2026/fuselinker/compare_submodules/checkpoints/suppkg/pubmedbert_pretrained_embeddings_768/compare_model/v4/seed_43/model_state.pth
Hyperparameters | seed=43 fusion=v4 w=0.75 n_hidden=200 num_hidden_layers=2 num_bases=20 dropout=0.2 lr=0.001 reg_param=0.01 iterations=40000 graph_batch_size=250 graph_split_size=0.5 negative_sample=20 eval_protocol=filtered
Loading Pretrained Embeddings files...
Loaded Text Embeddings file successfully!
Loaded Domain Knowledge Embeddings file successfully!
w: 0.75
Data Processing...
# entities: 43474
# relations: 15
# edges: 305986
Loaded pretrained domain embeddings, freeze is False.
Loaded pretrained text embeddings, freeze is False.
Initialized random relation embeddings.
cuda
Task 1 DistMult | Encoder: compare_submodules/model.py
/home/anhlq/Documents/2026-ltt/FuseLinker2026/.venv/lib/python3.10/site-packages/dgl/heterograph.py:92: DGLWarning: Recommend creating graphs by `dgl.graph(data)` instead of `dgl.DGLGraph(data)`.
  dgl_warning(
Start training (masked-entity DistMult)...
/home/anhlq/Documents/2026-ltt/FuseLinker2026/.venv/lib/python3.10/site-packages/dgl/heterograph.py:92: DGLWarning: Recommend creating graphs by `dgl.graph(data)` instead of `dgl.DGLGraph(data)`.
  dgl_warning(
Epoch 1000 | Loss 0.12481
Epoch 2000 | Loss 0.10246
Epoch 3000 | Loss 0.10096
Epoch 4000 | Loss 0.09737
Epoch 5000 | Loss 0.10106
Epoch 6000 | Loss 0.09808
Epoch 7000 | Loss 0.09604
Epoch 8000 | Loss 0.09581
Epoch 9000 | Loss 0.09088
Epoch 10000 | Loss 0.09106
Epoch 11000 | Loss 0.08831
Epoch 12000 | Loss 0.08799
Epoch 13000 | Loss 0.08224
Epoch 14000 | Loss 0.09141
Epoch 15000 | Loss 0.09121
Epoch 16000 | Loss 0.08532
Epoch 17000 | Loss 0.08407
Epoch 18000 | Loss 0.08461
Epoch 19000 | Loss 0.08278
Epoch 20000 | Loss 0.08116
Epoch 21000 | Loss 0.08719
Epoch 22000 | Loss 0.08546
Epoch 23000 | Loss 0.08073
Epoch 24000 | Loss 0.08113
Epoch 25000 | Loss 0.08360
Epoch 26000 | Loss 0.08482
Epoch 27000 | Loss 0.07968
Epoch 28000 | Loss 0.08837
Epoch 29000 | Loss 0.07983
Epoch 30000 | Loss 0.08307
Epoch 31000 | Loss 0.07628
Epoch 32000 | Loss 0.08725
Epoch 33000 | Loss 0.08189
Epoch 34000 | Loss 0.08976
Epoch 35000 | Loss 0.08679
Epoch 36000 | Loss 0.08119
Epoch 37000 | Loss 0.07941
Epoch 38000 | Loss 0.08193
Epoch 39000 | Loss 0.07617
Epoch 40000 | Loss 0.08352
Evaluating TEST: encode on test_graph (FuseLinker original main.py protocol).
13.864230871200562
MR: 3.172914
MRR: 0.702220
Hits @ 1 = 0.580476
Hits @ 3 = 0.782329
Hits @ 10 = 0.939426
AUROC: 0.966216
ROC curve saved: /home/anhlq/Documents/2026-ltt/FuseLinker2026/fuselinker/compare_submodules/checkpoints/suppkg/pubmedbert_pretrained_embeddings_768/compare_model/v4/seed_43/roc_curve.png
Metrics saved: /home/anhlq/Documents/2026-ltt/FuseLinker2026/fuselinker/compare_submodules/checkpoints/suppkg/pubmedbert_pretrained_embeddings_768/compare_model/v4/seed_43/metrics.json
Training done!
