Data: /home/anhlq/Documents/2026-ltt/FuseLinker2026/fuselinker/suppkg
Checkpoint: /home/anhlq/Documents/2026-ltt/FuseLinker2026/fuselinker/compare_submodules/checkpoints/suppkg/pubmedbert_pretrained_embeddings_768/compare_model/v5/seed_43/model_state.pth
Hyperparameters | seed=43 fusion=v5 w=0.75 n_hidden=200 num_hidden_layers=2 num_bases=20 dropout=0.2 lr=0.001 reg_param=0.01 iterations=40000 graph_batch_size=250 graph_split_size=0.5 negative_sample=20 eval_protocol=filtered
Loading Pretrained Embeddings files...
Loaded Text Embeddings file successfully!
Loaded Domain Knowledge Embeddings file successfully!
w: 0.75
Data Processing...
# entities: 43474
# relations: 15
# edges: 305986
Loaded pretrained domain embeddings, freeze is False.
Loaded pretrained text embeddings, freeze is False.
Initialized random relation embeddings.
cuda
Task 1 DistMult | Encoder: compare_submodules/model.py
/home/anhlq/Documents/2026-ltt/FuseLinker2026/.venv/lib/python3.10/site-packages/dgl/heterograph.py:92: DGLWarning: Recommend creating graphs by `dgl.graph(data)` instead of `dgl.DGLGraph(data)`.
  dgl_warning(
Start training (masked-entity DistMult)...
/home/anhlq/Documents/2026-ltt/FuseLinker2026/.venv/lib/python3.10/site-packages/dgl/heterograph.py:92: DGLWarning: Recommend creating graphs by `dgl.graph(data)` instead of `dgl.DGLGraph(data)`.
  dgl_warning(
Epoch 1000 | Loss 0.12152
Epoch 2000 | Loss 0.10310
Epoch 3000 | Loss 0.10129
Epoch 4000 | Loss 0.09593
Epoch 5000 | Loss 0.10076
Epoch 6000 | Loss 0.09594
Epoch 7000 | Loss 0.09386
Epoch 8000 | Loss 0.09287
Epoch 9000 | Loss 0.09225
Epoch 10000 | Loss 0.09177
Epoch 11000 | Loss 0.08973
Epoch 12000 | Loss 0.09120
Epoch 13000 | Loss 0.08463
Epoch 14000 | Loss 0.08575
Epoch 15000 | Loss 0.09274
Epoch 16000 | Loss 0.08660
Epoch 17000 | Loss 0.08328
Epoch 18000 | Loss 0.08894
Epoch 19000 | Loss 0.08180
Epoch 20000 | Loss 0.08163
Epoch 21000 | Loss 0.08806
Epoch 22000 | Loss 0.08161
Epoch 23000 | Loss 0.08063
Epoch 24000 | Loss 0.08186
Epoch 25000 | Loss 0.08062
Epoch 26000 | Loss 0.08114
Epoch 27000 | Loss 0.08365
Epoch 28000 | Loss 0.09203
Epoch 29000 | Loss 0.07794
Epoch 30000 | Loss 0.08818
Epoch 31000 | Loss 0.07447
Epoch 32000 | Loss 0.08862
Epoch 33000 | Loss 0.08483
Epoch 34000 | Loss 0.09106
Epoch 35000 | Loss 0.08394
Epoch 36000 | Loss 0.08240
Epoch 37000 | Loss 0.08195
Epoch 38000 | Loss 0.07850
Epoch 39000 | Loss 0.07608
Epoch 40000 | Loss 0.08770
Evaluating TEST: encode on test_graph (FuseLinker original main.py protocol).
13.945880651473999
MR: 3.323802
MRR: 0.696055
Hits @ 1 = 0.575999
Hits @ 3 = 0.773113
Hits @ 10 = 0.933821
AUROC: 0.970042
ROC curve saved: /home/anhlq/Documents/2026-ltt/FuseLinker2026/fuselinker/compare_submodules/checkpoints/suppkg/pubmedbert_pretrained_embeddings_768/compare_model/v5/seed_43/roc_curve.png
Metrics saved: /home/anhlq/Documents/2026-ltt/FuseLinker2026/fuselinker/compare_submodules/checkpoints/suppkg/pubmedbert_pretrained_embeddings_768/compare_model/v5/seed_43/metrics.json
Training done!
