Data: /home/anhlq/Documents/2026-ltt/FuseLinker2026/fuselinker/suppkg
Checkpoint: /home/anhlq/Documents/2026-ltt/FuseLinker2026/fuselinker/compare_submodules/checkpoints/suppkg/pubmedbert_pretrained_embeddings_768/compare_model/v5/seed_45/model_state.pth
Hyperparameters | seed=45 fusion=v5 w=0.75 n_hidden=200 num_hidden_layers=2 num_bases=20 dropout=0.2 lr=0.001 reg_param=0.01 iterations=40000 graph_batch_size=250 graph_split_size=0.5 negative_sample=20 eval_protocol=filtered
Loading Pretrained Embeddings files...
Loaded Text Embeddings file successfully!
Loaded Domain Knowledge Embeddings file successfully!
w: 0.75
Data Processing...
# entities: 43474
# relations: 15
# edges: 305986
Loaded pretrained domain embeddings, freeze is False.
Loaded pretrained text embeddings, freeze is False.
Initialized random relation embeddings.
cuda
Task 1 DistMult | Encoder: compare_submodules/model.py
/home/anhlq/Documents/2026-ltt/FuseLinker2026/.venv/lib/python3.10/site-packages/dgl/heterograph.py:92: DGLWarning: Recommend creating graphs by `dgl.graph(data)` instead of `dgl.DGLGraph(data)`.
  dgl_warning(
Start training (masked-entity DistMult)...
/home/anhlq/Documents/2026-ltt/FuseLinker2026/.venv/lib/python3.10/site-packages/dgl/heterograph.py:92: DGLWarning: Recommend creating graphs by `dgl.graph(data)` instead of `dgl.DGLGraph(data)`.
  dgl_warning(
Epoch 1000 | Loss 0.12371
Epoch 2000 | Loss 0.10536
Epoch 3000 | Loss 0.10192
Epoch 4000 | Loss 0.09982
Epoch 5000 | Loss 0.09409
Epoch 6000 | Loss 0.09860
Epoch 7000 | Loss 0.09063
Epoch 8000 | Loss 0.09363
Epoch 9000 | Loss 0.09178
Epoch 10000 | Loss 0.08604
Epoch 11000 | Loss 0.09630
Epoch 12000 | Loss 0.08781
Epoch 13000 | Loss 0.08223
Epoch 14000 | Loss 0.08881
Epoch 15000 | Loss 0.08718
Epoch 16000 | Loss 0.08208
Epoch 17000 | Loss 0.08398
Epoch 18000 | Loss 0.08224
Epoch 19000 | Loss 0.08527
Epoch 20000 | Loss 0.08756
Epoch 21000 | Loss 0.09425
Epoch 22000 | Loss 0.08875
Epoch 23000 | Loss 0.08086
Epoch 24000 | Loss 0.08217
Epoch 25000 | Loss 0.07473
Epoch 26000 | Loss 0.08176
Epoch 27000 | Loss 0.08660
Epoch 28000 | Loss 0.07633
Epoch 29000 | Loss 0.08078
Epoch 30000 | Loss 0.07990
Epoch 31000 | Loss 0.08640
Epoch 32000 | Loss 0.07616
Epoch 33000 | Loss 0.08069
Epoch 34000 | Loss 0.08332
Epoch 35000 | Loss 0.07668
Epoch 36000 | Loss 0.08167
Epoch 37000 | Loss 0.07877
Epoch 38000 | Loss 0.08284
Epoch 39000 | Loss 0.08034
Epoch 40000 | Loss 0.07959
Evaluating TEST: encode on test_graph (FuseLinker original main.py protocol).
13.989816665649414
MR: 3.152717
MRR: 0.704955
Hits @ 1 = 0.584496
Hits @ 3 = 0.783931
Hits @ 10 = 0.941387
AUROC: 0.970772
ROC curve saved: /home/anhlq/Documents/2026-ltt/FuseLinker2026/fuselinker/compare_submodules/checkpoints/suppkg/pubmedbert_pretrained_embeddings_768/compare_model/v5/seed_45/roc_curve.png
Metrics saved: /home/anhlq/Documents/2026-ltt/FuseLinker2026/fuselinker/compare_submodules/checkpoints/suppkg/pubmedbert_pretrained_embeddings_768/compare_model/v5/seed_45/metrics.json
Training done!
