Data: /home/anhlq/Documents/2026-ltt/FuseLinker2026/fuselinker/suppkg
Checkpoint: /home/anhlq/Documents/2026-ltt/FuseLinker2026/fuselinker/compare_submodules/checkpoints/suppkg/pubmedbert_pretrained_embeddings_768/compare_model/v5/seed_42/model_state.pth
Hyperparameters | seed=42 fusion=v5 w=0.75 n_hidden=200 num_hidden_layers=2 num_bases=20 dropout=0.2 lr=0.001 reg_param=0.01 iterations=40000 graph_batch_size=250 graph_split_size=0.5 negative_sample=20 eval_protocol=filtered
Loading Pretrained Embeddings files...
Loaded Text Embeddings file successfully!
Loaded Domain Knowledge Embeddings file successfully!
w: 0.75
Data Processing...
# entities: 43474
# relations: 15
# edges: 305986
Loaded pretrained domain embeddings, freeze is False.
Loaded pretrained text embeddings, freeze is False.
Initialized random relation embeddings.
cuda
Task 1 DistMult | Encoder: compare_submodules/model.py
/home/anhlq/Documents/2026-ltt/FuseLinker2026/.venv/lib/python3.10/site-packages/dgl/heterograph.py:92: DGLWarning: Recommend creating graphs by `dgl.graph(data)` instead of `dgl.DGLGraph(data)`.
  dgl_warning(
Start training (masked-entity DistMult)...
/home/anhlq/Documents/2026-ltt/FuseLinker2026/.venv/lib/python3.10/site-packages/dgl/heterograph.py:92: DGLWarning: Recommend creating graphs by `dgl.graph(data)` instead of `dgl.DGLGraph(data)`.
  dgl_warning(
Epoch 1000 | Loss 0.12144
Epoch 2000 | Loss 0.11414
Epoch 3000 | Loss 0.10519
Epoch 4000 | Loss 0.10007
Epoch 5000 | Loss 0.10018
Epoch 6000 | Loss 0.10231
Epoch 7000 | Loss 0.09209
Epoch 8000 | Loss 0.09465
Epoch 9000 | Loss 0.09898
Epoch 10000 | Loss 0.08811
Epoch 11000 | Loss 0.08988
Epoch 12000 | Loss 0.08871
Epoch 13000 | Loss 0.09668
Epoch 14000 | Loss 0.08717
Epoch 15000 | Loss 0.08974
Epoch 16000 | Loss 0.08833
Epoch 17000 | Loss 0.08651
Epoch 18000 | Loss 0.07869
Epoch 19000 | Loss 0.09510
Epoch 20000 | Loss 0.08588
Epoch 21000 | Loss 0.08935
Epoch 22000 | Loss 0.08642
Epoch 23000 | Loss 0.08250
Epoch 24000 | Loss 0.08127
Epoch 25000 | Loss 0.08262
Epoch 26000 | Loss 0.08585
Epoch 27000 | Loss 0.07976
Epoch 28000 | Loss 0.07971
Epoch 29000 | Loss 0.08210
Epoch 30000 | Loss 0.08191
Epoch 31000 | Loss 0.08147
Epoch 32000 | Loss 0.07934
Epoch 33000 | Loss 0.07976
Epoch 34000 | Loss 0.08177
Epoch 35000 | Loss 0.08117
Epoch 36000 | Loss 0.08203
Epoch 37000 | Loss 0.08121
Epoch 38000 | Loss 0.07923
Epoch 39000 | Loss 0.08067
Epoch 40000 | Loss 0.07612
Evaluating TEST: encode on test_graph (FuseLinker original main.py protocol).
13.959079265594482
MR: 3.176313
MRR: 0.710488
Hits @ 1 = 0.593549
Hits @ 3 = 0.786807
Hits @ 10 = 0.937972
AUROC: 0.968627
ROC curve saved: /home/anhlq/Documents/2026-ltt/FuseLinker2026/fuselinker/compare_submodules/checkpoints/suppkg/pubmedbert_pretrained_embeddings_768/compare_model/v5/seed_42/roc_curve.png
Metrics saved: /home/anhlq/Documents/2026-ltt/FuseLinker2026/fuselinker/compare_submodules/checkpoints/suppkg/pubmedbert_pretrained_embeddings_768/compare_model/v5/seed_42/metrics.json
Training done!
