Data: /home/anhlq/Documents/2026-ltt/FuseLinker2026/fuselinker/suppkg
Checkpoint: /home/anhlq/Documents/2026-ltt/FuseLinker2026/fuselinker/compare_submodules/checkpoints/suppkg/pubmedbert_pretrained_embeddings_768/compare_model/v5/seed_46/model_state.pth
Hyperparameters | seed=46 fusion=v5 w=0.75 n_hidden=200 num_hidden_layers=2 num_bases=20 dropout=0.2 lr=0.001 reg_param=0.01 iterations=40000 graph_batch_size=250 graph_split_size=0.5 negative_sample=20 eval_protocol=filtered
Loading Pretrained Embeddings files...
Loaded Text Embeddings file successfully!
Loaded Domain Knowledge Embeddings file successfully!
w: 0.75
Data Processing...
# entities: 43474
# relations: 15
# edges: 305986
Loaded pretrained domain embeddings, freeze is False.
Loaded pretrained text embeddings, freeze is False.
Initialized random relation embeddings.
cuda
Task 1 DistMult | Encoder: compare_submodules/model.py
/home/anhlq/Documents/2026-ltt/FuseLinker2026/.venv/lib/python3.10/site-packages/dgl/heterograph.py:92: DGLWarning: Recommend creating graphs by `dgl.graph(data)` instead of `dgl.DGLGraph(data)`.
  dgl_warning(
Start training (masked-entity DistMult)...
/home/anhlq/Documents/2026-ltt/FuseLinker2026/.venv/lib/python3.10/site-packages/dgl/heterograph.py:92: DGLWarning: Recommend creating graphs by `dgl.graph(data)` instead of `dgl.DGLGraph(data)`.
  dgl_warning(
Epoch 1000 | Loss 0.12323
Epoch 2000 | Loss 0.11531
Epoch 3000 | Loss 0.09992
Epoch 4000 | Loss 0.09861
Epoch 5000 | Loss 0.09707
Epoch 6000 | Loss 0.09824
Epoch 7000 | Loss 0.09465
Epoch 8000 | Loss 0.08926
Epoch 9000 | Loss 0.08864
Epoch 10000 | Loss 0.09181
Epoch 11000 | Loss 0.09458
Epoch 12000 | Loss 0.08828
Epoch 13000 | Loss 0.09275
Epoch 14000 | Loss 0.08686
Epoch 15000 | Loss 0.08929
Epoch 16000 | Loss 0.08844
Epoch 17000 | Loss 0.08979
Epoch 18000 | Loss 0.08368
Epoch 19000 | Loss 0.07841
Epoch 20000 | Loss 0.07464
Epoch 21000 | Loss 0.08559
Epoch 22000 | Loss 0.08687
Epoch 23000 | Loss 0.08210
Epoch 24000 | Loss 0.07759
Epoch 25000 | Loss 0.08419
Epoch 26000 | Loss 0.08412
Epoch 27000 | Loss 0.08087
Epoch 28000 | Loss 0.08248
Epoch 29000 | Loss 0.08329
Epoch 30000 | Loss 0.08093
Epoch 31000 | Loss 0.08027
Epoch 32000 | Loss 0.08370
Epoch 33000 | Loss 0.07988
Epoch 34000 | Loss 0.07717
Epoch 35000 | Loss 0.07474
Epoch 36000 | Loss 0.08374
Epoch 37000 | Loss 0.08289
Epoch 38000 | Loss 0.07797
Epoch 39000 | Loss 0.08077
Epoch 40000 | Loss 0.07246
Evaluating TEST: encode on test_graph (FuseLinker original main.py protocol).
14.087302923202515
MR: 2.892513
MRR: 0.720895
Hits @ 1 = 0.601000
Hits @ 3 = 0.804454
Hits @ 10 = 0.950113
AUROC: 0.976300
ROC curve saved: /home/anhlq/Documents/2026-ltt/FuseLinker2026/fuselinker/compare_submodules/checkpoints/suppkg/pubmedbert_pretrained_embeddings_768/compare_model/v5/seed_46/roc_curve.png
Metrics saved: /home/anhlq/Documents/2026-ltt/FuseLinker2026/fuselinker/compare_submodules/checkpoints/suppkg/pubmedbert_pretrained_embeddings_768/compare_model/v5/seed_46/metrics.json
Training done!
