Data: /home/anhlq/Documents/2026-ltt/FuseLinker2026/fuselinker/suppkg
Checkpoint: /home/anhlq/Documents/2026-ltt/FuseLinker2026/fuselinker/compare_submodules/checkpoints/suppkg/pubmedbert_pretrained_embeddings_768/compare_model/v6/seed_43/model_state.pth
Hyperparameters | seed=43 fusion=v6 w=0.75 n_hidden=200 num_hidden_layers=2 num_bases=20 dropout=0.2 lr=0.001 reg_param=0.01 iterations=40000 graph_batch_size=250 graph_split_size=0.5 negative_sample=20 eval_protocol=filtered
Loading Pretrained Embeddings files...
Loaded Text Embeddings file successfully!
Loaded Domain Knowledge Embeddings file successfully!
w: 0.75
Data Processing...
# entities: 43474
# relations: 15
# edges: 305986
Loaded pretrained domain embeddings, freeze is False.
Loaded pretrained text embeddings, freeze is False.
Initialized random relation embeddings.
cuda
Task 1 DistMult | Encoder: compare_submodules/model.py
/home/anhlq/Documents/2026-ltt/FuseLinker2026/.venv/lib/python3.10/site-packages/dgl/heterograph.py:92: DGLWarning: Recommend creating graphs by `dgl.graph(data)` instead of `dgl.DGLGraph(data)`.
  dgl_warning(
Start training (masked-entity DistMult)...
/home/anhlq/Documents/2026-ltt/FuseLinker2026/.venv/lib/python3.10/site-packages/dgl/heterograph.py:92: DGLWarning: Recommend creating graphs by `dgl.graph(data)` instead of `dgl.DGLGraph(data)`.
  dgl_warning(
Epoch 1000 | Loss 0.12234
Epoch 2000 | Loss 0.10491
Epoch 3000 | Loss 0.10041
Epoch 4000 | Loss 0.09592
Epoch 5000 | Loss 0.10145
Epoch 6000 | Loss 0.09708
Epoch 7000 | Loss 0.09418
Epoch 8000 | Loss 0.09456
Epoch 9000 | Loss 0.09346
Epoch 10000 | Loss 0.09100
Epoch 11000 | Loss 0.08692
Epoch 12000 | Loss 0.08853
Epoch 13000 | Loss 0.08691
Epoch 14000 | Loss 0.08992
Epoch 15000 | Loss 0.09359
Epoch 16000 | Loss 0.08743
Epoch 17000 | Loss 0.08625
Epoch 18000 | Loss 0.09155
Epoch 19000 | Loss 0.08655
Epoch 20000 | Loss 0.08052
Epoch 21000 | Loss 0.08939
Epoch 22000 | Loss 0.08571
Epoch 23000 | Loss 0.08178
Epoch 24000 | Loss 0.08159
Epoch 25000 | Loss 0.07982
Epoch 26000 | Loss 0.08486
Epoch 27000 | Loss 0.08356
Epoch 28000 | Loss 0.09247
Epoch 29000 | Loss 0.07629
Epoch 30000 | Loss 0.08502
Epoch 31000 | Loss 0.07281
Epoch 32000 | Loss 0.08504
Epoch 33000 | Loss 0.08324
Epoch 34000 | Loss 0.09004
Epoch 35000 | Loss 0.07921
Epoch 36000 | Loss 0.08327
Epoch 37000 | Loss 0.08076
Epoch 38000 | Loss 0.08902
Epoch 39000 | Loss 0.07321
Epoch 40000 | Loss 0.08284
Evaluating TEST: encode on test_graph (FuseLinker original main.py protocol).
13.842753648757935
MR: 3.409670
MRR: 0.695819
Hits @ 1 = 0.577078
Hits @ 3 = 0.771512
Hits @ 10 = 0.930112
AUROC: 0.963632
ROC curve saved: /home/anhlq/Documents/2026-ltt/FuseLinker2026/fuselinker/compare_submodules/checkpoints/suppkg/pubmedbert_pretrained_embeddings_768/compare_model/v6/seed_43/roc_curve.png
Metrics saved: /home/anhlq/Documents/2026-ltt/FuseLinker2026/fuselinker/compare_submodules/checkpoints/suppkg/pubmedbert_pretrained_embeddings_768/compare_model/v6/seed_43/metrics.json
Training done!
