Data: /home/anhlq/Documents/2026-ltt/FuseLinker2026/fuselinker/suppkg
Checkpoint: /home/anhlq/Documents/2026-ltt/FuseLinker2026/fuselinker/compare_submodules/checkpoints/suppkg/pubmedbert_pretrained_embeddings_768/compare_model/v6/seed_44/model_state.pth
Hyperparameters | seed=44 fusion=v6 w=0.75 n_hidden=200 num_hidden_layers=2 num_bases=20 dropout=0.2 lr=0.001 reg_param=0.01 iterations=40000 graph_batch_size=250 graph_split_size=0.5 negative_sample=20 eval_protocol=filtered
Loading Pretrained Embeddings files...
Loaded Text Embeddings file successfully!
Loaded Domain Knowledge Embeddings file successfully!
w: 0.75
Data Processing...
# entities: 43474
# relations: 15
# edges: 305986
Loaded pretrained domain embeddings, freeze is False.
Loaded pretrained text embeddings, freeze is False.
Initialized random relation embeddings.
cuda
Task 1 DistMult | Encoder: compare_submodules/model.py
/home/anhlq/Documents/2026-ltt/FuseLinker2026/.venv/lib/python3.10/site-packages/dgl/heterograph.py:92: DGLWarning: Recommend creating graphs by `dgl.graph(data)` instead of `dgl.DGLGraph(data)`.
  dgl_warning(
Start training (masked-entity DistMult)...
/home/anhlq/Documents/2026-ltt/FuseLinker2026/.venv/lib/python3.10/site-packages/dgl/heterograph.py:92: DGLWarning: Recommend creating graphs by `dgl.graph(data)` instead of `dgl.DGLGraph(data)`.
  dgl_warning(
Epoch 1000 | Loss 0.12362
Epoch 2000 | Loss 0.09926
Epoch 3000 | Loss 0.09985
Epoch 4000 | Loss 0.09961
Epoch 5000 | Loss 0.09687
Epoch 6000 | Loss 0.09601
Epoch 7000 | Loss 0.09303
Epoch 8000 | Loss 0.09226
Epoch 9000 | Loss 0.09480
Epoch 10000 | Loss 0.08774
Epoch 11000 | Loss 0.08253
Epoch 12000 | Loss 0.08948
Epoch 13000 | Loss 0.08851
Epoch 14000 | Loss 0.08252
Epoch 15000 | Loss 0.07874
Epoch 16000 | Loss 0.08413
Epoch 17000 | Loss 0.08438
Epoch 18000 | Loss 0.08735
Epoch 19000 | Loss 0.08110
Epoch 20000 | Loss 0.08924
Epoch 21000 | Loss 0.07661
Epoch 22000 | Loss 0.08069
Epoch 23000 | Loss 0.08993
Epoch 24000 | Loss 0.08644
Epoch 25000 | Loss 0.08353
Epoch 26000 | Loss 0.08433
Epoch 27000 | Loss 0.08198
Epoch 28000 | Loss 0.08422
Epoch 29000 | Loss 0.08568
Epoch 30000 | Loss 0.07868
Epoch 31000 | Loss 0.08260
Epoch 32000 | Loss 0.08612
Epoch 33000 | Loss 0.07351
Epoch 34000 | Loss 0.08328
Epoch 35000 | Loss 0.07859
Epoch 36000 | Loss 0.08162
Epoch 37000 | Loss 0.07722
Epoch 38000 | Loss 0.08460
Epoch 39000 | Loss 0.07835
Epoch 40000 | Loss 0.07100
Evaluating TEST: encode on test_graph (FuseLinker original main.py protocol).
14.154675960540771
MR: 3.133060
MRR: 0.712585
Hits @ 1 = 0.596212
Hits @ 3 = 0.788163
Hits @ 10 = 0.938184
AUROC: 0.969255
ROC curve saved: /home/anhlq/Documents/2026-ltt/FuseLinker2026/fuselinker/compare_submodules/checkpoints/suppkg/pubmedbert_pretrained_embeddings_768/compare_model/v6/seed_44/roc_curve.png
Metrics saved: /home/anhlq/Documents/2026-ltt/FuseLinker2026/fuselinker/compare_submodules/checkpoints/suppkg/pubmedbert_pretrained_embeddings_768/compare_model/v6/seed_44/metrics.json
Training done!
