Data: /home/anhlq/Documents/2026-ltt/FuseLinker2026/fuselinker/suppkg
Checkpoint: /home/anhlq/Documents/2026-ltt/FuseLinker2026/fuselinker/compare_submodules/checkpoints/suppkg/pubmedbert_pretrained_embeddings_768/compare_model/v6/seed_46/model_state.pth
Hyperparameters | seed=46 fusion=v6 w=0.75 n_hidden=200 num_hidden_layers=2 num_bases=20 dropout=0.2 lr=0.001 reg_param=0.01 iterations=40000 graph_batch_size=250 graph_split_size=0.5 negative_sample=20 eval_protocol=filtered
Loading Pretrained Embeddings files...
Loaded Text Embeddings file successfully!
Loaded Domain Knowledge Embeddings file successfully!
w: 0.75
Data Processing...
# entities: 43474
# relations: 15
# edges: 305986
Loaded pretrained domain embeddings, freeze is False.
Loaded pretrained text embeddings, freeze is False.
Initialized random relation embeddings.
cuda
Task 1 DistMult | Encoder: compare_submodules/model.py
/home/anhlq/Documents/2026-ltt/FuseLinker2026/.venv/lib/python3.10/site-packages/dgl/heterograph.py:92: DGLWarning: Recommend creating graphs by `dgl.graph(data)` instead of `dgl.DGLGraph(data)`.
  dgl_warning(
Start training (masked-entity DistMult)...
/home/anhlq/Documents/2026-ltt/FuseLinker2026/.venv/lib/python3.10/site-packages/dgl/heterograph.py:92: DGLWarning: Recommend creating graphs by `dgl.graph(data)` instead of `dgl.DGLGraph(data)`.
  dgl_warning(
Epoch 1000 | Loss 0.12208
Epoch 2000 | Loss 0.11168
Epoch 3000 | Loss 0.09966
Epoch 4000 | Loss 0.10108
Epoch 5000 | Loss 0.09556
Epoch 6000 | Loss 0.09993
Epoch 7000 | Loss 0.09473
Epoch 8000 | Loss 0.09292
Epoch 9000 | Loss 0.09251
Epoch 10000 | Loss 0.09409
Epoch 11000 | Loss 0.09220
Epoch 12000 | Loss 0.09018
Epoch 13000 | Loss 0.09449
Epoch 14000 | Loss 0.09125
Epoch 15000 | Loss 0.08993
Epoch 16000 | Loss 0.08749
Epoch 17000 | Loss 0.09386
Epoch 18000 | Loss 0.08571
Epoch 19000 | Loss 0.07986
Epoch 20000 | Loss 0.08022
Epoch 21000 | Loss 0.09118
Epoch 22000 | Loss 0.08749
Epoch 23000 | Loss 0.08772
Epoch 24000 | Loss 0.08093
Epoch 25000 | Loss 0.08630
Epoch 26000 | Loss 0.08309
Epoch 27000 | Loss 0.08083
Epoch 28000 | Loss 0.08368
Epoch 29000 | Loss 0.08402
Epoch 30000 | Loss 0.08252
Epoch 31000 | Loss 0.08103
Epoch 32000 | Loss 0.08499
Epoch 33000 | Loss 0.08153
Epoch 34000 | Loss 0.07816
Epoch 35000 | Loss 0.07859
Epoch 36000 | Loss 0.08706
Epoch 37000 | Loss 0.08071
Epoch 38000 | Loss 0.07969
Epoch 39000 | Loss 0.08041
Epoch 40000 | Loss 0.07310
Evaluating TEST: encode on test_graph (FuseLinker original main.py protocol).
14.269970417022705
MR: 2.965178
MRR: 0.719059
Hits @ 1 = 0.602438
Hits @ 3 = 0.796970
Hits @ 10 = 0.945211
AUROC: 0.973142
ROC curve saved: /home/anhlq/Documents/2026-ltt/FuseLinker2026/fuselinker/compare_submodules/checkpoints/suppkg/pubmedbert_pretrained_embeddings_768/compare_model/v6/seed_46/roc_curve.png
Metrics saved: /home/anhlq/Documents/2026-ltt/FuseLinker2026/fuselinker/compare_submodules/checkpoints/suppkg/pubmedbert_pretrained_embeddings_768/compare_model/v6/seed_46/metrics.json
Training done!
