Data: /home/anhlq/Documents/2026-ltt/FuseLinker2026/fuselinker/suppkg
Checkpoint: /home/anhlq/Documents/2026-ltt/FuseLinker2026/fuselinker/compare_submodules/checkpoints/suppkg/pubmedbert_pretrained_embeddings_768/compare_model/v6/seed_42/model_state.pth
Hyperparameters | seed=42 fusion=v6 w=0.75 n_hidden=200 num_hidden_layers=2 num_bases=20 dropout=0.2 lr=0.001 reg_param=0.01 iterations=40000 graph_batch_size=250 graph_split_size=0.5 negative_sample=20 eval_protocol=filtered
Loading Pretrained Embeddings files...
Loaded Text Embeddings file successfully!
Loaded Domain Knowledge Embeddings file successfully!
w: 0.75
Data Processing...
# entities: 43474
# relations: 15
# edges: 305986
Loaded pretrained domain embeddings, freeze is False.
Loaded pretrained text embeddings, freeze is False.
Initialized random relation embeddings.
cuda
Task 1 DistMult | Encoder: compare_submodules/model.py
/home/anhlq/Documents/2026-ltt/FuseLinker2026/.venv/lib/python3.10/site-packages/dgl/heterograph.py:92: DGLWarning: Recommend creating graphs by `dgl.graph(data)` instead of `dgl.DGLGraph(data)`.
  dgl_warning(
Start training (masked-entity DistMult)...
/home/anhlq/Documents/2026-ltt/FuseLinker2026/.venv/lib/python3.10/site-packages/dgl/heterograph.py:92: DGLWarning: Recommend creating graphs by `dgl.graph(data)` instead of `dgl.DGLGraph(data)`.
  dgl_warning(
Epoch 1000 | Loss 0.11960
Epoch 2000 | Loss 0.11409
Epoch 3000 | Loss 0.10631
Epoch 4000 | Loss 0.10058
Epoch 5000 | Loss 0.10078
Epoch 6000 | Loss 0.10245
Epoch 7000 | Loss 0.09184
Epoch 8000 | Loss 0.09453
Epoch 9000 | Loss 0.09908
Epoch 10000 | Loss 0.08878
Epoch 11000 | Loss 0.09200
Epoch 12000 | Loss 0.08777
Epoch 13000 | Loss 0.09472
Epoch 14000 | Loss 0.08758
Epoch 15000 | Loss 0.09166
Epoch 16000 | Loss 0.08878
Epoch 17000 | Loss 0.08756
Epoch 18000 | Loss 0.07846
Epoch 19000 | Loss 0.09653
Epoch 20000 | Loss 0.08310
Epoch 21000 | Loss 0.08707
Epoch 22000 | Loss 0.08696
Epoch 23000 | Loss 0.08145
Epoch 24000 | Loss 0.07654
Epoch 25000 | Loss 0.08346
Epoch 26000 | Loss 0.08025
Epoch 27000 | Loss 0.08090
Epoch 28000 | Loss 0.08001
Epoch 29000 | Loss 0.08287
Epoch 30000 | Loss 0.08125
Epoch 31000 | Loss 0.07737
Epoch 32000 | Loss 0.07863
Epoch 33000 | Loss 0.07912
Epoch 34000 | Loss 0.08184
Epoch 35000 | Loss 0.07957
Epoch 36000 | Loss 0.08416
Epoch 37000 | Loss 0.07595
Epoch 38000 | Loss 0.07731
Epoch 39000 | Loss 0.08141
Epoch 40000 | Loss 0.07797
Evaluating TEST: encode on test_graph (FuseLinker original main.py protocol).
13.928102731704712
MR: 3.077731
MRR: 0.710397
Hits @ 1 = 0.591343
Hits @ 3 = 0.789389
Hits @ 10 = 0.941746
AUROC: 0.971943
ROC curve saved: /home/anhlq/Documents/2026-ltt/FuseLinker2026/fuselinker/compare_submodules/checkpoints/suppkg/pubmedbert_pretrained_embeddings_768/compare_model/v6/seed_42/roc_curve.png
Metrics saved: /home/anhlq/Documents/2026-ltt/FuseLinker2026/fuselinker/compare_submodules/checkpoints/suppkg/pubmedbert_pretrained_embeddings_768/compare_model/v6/seed_42/metrics.json
Training done!
