Data: /home/anhlq/Documents/2026-ltt/FuseLinker2026/fuselinker/suppkg
Checkpoint: /home/anhlq/Documents/2026-ltt/FuseLinker2026/fuselinker/compare_submodules/checkpoints/suppkg/pubmedbert_pretrained_embeddings_768/compare_model/v7/seed_44/model_state.pth
Hyperparameters | seed=44 fusion=v7 w=0.75 n_hidden=200 num_hidden_layers=2 num_bases=20 dropout=0.2 lr=0.001 reg_param=0.01 iterations=40000 graph_batch_size=250 graph_split_size=0.5 negative_sample=20 eval_protocol=filtered
Loading Pretrained Embeddings files...
Loaded Text Embeddings file successfully!
Loaded Domain Knowledge Embeddings file successfully!
w: 0.75
Data Processing...
# entities: 43474
# relations: 15
# edges: 305986
Loaded pretrained domain embeddings, freeze is False.
Loaded pretrained text embeddings, freeze is False.
Initialized random relation embeddings.
cuda
Task 1 DistMult | Encoder: compare_submodules/model.py
/home/anhlq/Documents/2026-ltt/FuseLinker2026/.venv/lib/python3.10/site-packages/dgl/heterograph.py:92: DGLWarning: Recommend creating graphs by `dgl.graph(data)` instead of `dgl.DGLGraph(data)`.
  dgl_warning(
Start training (masked-entity DistMult)...
/home/anhlq/Documents/2026-ltt/FuseLinker2026/.venv/lib/python3.10/site-packages/dgl/heterograph.py:92: DGLWarning: Recommend creating graphs by `dgl.graph(data)` instead of `dgl.DGLGraph(data)`.
  dgl_warning(
Epoch 1000 | Loss 0.12288
Epoch 2000 | Loss 0.10183
Epoch 3000 | Loss 0.10006
Epoch 4000 | Loss 0.10391
Epoch 5000 | Loss 0.09884
Epoch 6000 | Loss 0.09619
Epoch 7000 | Loss 0.09517
Epoch 8000 | Loss 0.08698
Epoch 9000 | Loss 0.09615
Epoch 10000 | Loss 0.08971
Epoch 11000 | Loss 0.08708
Epoch 12000 | Loss 0.09701
Epoch 13000 | Loss 0.09433
Epoch 14000 | Loss 0.08401
Epoch 15000 | Loss 0.07905
Epoch 16000 | Loss 0.08049
Epoch 17000 | Loss 0.08599
Epoch 18000 | Loss 0.08630
Epoch 19000 | Loss 0.08424
Epoch 20000 | Loss 0.08863
Epoch 21000 | Loss 0.07515
Epoch 22000 | Loss 0.08115
Epoch 23000 | Loss 0.08965
Epoch 24000 | Loss 0.08642
Epoch 25000 | Loss 0.08881
Epoch 26000 | Loss 0.08231
Epoch 27000 | Loss 0.08557
Epoch 28000 | Loss 0.08412
Epoch 29000 | Loss 0.07829
Epoch 30000 | Loss 0.08299
Epoch 31000 | Loss 0.08277
Epoch 32000 | Loss 0.08498
Epoch 33000 | Loss 0.07601
Epoch 34000 | Loss 0.08340
Epoch 35000 | Loss 0.07886
Epoch 36000 | Loss 0.07917
Epoch 37000 | Loss 0.08402
Epoch 38000 | Loss 0.08343
Epoch 39000 | Loss 0.07829
Epoch 40000 | Loss 0.07307
Evaluating TEST: encode on test_graph (FuseLinker original main.py protocol).
13.768351078033447
MR: 3.052011
MRR: 0.703191
Hits @ 1 = 0.578532
Hits @ 3 = 0.788016
Hits @ 10 = 0.943740
AUROC: 0.971192
ROC curve saved: /home/anhlq/Documents/2026-ltt/FuseLinker2026/fuselinker/compare_submodules/checkpoints/suppkg/pubmedbert_pretrained_embeddings_768/compare_model/v7/seed_44/roc_curve.png
Metrics saved: /home/anhlq/Documents/2026-ltt/FuseLinker2026/fuselinker/compare_submodules/checkpoints/suppkg/pubmedbert_pretrained_embeddings_768/compare_model/v7/seed_44/metrics.json
Training done!
