Data: /home/anhlq/Documents/2026-ltt/FuseLinker2026/fuselinker/suppkg
Checkpoint: /home/anhlq/Documents/2026-ltt/FuseLinker2026/fuselinker/compare_submodules/checkpoints/suppkg/pubmedbert_pretrained_embeddings_768/compare_model/v7/seed_42/model_state.pth
Hyperparameters | seed=42 fusion=v7 w=0.75 n_hidden=200 num_hidden_layers=2 num_bases=20 dropout=0.2 lr=0.001 reg_param=0.01 iterations=40000 graph_batch_size=250 graph_split_size=0.5 negative_sample=20 eval_protocol=filtered
Loading Pretrained Embeddings files...
Loaded Text Embeddings file successfully!
Loaded Domain Knowledge Embeddings file successfully!
w: 0.75
Data Processing...
# entities: 43474
# relations: 15
# edges: 305986
Loaded pretrained domain embeddings, freeze is False.
Loaded pretrained text embeddings, freeze is False.
Initialized random relation embeddings.
cuda
Task 1 DistMult | Encoder: compare_submodules/model.py
/home/anhlq/Documents/2026-ltt/FuseLinker2026/.venv/lib/python3.10/site-packages/dgl/heterograph.py:92: DGLWarning: Recommend creating graphs by `dgl.graph(data)` instead of `dgl.DGLGraph(data)`.
  dgl_warning(
Start training (masked-entity DistMult)...
/home/anhlq/Documents/2026-ltt/FuseLinker2026/.venv/lib/python3.10/site-packages/dgl/heterograph.py:92: DGLWarning: Recommend creating graphs by `dgl.graph(data)` instead of `dgl.DGLGraph(data)`.
  dgl_warning(
Epoch 1000 | Loss 0.11952
Epoch 2000 | Loss 0.11502
Epoch 3000 | Loss 0.09847
Epoch 4000 | Loss 0.09916
Epoch 5000 | Loss 0.09707
Epoch 6000 | Loss 0.10053
Epoch 7000 | Loss 0.09012
Epoch 8000 | Loss 0.09112
Epoch 9000 | Loss 0.09922
Epoch 10000 | Loss 0.08875
Epoch 11000 | Loss 0.08775
Epoch 12000 | Loss 0.08661
Epoch 13000 | Loss 0.09303
Epoch 14000 | Loss 0.08920
Epoch 15000 | Loss 0.08459
Epoch 16000 | Loss 0.08674
Epoch 17000 | Loss 0.08938
Epoch 18000 | Loss 0.07463
Epoch 19000 | Loss 0.09765
Epoch 20000 | Loss 0.08013
Epoch 21000 | Loss 0.08964
Epoch 22000 | Loss 0.08062
Epoch 23000 | Loss 0.08461
Epoch 24000 | Loss 0.07723
Epoch 25000 | Loss 0.08417
Epoch 26000 | Loss 0.07873
Epoch 27000 | Loss 0.08147
Epoch 28000 | Loss 0.08072
Epoch 29000 | Loss 0.08048
Epoch 30000 | Loss 0.07935
Epoch 31000 | Loss 0.07781
Epoch 32000 | Loss 0.07667
Epoch 33000 | Loss 0.07304
Epoch 34000 | Loss 0.07819
Epoch 35000 | Loss 0.07435
Epoch 36000 | Loss 0.08318
Epoch 37000 | Loss 0.08159
Epoch 38000 | Loss 0.07805
Epoch 39000 | Loss 0.08092
Epoch 40000 | Loss 0.07740
Evaluating TEST: encode on test_graph (FuseLinker original main.py protocol).
14.026111841201782
MR: 3.198144
MRR: 0.702803
Hits @ 1 = 0.583271
Hits @ 3 = 0.779552
Hits @ 10 = 0.938348
AUROC: 0.968535
ROC curve saved: /home/anhlq/Documents/2026-ltt/FuseLinker2026/fuselinker/compare_submodules/checkpoints/suppkg/pubmedbert_pretrained_embeddings_768/compare_model/v7/seed_42/roc_curve.png
Metrics saved: /home/anhlq/Documents/2026-ltt/FuseLinker2026/fuselinker/compare_submodules/checkpoints/suppkg/pubmedbert_pretrained_embeddings_768/compare_model/v7/seed_42/metrics.json
Training done!
