Data: /home/anhlq/Documents/2026-ltt/FuseLinker2026/fuselinker/suppkg
Checkpoint: /home/anhlq/Documents/2026-ltt/FuseLinker2026/fuselinker/compare_submodules/checkpoints/suppkg/pubmedbert_pretrained_embeddings_768/compare_model/v7/seed_43/model_state.pth
Hyperparameters | seed=43 fusion=v7 w=0.75 n_hidden=200 num_hidden_layers=2 num_bases=20 dropout=0.2 lr=0.001 reg_param=0.01 iterations=40000 graph_batch_size=250 graph_split_size=0.5 negative_sample=20 eval_protocol=filtered
Loading Pretrained Embeddings files...
Loaded Text Embeddings file successfully!
Loaded Domain Knowledge Embeddings file successfully!
w: 0.75
Data Processing...
# entities: 43474
# relations: 15
# edges: 305986
Loaded pretrained domain embeddings, freeze is False.
Loaded pretrained text embeddings, freeze is False.
Initialized random relation embeddings.
cuda
Task 1 DistMult | Encoder: compare_submodules/model.py
/home/anhlq/Documents/2026-ltt/FuseLinker2026/.venv/lib/python3.10/site-packages/dgl/heterograph.py:92: DGLWarning: Recommend creating graphs by `dgl.graph(data)` instead of `dgl.DGLGraph(data)`.
  dgl_warning(
Start training (masked-entity DistMult)...
/home/anhlq/Documents/2026-ltt/FuseLinker2026/.venv/lib/python3.10/site-packages/dgl/heterograph.py:92: DGLWarning: Recommend creating graphs by `dgl.graph(data)` instead of `dgl.DGLGraph(data)`.
  dgl_warning(
Epoch 1000 | Loss 0.12159
Epoch 2000 | Loss 0.10409
Epoch 3000 | Loss 0.10253
Epoch 4000 | Loss 0.09679
Epoch 5000 | Loss 0.09736
Epoch 6000 | Loss 0.09535
Epoch 7000 | Loss 0.09313
Epoch 8000 | Loss 0.09229
Epoch 9000 | Loss 0.09166
Epoch 10000 | Loss 0.08892
Epoch 11000 | Loss 0.08383
Epoch 12000 | Loss 0.08652
Epoch 13000 | Loss 0.08343
Epoch 14000 | Loss 0.08645
Epoch 15000 | Loss 0.09118
Epoch 16000 | Loss 0.09109
Epoch 17000 | Loss 0.08532
Epoch 18000 | Loss 0.09023
Epoch 19000 | Loss 0.08375
Epoch 20000 | Loss 0.07741
Epoch 21000 | Loss 0.08892
Epoch 22000 | Loss 0.08361
Epoch 23000 | Loss 0.08146
Epoch 24000 | Loss 0.08262
Epoch 25000 | Loss 0.08031
Epoch 26000 | Loss 0.08126
Epoch 27000 | Loss 0.08057
Epoch 28000 | Loss 0.08872
Epoch 29000 | Loss 0.07885
Epoch 30000 | Loss 0.08185
Epoch 31000 | Loss 0.07734
Epoch 32000 | Loss 0.08265
Epoch 33000 | Loss 0.08208
Epoch 34000 | Loss 0.08939
Epoch 35000 | Loss 0.08513
Epoch 36000 | Loss 0.08270
Epoch 37000 | Loss 0.08044
Epoch 38000 | Loss 0.08190
Epoch 39000 | Loss 0.07725
Epoch 40000 | Loss 0.08226
Evaluating TEST: encode on test_graph (FuseLinker original main.py protocol).
13.88948392868042
MR: 3.044593
MRR: 0.719368
Hits @ 1 = 0.603598
Hits @ 3 = 0.796725
Hits @ 10 = 0.941746
AUROC: 0.971047
ROC curve saved: /home/anhlq/Documents/2026-ltt/FuseLinker2026/fuselinker/compare_submodules/checkpoints/suppkg/pubmedbert_pretrained_embeddings_768/compare_model/v7/seed_43/roc_curve.png
Metrics saved: /home/anhlq/Documents/2026-ltt/FuseLinker2026/fuselinker/compare_submodules/checkpoints/suppkg/pubmedbert_pretrained_embeddings_768/compare_model/v7/seed_43/metrics.json
Training done!
