Data: /home/anhlq/Documents/2026-ltt/FuseLinker2026/fuselinker/suppkg
Checkpoint: /home/anhlq/Documents/2026-ltt/FuseLinker2026/fuselinker/compare_submodules/checkpoints/suppkg/pubmedbert_pretrained_embeddings_768/compare_model/v8/seed_42/model_state.pth
Hyperparameters | seed=42 fusion=v8 w=0.75 n_hidden=200 num_hidden_layers=2 num_bases=20 dropout=0.2 lr=0.001 reg_param=0.01 iterations=40000 graph_batch_size=250 graph_split_size=0.5 negative_sample=20 eval_protocol=filtered
Loading Pretrained Embeddings files...
Loaded Text Embeddings file successfully!
Loaded Domain Knowledge Embeddings file successfully!
w: 0.75
Data Processing...
# entities: 43474
# relations: 15
# edges: 305986
Loaded pretrained domain embeddings, freeze is False.
Loaded pretrained text embeddings, freeze is False.
Initialized random relation embeddings.
cuda
Task 1 DistMult | Encoder: compare_submodules/model.py
/home/anhlq/Documents/2026-ltt/FuseLinker2026/.venv/lib/python3.10/site-packages/dgl/heterograph.py:92: DGLWarning: Recommend creating graphs by `dgl.graph(data)` instead of `dgl.DGLGraph(data)`.
  dgl_warning(
Start training (masked-entity DistMult)...
/home/anhlq/Documents/2026-ltt/FuseLinker2026/.venv/lib/python3.10/site-packages/dgl/heterograph.py:92: DGLWarning: Recommend creating graphs by `dgl.graph(data)` instead of `dgl.DGLGraph(data)`.
  dgl_warning(
Epoch 1000 | Loss 0.12212
Epoch 2000 | Loss 0.11595
Epoch 3000 | Loss 0.09998
Epoch 4000 | Loss 0.10212
Epoch 5000 | Loss 0.09843
Epoch 6000 | Loss 0.09970
Epoch 7000 | Loss 0.08923
Epoch 8000 | Loss 0.09291
Epoch 9000 | Loss 0.09817
Epoch 10000 | Loss 0.08771
Epoch 11000 | Loss 0.08703
Epoch 12000 | Loss 0.08838
Epoch 13000 | Loss 0.09413
Epoch 14000 | Loss 0.08791
Epoch 15000 | Loss 0.08676
Epoch 16000 | Loss 0.08904
Epoch 17000 | Loss 0.08523
Epoch 18000 | Loss 0.08171
Epoch 19000 | Loss 0.09461
Epoch 20000 | Loss 0.08219
Epoch 21000 | Loss 0.08067
Epoch 22000 | Loss 0.08447
Epoch 23000 | Loss 0.08002
Epoch 24000 | Loss 0.07606
Epoch 25000 | Loss 0.07922
Epoch 26000 | Loss 0.07959
Epoch 27000 | Loss 0.08059
Epoch 28000 | Loss 0.07587
Epoch 29000 | Loss 0.07882
Epoch 30000 | Loss 0.07593
Epoch 31000 | Loss 0.07960
Epoch 32000 | Loss 0.07867
Epoch 33000 | Loss 0.07532
Epoch 34000 | Loss 0.07773
Epoch 35000 | Loss 0.07687
Epoch 36000 | Loss 0.08547
Epoch 37000 | Loss 0.08163
Epoch 38000 | Loss 0.07434
Epoch 39000 | Loss 0.08645
Epoch 40000 | Loss 0.07656
Evaluating TEST: encode on test_graph (FuseLinker original main.py protocol).
13.917073011398315
MR: 2.913151
MRR: 0.719553
Hits @ 1 = 0.600788
Hits @ 3 = 0.800712
Hits @ 10 = 0.947858
AUROC: 0.974670
ROC curve saved: /home/anhlq/Documents/2026-ltt/FuseLinker2026/fuselinker/compare_submodules/checkpoints/suppkg/pubmedbert_pretrained_embeddings_768/compare_model/v8/seed_42/roc_curve.png
Metrics saved: /home/anhlq/Documents/2026-ltt/FuseLinker2026/fuselinker/compare_submodules/checkpoints/suppkg/pubmedbert_pretrained_embeddings_768/compare_model/v8/seed_42/metrics.json
Training done!
