Data: /home/anhlq/Documents/2026-ltt/FuseLinker2026/fuselinker/suppkg
Checkpoint: /home/anhlq/Documents/2026-ltt/FuseLinker2026/fuselinker/compare_submodules/checkpoints/suppkg/pubmedbert_pretrained_embeddings_768/compare_model/v8/seed_45/model_state.pth
Hyperparameters | seed=45 fusion=v8 w=0.75 n_hidden=200 num_hidden_layers=2 num_bases=20 dropout=0.2 lr=0.001 reg_param=0.01 iterations=40000 graph_batch_size=250 graph_split_size=0.5 negative_sample=20 eval_protocol=filtered
Loading Pretrained Embeddings files...
Loaded Text Embeddings file successfully!
Loaded Domain Knowledge Embeddings file successfully!
w: 0.75
Data Processing...
# entities: 43474
# relations: 15
# edges: 305986
Loaded pretrained domain embeddings, freeze is False.
Loaded pretrained text embeddings, freeze is False.
Initialized random relation embeddings.
cuda
Task 1 DistMult | Encoder: compare_submodules/model.py
/home/anhlq/Documents/2026-ltt/FuseLinker2026/.venv/lib/python3.10/site-packages/dgl/heterograph.py:92: DGLWarning: Recommend creating graphs by `dgl.graph(data)` instead of `dgl.DGLGraph(data)`.
  dgl_warning(
Start training (masked-entity DistMult)...
/home/anhlq/Documents/2026-ltt/FuseLinker2026/.venv/lib/python3.10/site-packages/dgl/heterograph.py:92: DGLWarning: Recommend creating graphs by `dgl.graph(data)` instead of `dgl.DGLGraph(data)`.
  dgl_warning(
Epoch 1000 | Loss 0.12485
Epoch 2000 | Loss 0.10607
Epoch 3000 | Loss 0.10254
Epoch 4000 | Loss 0.10242
Epoch 5000 | Loss 0.09379
Epoch 6000 | Loss 0.09710
Epoch 7000 | Loss 0.08932
Epoch 8000 | Loss 0.09581
Epoch 9000 | Loss 0.08704
Epoch 10000 | Loss 0.08936
Epoch 11000 | Loss 0.09514
Epoch 12000 | Loss 0.08699
Epoch 13000 | Loss 0.08445
Epoch 14000 | Loss 0.09135
Epoch 15000 | Loss 0.08650
Epoch 16000 | Loss 0.08372
Epoch 17000 | Loss 0.08454
Epoch 18000 | Loss 0.08930
Epoch 19000 | Loss 0.08142
Epoch 20000 | Loss 0.08469
Epoch 21000 | Loss 0.08750
Epoch 22000 | Loss 0.09072
Epoch 23000 | Loss 0.07611
Epoch 24000 | Loss 0.08273
Epoch 25000 | Loss 0.07868
Epoch 26000 | Loss 0.08187
Epoch 27000 | Loss 0.08759
Epoch 28000 | Loss 0.07554
Epoch 29000 | Loss 0.07974
Epoch 30000 | Loss 0.08324
Epoch 31000 | Loss 0.08337
Epoch 32000 | Loss 0.07871
Epoch 33000 | Loss 0.08256
Epoch 34000 | Loss 0.07894
Epoch 35000 | Loss 0.08003
Epoch 36000 | Loss 0.07850
Epoch 37000 | Loss 0.07911
Epoch 38000 | Loss 0.08081
Epoch 39000 | Loss 0.07979
Epoch 40000 | Loss 0.07892
Evaluating TEST: encode on test_graph (FuseLinker original main.py protocol).
13.70679259300232
MR: 3.370894
MRR: 0.692641
Hits @ 1 = 0.571930
Hits @ 3 = 0.770385
Hits @ 10 = 0.930717
AUROC: 0.965439
ROC curve saved: /home/anhlq/Documents/2026-ltt/FuseLinker2026/fuselinker/compare_submodules/checkpoints/suppkg/pubmedbert_pretrained_embeddings_768/compare_model/v8/seed_45/roc_curve.png
Metrics saved: /home/anhlq/Documents/2026-ltt/FuseLinker2026/fuselinker/compare_submodules/checkpoints/suppkg/pubmedbert_pretrained_embeddings_768/compare_model/v8/seed_45/metrics.json
Training done!
