Data: /home/anhlq/Documents/2026-ltt/FuseLinker2026/fuselinker/suppkg
Checkpoint: /home/anhlq/Documents/2026-ltt/FuseLinker2026/fuselinker/compare_submodules/checkpoints/suppkg/pubmedbert_pretrained_embeddings_768/compare_model/v8/seed_43/model_state.pth
Hyperparameters | seed=43 fusion=v8 w=0.75 n_hidden=200 num_hidden_layers=2 num_bases=20 dropout=0.2 lr=0.001 reg_param=0.01 iterations=40000 graph_batch_size=250 graph_split_size=0.5 negative_sample=20 eval_protocol=filtered
Loading Pretrained Embeddings files...
Loaded Text Embeddings file successfully!
Loaded Domain Knowledge Embeddings file successfully!
w: 0.75
Data Processing...
# entities: 43474
# relations: 15
# edges: 305986
Loaded pretrained domain embeddings, freeze is False.
Loaded pretrained text embeddings, freeze is False.
Initialized random relation embeddings.
cuda
Task 1 DistMult | Encoder: compare_submodules/model.py
/home/anhlq/Documents/2026-ltt/FuseLinker2026/.venv/lib/python3.10/site-packages/dgl/heterograph.py:92: DGLWarning: Recommend creating graphs by `dgl.graph(data)` instead of `dgl.DGLGraph(data)`.
  dgl_warning(
Start training (masked-entity DistMult)...
/home/anhlq/Documents/2026-ltt/FuseLinker2026/.venv/lib/python3.10/site-packages/dgl/heterograph.py:92: DGLWarning: Recommend creating graphs by `dgl.graph(data)` instead of `dgl.DGLGraph(data)`.
  dgl_warning(
Epoch 1000 | Loss 0.12831
Epoch 2000 | Loss 0.10352
Epoch 3000 | Loss 0.10267
Epoch 4000 | Loss 0.09362
Epoch 5000 | Loss 0.10103
Epoch 6000 | Loss 0.09859
Epoch 7000 | Loss 0.09321
Epoch 8000 | Loss 0.09541
Epoch 9000 | Loss 0.09594
Epoch 10000 | Loss 0.08907
Epoch 11000 | Loss 0.08392
Epoch 12000 | Loss 0.08716
Epoch 13000 | Loss 0.08436
Epoch 14000 | Loss 0.08590
Epoch 15000 | Loss 0.08828
Epoch 16000 | Loss 0.08665
Epoch 17000 | Loss 0.08193
Epoch 18000 | Loss 0.08714
Epoch 19000 | Loss 0.08066
Epoch 20000 | Loss 0.08148
Epoch 21000 | Loss 0.08493
Epoch 22000 | Loss 0.08248
Epoch 23000 | Loss 0.08187
Epoch 24000 | Loss 0.08127
Epoch 25000 | Loss 0.08023
Epoch 26000 | Loss 0.08373
Epoch 27000 | Loss 0.07880
Epoch 28000 | Loss 0.08613
Epoch 29000 | Loss 0.07645
Epoch 30000 | Loss 0.08234
Epoch 31000 | Loss 0.07536
Epoch 32000 | Loss 0.08770
Epoch 33000 | Loss 0.08186
Epoch 34000 | Loss 0.08742
Epoch 35000 | Loss 0.08591
Epoch 36000 | Loss 0.08502
Epoch 37000 | Loss 0.07932
Epoch 38000 | Loss 0.08336
Epoch 39000 | Loss 0.07651
Epoch 40000 | Loss 0.08099
Evaluating TEST: encode on test_graph (FuseLinker original main.py protocol).
13.81536602973938
MR: 3.248554
MRR: 0.698301
Hits @ 1 = 0.577257
Hits @ 3 = 0.777689
Hits @ 10 = 0.934982
AUROC: 0.967734
ROC curve saved: /home/anhlq/Documents/2026-ltt/FuseLinker2026/fuselinker/compare_submodules/checkpoints/suppkg/pubmedbert_pretrained_embeddings_768/compare_model/v8/seed_43/roc_curve.png
Metrics saved: /home/anhlq/Documents/2026-ltt/FuseLinker2026/fuselinker/compare_submodules/checkpoints/suppkg/pubmedbert_pretrained_embeddings_768/compare_model/v8/seed_43/metrics.json
Training done!
