Data: /home/anhlq/Documents/2026-ltt/FuseLinker2026/fuselinker/suppkg
Checkpoint: /home/anhlq/Documents/2026-ltt/FuseLinker2026/fuselinker/compare_submodules/checkpoints/suppkg/pubmedbert_pretrained_embeddings_768/compare_model/v8/seed_44/model_state.pth
Hyperparameters | seed=44 fusion=v8 w=0.75 n_hidden=200 num_hidden_layers=2 num_bases=20 dropout=0.2 lr=0.001 reg_param=0.01 iterations=40000 graph_batch_size=250 graph_split_size=0.5 negative_sample=20 eval_protocol=filtered
Loading Pretrained Embeddings files...
Loaded Text Embeddings file successfully!
Loaded Domain Knowledge Embeddings file successfully!
w: 0.75
Data Processing...
# entities: 43474
# relations: 15
# edges: 305986
Loaded pretrained domain embeddings, freeze is False.
Loaded pretrained text embeddings, freeze is False.
Initialized random relation embeddings.
cuda
Task 1 DistMult | Encoder: compare_submodules/model.py
/home/anhlq/Documents/2026-ltt/FuseLinker2026/.venv/lib/python3.10/site-packages/dgl/heterograph.py:92: DGLWarning: Recommend creating graphs by `dgl.graph(data)` instead of `dgl.DGLGraph(data)`.
  dgl_warning(
Start training (masked-entity DistMult)...
/home/anhlq/Documents/2026-ltt/FuseLinker2026/.venv/lib/python3.10/site-packages/dgl/heterograph.py:92: DGLWarning: Recommend creating graphs by `dgl.graph(data)` instead of `dgl.DGLGraph(data)`.
  dgl_warning(
Epoch 1000 | Loss 0.12045
Epoch 2000 | Loss 0.10073
Epoch 3000 | Loss 0.09701
Epoch 4000 | Loss 0.10195
Epoch 5000 | Loss 0.09658
Epoch 6000 | Loss 0.09716
Epoch 7000 | Loss 0.10123
Epoch 8000 | Loss 0.09149
Epoch 9000 | Loss 0.09681
Epoch 10000 | Loss 0.08923
Epoch 11000 | Loss 0.08635
Epoch 12000 | Loss 0.09259
Epoch 13000 | Loss 0.08952
Epoch 14000 | Loss 0.08066
Epoch 15000 | Loss 0.07872
Epoch 16000 | Loss 0.08624
Epoch 17000 | Loss 0.08714
Epoch 18000 | Loss 0.08838
Epoch 19000 | Loss 0.08464
Epoch 20000 | Loss 0.08434
Epoch 21000 | Loss 0.07864
Epoch 22000 | Loss 0.07855
Epoch 23000 | Loss 0.08772
Epoch 24000 | Loss 0.08715
Epoch 25000 | Loss 0.08867
Epoch 26000 | Loss 0.08074
Epoch 27000 | Loss 0.08446
Epoch 28000 | Loss 0.07949
Epoch 29000 | Loss 0.08049
Epoch 30000 | Loss 0.08356
Epoch 31000 | Loss 0.08522
Epoch 32000 | Loss 0.08360
Epoch 33000 | Loss 0.07728
Epoch 34000 | Loss 0.08164
Epoch 35000 | Loss 0.07555
Epoch 36000 | Loss 0.08009
Epoch 37000 | Loss 0.08371
Epoch 38000 | Loss 0.08766
Epoch 39000 | Loss 0.08245
Epoch 40000 | Loss 0.07164
Evaluating TEST: encode on test_graph (FuseLinker original main.py protocol).
14.082340955734253
MR: 3.165496
MRR: 0.705685
Hits @ 1 = 0.585575
Hits @ 3 = 0.784895
Hits @ 10 = 0.938037
AUROC: 0.974780
ROC curve saved: /home/anhlq/Documents/2026-ltt/FuseLinker2026/fuselinker/compare_submodules/checkpoints/suppkg/pubmedbert_pretrained_embeddings_768/compare_model/v8/seed_44/roc_curve.png
Metrics saved: /home/anhlq/Documents/2026-ltt/FuseLinker2026/fuselinker/compare_submodules/checkpoints/suppkg/pubmedbert_pretrained_embeddings_768/compare_model/v8/seed_44/metrics.json
Training done!
