Data: /home/anhlq/Documents/2026-ltt/FuseLinker2026/fuselinker/suppkg
Checkpoint: /home/anhlq/Documents/2026-ltt/FuseLinker2026/fuselinker/compare_submodules/checkpoints/suppkg/pubmedbert_pretrained_embeddings_768/compare_model/v9/seed_42/model_state.pth
Hyperparameters | seed=42 fusion=v9 w=0.75 n_hidden=200 num_hidden_layers=2 num_bases=20 dropout=0.2 lr=0.001 reg_param=0.01 iterations=40000 graph_batch_size=250 graph_split_size=0.5 negative_sample=20 eval_protocol=filtered
Loading Pretrained Embeddings files...
Loaded Text Embeddings file successfully!
Loaded Domain Knowledge Embeddings file successfully!
w: 0.75
Data Processing...
# entities: 43474
# relations: 15
# edges: 305986
Loaded pretrained domain embeddings, freeze is False.
Loaded pretrained text embeddings, freeze is False.
Initialized random relation embeddings.
cuda
Task 1 DistMult | Encoder: compare_submodules/model.py
/home/anhlq/Documents/2026-ltt/FuseLinker2026/.venv/lib/python3.10/site-packages/dgl/heterograph.py:92: DGLWarning: Recommend creating graphs by `dgl.graph(data)` instead of `dgl.DGLGraph(data)`.
  dgl_warning(
Start training (masked-entity DistMult)...
/home/anhlq/Documents/2026-ltt/FuseLinker2026/.venv/lib/python3.10/site-packages/dgl/heterograph.py:92: DGLWarning: Recommend creating graphs by `dgl.graph(data)` instead of `dgl.DGLGraph(data)`.
  dgl_warning(
Epoch 1000 | Loss 0.12237
Epoch 2000 | Loss 0.11868
Epoch 3000 | Loss 0.10184
Epoch 4000 | Loss 0.09803
Epoch 5000 | Loss 0.09601
Epoch 6000 | Loss 0.09882
Epoch 7000 | Loss 0.09063
Epoch 8000 | Loss 0.09542
Epoch 9000 | Loss 0.09429
Epoch 10000 | Loss 0.08844
Epoch 11000 | Loss 0.08521
Epoch 12000 | Loss 0.08968
Epoch 13000 | Loss 0.09770
Epoch 14000 | Loss 0.08986
Epoch 15000 | Loss 0.08598
Epoch 16000 | Loss 0.08825
Epoch 17000 | Loss 0.08639
Epoch 18000 | Loss 0.07747
Epoch 19000 | Loss 0.09829
Epoch 20000 | Loss 0.08373
Epoch 21000 | Loss 0.08369
Epoch 22000 | Loss 0.08006
Epoch 23000 | Loss 0.08127
Epoch 24000 | Loss 0.07517
Epoch 25000 | Loss 0.08405
Epoch 26000 | Loss 0.07950
Epoch 27000 | Loss 0.08170
Epoch 28000 | Loss 0.07944
Epoch 29000 | Loss 0.08155
Epoch 30000 | Loss 0.07281
Epoch 31000 | Loss 0.07675
Epoch 32000 | Loss 0.08057
Epoch 33000 | Loss 0.07582
Epoch 34000 | Loss 0.08129
Epoch 35000 | Loss 0.07841
Epoch 36000 | Loss 0.08162
Epoch 37000 | Loss 0.08237
Epoch 38000 | Loss 0.07587
Epoch 39000 | Loss 0.08282
Epoch 40000 | Loss 0.07719
Evaluating TEST: encode on test_graph (FuseLinker original main.py protocol).
17.332552194595337
MR: 3.041897
MRR: 0.713333
Hits @ 1 = 0.593483
Hits @ 3 = 0.793800
Hits @ 10 = 0.943952
AUROC: 0.973926
ROC curve saved: /home/anhlq/Documents/2026-ltt/FuseLinker2026/fuselinker/compare_submodules/checkpoints/suppkg/pubmedbert_pretrained_embeddings_768/compare_model/v9/seed_42/roc_curve.png
Metrics saved: /home/anhlq/Documents/2026-ltt/FuseLinker2026/fuselinker/compare_submodules/checkpoints/suppkg/pubmedbert_pretrained_embeddings_768/compare_model/v9/seed_42/metrics.json
Training done!
