Data: /home/anhlq/Documents/2026-ltt/FuseLinker2026/fuselinker/suppkg
Checkpoint: /home/anhlq/Documents/2026-ltt/FuseLinker2026/fuselinker/compare_submodules/checkpoints/suppkg/pubmedbert_pretrained_embeddings_768/compare_model/v9/seed_45/model_state.pth
Hyperparameters | seed=45 fusion=v9 w=0.75 n_hidden=200 num_hidden_layers=2 num_bases=20 dropout=0.2 lr=0.001 reg_param=0.01 iterations=40000 graph_batch_size=250 graph_split_size=0.5 negative_sample=20 eval_protocol=filtered
Loading Pretrained Embeddings files...
Loaded Text Embeddings file successfully!
Loaded Domain Knowledge Embeddings file successfully!
w: 0.75
Data Processing...
# entities: 43474
# relations: 15
# edges: 305986
Loaded pretrained domain embeddings, freeze is False.
Loaded pretrained text embeddings, freeze is False.
Initialized random relation embeddings.
cuda
Task 1 DistMult | Encoder: compare_submodules/model.py
/home/anhlq/Documents/2026-ltt/FuseLinker2026/.venv/lib/python3.10/site-packages/dgl/heterograph.py:92: DGLWarning: Recommend creating graphs by `dgl.graph(data)` instead of `dgl.DGLGraph(data)`.
  dgl_warning(
Start training (masked-entity DistMult)...
/home/anhlq/Documents/2026-ltt/FuseLinker2026/.venv/lib/python3.10/site-packages/dgl/heterograph.py:92: DGLWarning: Recommend creating graphs by `dgl.graph(data)` instead of `dgl.DGLGraph(data)`.
  dgl_warning(
Epoch 1000 | Loss 0.12389
Epoch 2000 | Loss 0.10552
Epoch 3000 | Loss 0.10024
Epoch 4000 | Loss 0.10152
Epoch 5000 | Loss 0.09379
Epoch 6000 | Loss 0.09659
Epoch 7000 | Loss 0.09022
Epoch 8000 | Loss 0.09435
Epoch 9000 | Loss 0.08667
Epoch 10000 | Loss 0.09110
Epoch 11000 | Loss 0.09656
Epoch 12000 | Loss 0.08787
Epoch 13000 | Loss 0.08752
Epoch 14000 | Loss 0.08821
Epoch 15000 | Loss 0.08673
Epoch 16000 | Loss 0.08514
Epoch 17000 | Loss 0.08587
Epoch 18000 | Loss 0.08581
Epoch 19000 | Loss 0.08309
Epoch 20000 | Loss 0.08455
Epoch 21000 | Loss 0.08977
Epoch 22000 | Loss 0.08767
Epoch 23000 | Loss 0.08212
Epoch 24000 | Loss 0.08124
Epoch 25000 | Loss 0.07733
Epoch 26000 | Loss 0.08291
Epoch 27000 | Loss 0.08694
Epoch 28000 | Loss 0.07481
Epoch 29000 | Loss 0.07833
Epoch 30000 | Loss 0.07833
Epoch 31000 | Loss 0.08555
Epoch 32000 | Loss 0.07395
Epoch 33000 | Loss 0.07857
Epoch 34000 | Loss 0.08370
Epoch 35000 | Loss 0.07553
Epoch 36000 | Loss 0.08072
Epoch 37000 | Loss 0.07838
Epoch 38000 | Loss 0.07905
Epoch 39000 | Loss 0.07504
Epoch 40000 | Loss 0.07424
Evaluating TEST: encode on test_graph (FuseLinker original main.py protocol).
13.79916262626648
MR: 3.233619
MRR: 0.706695
Hits @ 1 = 0.590248
Hits @ 3 = 0.781839
Hits @ 10 = 0.935815
AUROC: 0.967638
ROC curve saved: /home/anhlq/Documents/2026-ltt/FuseLinker2026/fuselinker/compare_submodules/checkpoints/suppkg/pubmedbert_pretrained_embeddings_768/compare_model/v9/seed_45/roc_curve.png
Metrics saved: /home/anhlq/Documents/2026-ltt/FuseLinker2026/fuselinker/compare_submodules/checkpoints/suppkg/pubmedbert_pretrained_embeddings_768/compare_model/v9/seed_45/metrics.json
Training done!
