Data: /home/anhlq/Documents/2026-ltt/FuseLinker2026/fuselinker/suppkg
Checkpoint: /home/anhlq/Documents/2026-ltt/FuseLinker2026/fuselinker/compare_submodules/checkpoints/suppkg/pubmedbert_pretrained_embeddings_768/compare_model/v9/seed_43/model_state.pth
Hyperparameters | seed=43 fusion=v9 w=0.75 n_hidden=200 num_hidden_layers=2 num_bases=20 dropout=0.2 lr=0.001 reg_param=0.01 iterations=40000 graph_batch_size=250 graph_split_size=0.5 negative_sample=20 eval_protocol=filtered
Loading Pretrained Embeddings files...
Loaded Text Embeddings file successfully!
Loaded Domain Knowledge Embeddings file successfully!
w: 0.75
Data Processing...
# entities: 43474
# relations: 15
# edges: 305986
Loaded pretrained domain embeddings, freeze is False.
Loaded pretrained text embeddings, freeze is False.
Initialized random relation embeddings.
cuda
Task 1 DistMult | Encoder: compare_submodules/model.py
/home/anhlq/Documents/2026-ltt/FuseLinker2026/.venv/lib/python3.10/site-packages/dgl/heterograph.py:92: DGLWarning: Recommend creating graphs by `dgl.graph(data)` instead of `dgl.DGLGraph(data)`.
  dgl_warning(
Start training (masked-entity DistMult)...
/home/anhlq/Documents/2026-ltt/FuseLinker2026/.venv/lib/python3.10/site-packages/dgl/heterograph.py:92: DGLWarning: Recommend creating graphs by `dgl.graph(data)` instead of `dgl.DGLGraph(data)`.
  dgl_warning(
Epoch 1000 | Loss 0.12544
Epoch 2000 | Loss 0.10560
Epoch 3000 | Loss 0.10276
Epoch 4000 | Loss 0.09940
Epoch 5000 | Loss 0.10166
Epoch 6000 | Loss 0.10041
Epoch 7000 | Loss 0.09619
Epoch 8000 | Loss 0.09565
Epoch 9000 | Loss 0.09423
Epoch 10000 | Loss 0.09473
Epoch 11000 | Loss 0.08662
Epoch 12000 | Loss 0.08862
Epoch 13000 | Loss 0.08358
Epoch 14000 | Loss 0.08872
Epoch 15000 | Loss 0.09363
Epoch 16000 | Loss 0.08657
Epoch 17000 | Loss 0.08553
Epoch 18000 | Loss 0.08927
Epoch 19000 | Loss 0.08347
Epoch 20000 | Loss 0.08070
Epoch 21000 | Loss 0.08545
Epoch 22000 | Loss 0.08102
Epoch 23000 | Loss 0.08325
Epoch 24000 | Loss 0.08132
Epoch 25000 | Loss 0.08453
Epoch 26000 | Loss 0.08278
Epoch 27000 | Loss 0.07900
Epoch 28000 | Loss 0.08924
Epoch 29000 | Loss 0.08015
Epoch 30000 | Loss 0.08591
Epoch 31000 | Loss 0.07321
Epoch 32000 | Loss 0.08639
Epoch 33000 | Loss 0.08333
Epoch 34000 | Loss 0.08906
Epoch 35000 | Loss 0.08463
Epoch 36000 | Loss 0.08066
Epoch 37000 | Loss 0.08081
Epoch 38000 | Loss 0.08287
Epoch 39000 | Loss 0.07915
Epoch 40000 | Loss 0.08741
Evaluating TEST: encode on test_graph (FuseLinker original main.py protocol).
13.686004400253296
MR: 3.268816
MRR: 0.697957
Hits @ 1 = 0.577601
Hits @ 3 = 0.774698
Hits @ 10 = 0.935374
AUROC: 0.967895
ROC curve saved: /home/anhlq/Documents/2026-ltt/FuseLinker2026/fuselinker/compare_submodules/checkpoints/suppkg/pubmedbert_pretrained_embeddings_768/compare_model/v9/seed_43/roc_curve.png
Metrics saved: /home/anhlq/Documents/2026-ltt/FuseLinker2026/fuselinker/compare_submodules/checkpoints/suppkg/pubmedbert_pretrained_embeddings_768/compare_model/v9/seed_43/metrics.json
Training done!
