Data: /home/anhlq/Documents/2026-ltt/FuseLinker2026/fuselinker/suppkg
Checkpoint: /home/anhlq/Documents/2026-ltt/FuseLinker2026/fuselinker/compare_submodules/checkpoints/suppkg/pubmedbert_pretrained_embeddings_768/compare_model/v9/seed_46/model_state.pth
Hyperparameters | seed=46 fusion=v9 w=0.75 n_hidden=200 num_hidden_layers=2 num_bases=20 dropout=0.2 lr=0.001 reg_param=0.01 iterations=40000 graph_batch_size=250 graph_split_size=0.5 negative_sample=20 eval_protocol=filtered
Loading Pretrained Embeddings files...
Loaded Text Embeddings file successfully!
Loaded Domain Knowledge Embeddings file successfully!
w: 0.75
Data Processing...
# entities: 43474
# relations: 15
# edges: 305986
Loaded pretrained domain embeddings, freeze is False.
Loaded pretrained text embeddings, freeze is False.
Initialized random relation embeddings.
cuda
Task 1 DistMult | Encoder: compare_submodules/model.py
/home/anhlq/Documents/2026-ltt/FuseLinker2026/.venv/lib/python3.10/site-packages/dgl/heterograph.py:92: DGLWarning: Recommend creating graphs by `dgl.graph(data)` instead of `dgl.DGLGraph(data)`.
  dgl_warning(
Start training (masked-entity DistMult)...
/home/anhlq/Documents/2026-ltt/FuseLinker2026/.venv/lib/python3.10/site-packages/dgl/heterograph.py:92: DGLWarning: Recommend creating graphs by `dgl.graph(data)` instead of `dgl.DGLGraph(data)`.
  dgl_warning(
Epoch 1000 | Loss 0.11952
Epoch 2000 | Loss 0.11463
Epoch 3000 | Loss 0.10014
Epoch 4000 | Loss 0.10211
Epoch 5000 | Loss 0.09403
Epoch 6000 | Loss 0.09694
Epoch 7000 | Loss 0.09109
Epoch 8000 | Loss 0.09426
Epoch 9000 | Loss 0.09243
Epoch 10000 | Loss 0.09117
Epoch 11000 | Loss 0.09368
Epoch 12000 | Loss 0.08921
Epoch 13000 | Loss 0.09440
Epoch 14000 | Loss 0.08693
Epoch 15000 | Loss 0.08563
Epoch 16000 | Loss 0.08958
Epoch 17000 | Loss 0.09035
Epoch 18000 | Loss 0.08353
Epoch 19000 | Loss 0.08236
Epoch 20000 | Loss 0.07828
Epoch 21000 | Loss 0.08741
Epoch 22000 | Loss 0.08803
Epoch 23000 | Loss 0.08864
Epoch 24000 | Loss 0.08390
Epoch 25000 | Loss 0.08429
Epoch 26000 | Loss 0.08321
Epoch 27000 | Loss 0.08023
Epoch 28000 | Loss 0.08038
Epoch 29000 | Loss 0.08200
Epoch 30000 | Loss 0.07763
Epoch 31000 | Loss 0.08494
Epoch 32000 | Loss 0.08243
Epoch 33000 | Loss 0.07965
Epoch 34000 | Loss 0.08051
Epoch 35000 | Loss 0.07811
Epoch 36000 | Loss 0.08663
Epoch 37000 | Loss 0.08147
Epoch 38000 | Loss 0.08035
Epoch 39000 | Loss 0.08256
Epoch 40000 | Loss 0.07370
Evaluating TEST: encode on test_graph (FuseLinker original main.py protocol).
13.63577151298523
MR: 3.327233
MRR: 0.693825
Hits @ 1 = 0.572274
Hits @ 3 = 0.771332
Hits @ 10 = 0.934017
AUROC: 0.968144
ROC curve saved: /home/anhlq/Documents/2026-ltt/FuseLinker2026/fuselinker/compare_submodules/checkpoints/suppkg/pubmedbert_pretrained_embeddings_768/compare_model/v9/seed_46/roc_curve.png
Metrics saved: /home/anhlq/Documents/2026-ltt/FuseLinker2026/fuselinker/compare_submodules/checkpoints/suppkg/pubmedbert_pretrained_embeddings_768/compare_model/v9/seed_46/metrics.json
Training done!
